R 4 SUCCESS
R 5 SUCCESS
R 6 SUCCESS
R 7 SUCCESS
R 8 SUCCESS
R 9 SUCCESS
R 10 SUCCESS
R 11 SUCCESS
R 12 SUCCESS
R 13 SUCCESS
R 14 SUCCESS
R 15 SUCCESS
R 16 SUCCESS
R 17 SUCCESS
R 18 SUCCESS
R 19 SUCCESS
R 20 SUCCESS
R 21 SUCCESS
R 22 SUCCESS
R 23 SUCCESS
R 24 SUCCESS
R 25 SUCCESS
R 26 SUCCESS
R 27 SUCCESS
R 28 SUCCESS
R 29 SUCCESS
R 30 SUCCESS
R 31 SUCCESS
R 32 SUCCESS
R 33 SUCCESS
R 34 SUCCESS
R 35 SUCCESS
R 36 SUCCESS
R 37 SUCCESS
R 38 SUCCESS
R 39 SUCCESS
R 40 SUCCESS
R 41 SUCCESS
R 42 SUCCESS
R 43 SUCCESS
R 44 SUCCESS
R 45 SUCCESS
R 46 SUCCESS
R 47 SUCCESS
R 48 SUCCESS
R 49 SUCCESS
R 50 SUCCESS
R 51 SUCCESS
R 52 SUCCESS
R 53 SUCCESS
R 54 SUCCESS
R 55 SUCCESS
R 56 SUCCESS
R 57 SUCCESS
R 58 SUCCESS
R 59 SUCCESS
R 60 SUCCESS
R 61 SUCCESS
R 62 SUCCESS
R 63 SUCCESS
R 64 SUCCESS
R 65 SUCCESS
R 66 SUCCESS
R 67 SUCCESS
R 68 SUCCESS
R 69 SUCCESS
R 70 SUCCESS
R 71 SUCCESS
R 72 SUCCESS
R 73 SUCCESS
R 74 SUCCESS
R 75 SUCCESS
R 76 SUCCESS
R 77 SUCCESS
R 78 SUCCESS
R 79 SUCCESS
R 80 SUCCESS
R 81 SUCCESS
R 82 SUCCESS
R 83 SUCCESS
R 84 SUCCESS
R 85 SUCCESS
R 86 SUCCESS
R 87 SUCCESS
R 88 SUCCESS
R 89 SUCCESS
R 90 SUCCESS
R 91 SUCCESS
R 92 SUCCESS
R 93 SUCCESS
R 94 SUCCESS
R 95 SUCCESS
R 96 SUCCESS
R 97 SUCCESS
R 98 SUCCESS
R 99 SUCCESS
R 100 SUCCESS
R 101 SUCCESS
R 102 SUCCESS
R 103 SUCCESS
R 104 SUCCESS
R 105 SUCCESS
R 106 SUCCESS
R 107 SUCCESS
R 108 SUCCESS
R 109 SUCCESS
R 110 SUCCESS
R 111 SUCCESS
R 112 SUCCESS
R 113 SUCCESS
R 114 SUCCESS
R 115 SUCCESS
R 116 SUCCESS
R 117 SUCCESS
STATE
A 1 2 99992430
A 2 2 100003329
A 3 2 100003177
A 4 2 100001064
EVENTS
FE CLOSE_POSITION uid=1 cur=2 free=100000298 locked=20
FE CLOSE_POSITION uid=1 cur=2 free=100000318 locked=0
FE CLOSE_POSITION uid=1 cur=2 free=99998119 locked=20
FE CLOSE_POSITION uid=1 cur=2 free=99998139 locked=0
FE CLOSE_POSITION uid=2 cur=2 free=100002530 locked=0
FE CLOSE_POSITION uid=2 cur=2 free=100002530 locked=0
FE CLOSE_POSITION uid=2 cur=2 free=100002865 locked=0
FE CLOSE_POSITION uid=2 cur=2 free=100003270 locked=70
FE CLOSE_POSITION uid=2 cur=2 free=100003290 locked=50
FE CLOSE_POSITION uid=2 cur=2 free=100004432 locked=20
FE CLOSE_POSITION uid=2 cur=2 free=100004452 locked=0
FE CLOSE_POSITION uid=2 cur=2 free=100006186 locked=0
FE CLOSE_POSITION uid=2 cur=2 free=99999424 locked=20
FE CLOSE_POSITION uid=2 cur=2 free=99999586 locked=20
FE CLOSE_POSITION uid=2 cur=2 free=99999606 locked=0
FE CLOSE_POSITION uid=2 cur=2 free=99999606 locked=0
FE CLOSE_POSITION uid=3 cur=2 free=100000302 locked=0
FE CLOSE_POSITION uid=3 cur=2 free=100002403 locked=0
FE CLOSE_POSITION uid=3 cur=2 free=99995739 locked=0
FE CLOSE_POSITION uid=3 cur=2 free=99996209 locked=10
FE CLOSE_POSITION uid=3 cur=2 free=99996590 locked=70
FE CLOSE_POSITION uid=3 cur=2 free=99996610 locked=50
FE CLOSE_POSITION uid=3 cur=2 free=99996650 locked=10
FE CLOSE_POSITION uid=3 cur=2 free=99999117 locked=80
FE CLOSE_POSITION uid=4 cur=2 free=100000000 locked=0
FE DEPOSIT uid=1 cur=2 free=100000000 locked=0
FE DEPOSIT uid=2 cur=2 free=100000000 locked=0
FE DEPOSIT uid=3 cur=2 free=100000000 locked=0
FE DEPOSIT uid=4 cur=2 free=100000000 locked=0
FE LOCK_PENDING uid=1 cur=2 free=100000239 locked=79
FE LOCK_PENDING uid=1 cur=2 free=100000257 locked=61
FE LOCK_PENDING uid=1 cur=2 free=100000258 locked=60
FE LOCK_PENDING uid=1 cur=2 free=100000280 locked=38
FE LOCK_PENDING uid=1 cur=2 free=99993513 locked=47
FE LOCK_PENDING uid=1 cur=2 free=99995267 locked=40
FE LOCK_PENDING uid=1 cur=2 free=99995762 locked=66
FE LOCK_PENDING uid=1 cur=2 free=99995925 locked=56
FE LOCK_PENDING uid=1 cur=2 free=99996480 locked=59
FE LOCK_PENDING uid=1 cur=2 free=99996545 locked=71
FE LOCK_PENDING uid=1 cur=2 free=99997474 locked=77
FE LOCK_PENDING uid=1 cur=2 free=99997738 locked=19
FE LOCK_PENDING uid=1 cur=2 free=99998075 locked=64
FE LOCK_PENDING uid=1 cur=2 free=99998079 locked=60
FE LOCK_PENDING uid=1 cur=2 free=99998095 locked=44
FE LOCK_PENDING uid=1 cur=2 free=99999755 locked=71
FE LOCK_PENDING uid=1 cur=2 free=99999978 locked=22
FE LOCK_PENDING uid=2 cur=2 free=100000531 locked=66
FE LOCK_PENDING uid=2 cur=2 free=100002474 locked=56
FE LOCK_PENDING uid=2 cur=2 free=100002510 locked=20
FE LOCK_PENDING uid=2 cur=2 free=100002511 locked=19
FE LOCK_PENDING uid=2 cur=2 free=100002835 locked=30
FE LOCK_PENDING uid=2 cur=2 free=100002837 locked=28
FE LOCK_PENDING uid=2 cur=2 free=100003250 locked=90
FE LOCK_PENDING uid=2 cur=2 free=100003251 locked=89
FE LOCK_PENDING uid=2 cur=2 free=100003270 locked=70
FE LOCK_PENDING uid=2 cur=2 free=100003296 locked=44
FE LOCK_PENDING uid=2 cur=2 free=100003563 locked=55
FE LOCK_PENDING uid=2 cur=2 free=100003659 locked=182
FE LOCK_PENDING uid=2 cur=2 free=100003707 locked=134
FE LOCK_PENDING uid=2 cur=2 free=100003764 locked=77
FE LOCK_PENDING uid=2 cur=2 free=100004143 locked=39
FE LOCK_PENDING uid=2 cur=2 free=100004391 locked=61
FE LOCK_PENDING uid=2 cur=2 free=100004392 locked=60
FE LOCK_PENDING uid=2 cur=2 free=100004392 locked=60
FE LOCK_PENDING uid=2 cur=2 free=100004393 locked=59
FE LOCK_PENDING uid=2 cur=2 free=100005364 locked=59
FE LOCK_PENDING uid=2 cur=2 free=100005875 locked=106
FE LOCK_PENDING uid=2 cur=2 free=100005933 locked=48
FE LOCK_PENDING uid=2 cur=2 free=100006135 locked=51
FE LOCK_PENDING uid=2 cur=2 free=100006136 locked=50
FE LOCK_PENDING uid=2 cur=2 free=100006399 locked=91
FE LOCK_PENDING uid=2 cur=2 free=100006450 locked=40
FE LOCK_PENDING uid=2 cur=2 free=99999373 locked=71
FE LOCK_PENDING uid=2 cur=2 free=99999374 locked=70
FE LOCK_PENDING uid=2 cur=2 free=99999542 locked=64
FE LOCK_PENDING uid=2 cur=2 free=99999546 locked=60
FE LOCK_PENDING uid=2 cur=2 free=99999556 locked=50
FE LOCK_PENDING uid=2 cur=2 free=99999562 locked=44
FE LOCK_PENDING uid=2 cur=2 free=99999900 locked=100
FE LOCK_PENDING uid=2 cur=2 free=99999936 locked=64
FE LOCK_PENDING uid=2 cur=2 free=99999978 locked=22
FE LOCK_PENDING uid=3 cur=2 free=100000262 locked=40
FE LOCK_PENDING uid=3 cur=2 free=100000265 locked=37
FE LOCK_PENDING uid=3 cur=2 free=100000831 locked=47
FE LOCK_PENDING uid=3 cur=2 free=100002373 locked=30
FE LOCK_PENDING uid=3 cur=2 free=100002374 locked=29
FE LOCK_PENDING uid=3 cur=2 free=100002483 locked=28
FE LOCK_PENDING uid=3 cur=2 free=99995695 locked=44
FE LOCK_PENDING uid=3 cur=2 free=99995699 locked=40
FE LOCK_PENDING uid=3 cur=2 free=99996016 locked=119
FE LOCK_PENDING uid=3 cur=2 free=99996087 locked=48
FE LOCK_PENDING uid=3 cur=2 free=99996159 locked=60
FE LOCK_PENDING uid=3 cur=2 free=99996160 locked=59
FE LOCK_PENDING uid=3 cur=2 free=99996249 locked=51
FE LOCK_PENDING uid=3 cur=2 free=99996570 locked=90
FE LOCK_PENDING uid=3 cur=2 free=99996571 locked=89
FE LOCK_PENDING uid=3 cur=2 free=99996590 locked=70
FE LOCK_PENDING uid=3 cur=2 free=99996616 locked=44
FE LOCK_PENDING uid=3 cur=2 free=99996619 locked=41
FE LOCK_PENDING uid=3 cur=2 free=99996620 locked=40
FE LOCK_PENDING uid=3 cur=2 free=99997885 locked=55
FE LOCK_PENDING uid=3 cur=2 free=99999085 locked=112
FE LOCK_PENDING uid=3 cur=2 free=99999087 locked=110
FE LOCK_PENDING uid=3 cur=2 free=99999133 locked=64
FE LOCK_PENDING uid=3 cur=2 free=99999900 locked=100
FE LOCK_PENDING uid=3 cur=2 free=99999936 locked=64
FE LOCK_PENDING uid=3 cur=2 free=99999978 locked=22
FE LOCK_PENDING uid=4 cur=2 free=100000920 locked=59
FE LOCK_PENDING uid=4 cur=2 free=100001834 locked=69
FE LOCK_PENDING uid=4 cur=2 free=99999383 locked=28
FE LOCK_PENDING uid=4 cur=2 free=99999447 locked=44
FE LOCK_PENDING uid=4 cur=2 free=99999823 locked=29
FE LOCK_PENDING uid=4 cur=2 free=99999850 locked=21
FE LOCK_PENDING uid=4 cur=2 free=99999970 locked=30
FE LOCK_PENDING uid=4 cur=2 free=99999971 locked=29
FE OPEN_POSITION uid=1 cur=2 free=100000238 locked=80
FE OPEN_POSITION uid=1 cur=2 free=100000258 locked=60
FE OPEN_POSITION uid=1 cur=2 free=100000278 locked=40
FE OPEN_POSITION uid=1 cur=2 free=99993510 locked=50
FE OPEN_POSITION uid=1 cur=2 free=99995267 locked=40
FE OPEN_POSITION uid=1 cur=2 free=99995768 locked=60
FE OPEN_POSITION uid=1 cur=2 free=99995921 locked=60
FE OPEN_POSITION uid=1 cur=2 free=99996479 locked=60
FE OPEN_POSITION uid=1 cur=2 free=99996546 locked=70
FE OPEN_POSITION uid=1 cur=2 free=99997481 locked=70
FE OPEN_POSITION uid=1 cur=2 free=99997737 locked=20
FE OPEN_POSITION uid=1 cur=2 free=99998079 locked=60
FE OPEN_POSITION uid=1 cur=2 free=99998089 locked=50
FE OPEN_POSITION uid=1 cur=2 free=99999756 locked=70
FE OPEN_POSITION uid=1 cur=2 free=99999980 locked=20
FE OPEN_POSITION uid=2 cur=2 free=100000537 locked=60
FE OPEN_POSITION uid=2 cur=2 free=100002480 locked=50
FE OPEN_POSITION uid=2 cur=2 free=100002510 locked=20
FE OPEN_POSITION uid=2 cur=2 free=100002510 locked=20
FE OPEN_POSITION uid=2 cur=2 free=100002835 locked=30
FE OPEN_POSITION uid=2 cur=2 free=100002845 locked=20
FE OPEN_POSITION uid=2 cur=2 free=100003250 locked=90
FE OPEN_POSITION uid=2 cur=2 free=100003300 locked=40
FE OPEN_POSITION uid=2 cur=2 free=100003568 locked=50
FE OPEN_POSITION uid=2 cur=2 free=100003661 locked=180
FE OPEN_POSITION uid=2 cur=2 free=100003701 locked=140
FE OPEN_POSITION uid=2 cur=2 free=100003771 locked=70
FE OPEN_POSITION uid=2 cur=2 free=100004142 locked=40
FE OPEN_POSITION uid=2 cur=2 free=100004392 locked=60
FE OPEN_POSITION uid=2 cur=2 free=100004392 locked=60
FE OPEN_POSITION uid=2 cur=2 free=100005363 locked=60
FE OPEN_POSITION uid=2 cur=2 free=100005871 locked=110
FE OPEN_POSITION uid=2 cur=2 free=100005931 locked=50
FE OPEN_POSITION uid=2 cur=2 free=100006136 locked=50
FE OPEN_POSITION uid=2 cur=2 free=100006166 locked=20
FE OPEN_POSITION uid=2 cur=2 free=100006400 locked=90
FE OPEN_POSITION uid=2 cur=2 free=100006450 locked=40
FE OPEN_POSITION uid=2 cur=2 free=99999374 locked=70
FE OPEN_POSITION uid=2 cur=2 free=99999546 locked=60
FE OPEN_POSITION uid=2 cur=2 free=99999556 locked=50
FE OPEN_POSITION uid=2 cur=2 free=99999900 locked=100
FE OPEN_POSITION uid=2 cur=2 free=99999940 locked=60
FE OPEN_POSITION uid=2 cur=2 free=99999980 locked=20
FE OPEN_POSITION uid=3 cur=2 free=100000262 locked=40
FE OPEN_POSITION uid=3 cur=2 free=100000272 locked=30
FE OPEN_POSITION uid=3 cur=2 free=100000828 locked=50
FE OPEN_POSITION uid=3 cur=2 free=100002373 locked=30
FE OPEN_POSITION uid=3 cur=2 free=100002383 locked=20
FE OPEN_POSITION uid=3 cur=2 free=100002481 locked=30
FE OPEN_POSITION uid=3 cur=2 free=99995699 locked=40
FE OPEN_POSITION uid=3 cur=2 free=99996015 locked=120
FE OPEN_POSITION uid=3 cur=2 free=99996085 locked=50
FE OPEN_POSITION uid=3 cur=2 free=99996159 locked=60
FE OPEN_POSITION uid=3 cur=2 free=99996250 locked=50
FE OPEN_POSITION uid=3 cur=2 free=99996570 locked=90
FE OPEN_POSITION uid=3 cur=2 free=99996620 locked=40
FE OPEN_POSITION uid=3 cur=2 free=99996620 locked=40
FE OPEN_POSITION uid=3 cur=2 free=99997890 locked=50
FE OPEN_POSITION uid=3 cur=2 free=99999087 locked=110
FE OPEN_POSITION uid=3 cur=2 free=99999127 locked=70
FE OPEN_POSITION uid=3 cur=2 free=99999900 locked=100
FE OPEN_POSITION uid=3 cur=2 free=99999940 locked=60
FE OPEN_POSITION uid=3 cur=2 free=99999980 locked=20
FE OPEN_POSITION uid=4 cur=2 free=100000919 locked=60
FE OPEN_POSITION uid=4 cur=2 free=100001833 locked=70
FE OPEN_POSITION uid=4 cur=2 free=99999381 locked=30
FE OPEN_POSITION uid=4 cur=2 free=99999451 locked=40
FE OPEN_POSITION uid=4 cur=2 free=99999822 locked=30
FE OPEN_POSITION uid=4 cur=2 free=99999851 locked=20
FE OPEN_POSITION uid=4 cur=2 free=99999970 locked=30
FE PNL_SETTLEMENT uid=1 cur=2 free=100000318 locked=0
FE PNL_SETTLEMENT uid=1 cur=2 free=99992430 locked=0
FE PNL_SETTLEMENT uid=1 cur=2 free=99993560 locked=0
FE PNL_SETTLEMENT uid=1 cur=2 free=99995307 locked=0
FE PNL_SETTLEMENT uid=1 cur=2 free=99995828 locked=0
FE PNL_SETTLEMENT uid=1 cur=2 free=99995981 locked=0
FE PNL_SETTLEMENT uid=1 cur=2 free=99996539 locked=0
FE PNL_SETTLEMENT uid=1 cur=2 free=99996616 locked=0
FE PNL_SETTLEMENT uid=1 cur=2 free=99997551 locked=0
FE PNL_SETTLEMENT uid=1 cur=2 free=99997757 locked=0
FE PNL_SETTLEMENT uid=1 cur=2 free=99998139 locked=0
FE PNL_SETTLEMENT uid=1 cur=2 free=99999826 locked=0
FE PNL_SETTLEMENT uid=2 cur=2 free=100000597 locked=0
FE PNL_SETTLEMENT uid=2 cur=2 free=100002530 locked=0
FE PNL_SETTLEMENT uid=2 cur=2 free=100002865 locked=0
FE PNL_SETTLEMENT uid=2 cur=2 free=100003329 locked=0
FE PNL_SETTLEMENT uid=2 cur=2 free=100003340 locked=0
FE PNL_SETTLEMENT uid=2 cur=2 free=100003618 locked=0
FE PNL_SETTLEMENT uid=2 cur=2 free=100003841 locked=0
FE PNL_SETTLEMENT uid=2 cur=2 free=100004182 locked=0
FE PNL_SETTLEMENT uid=2 cur=2 free=100004452 locked=0
FE PNL_SETTLEMENT uid=2 cur=2 free=100005423 locked=0
FE PNL_SETTLEMENT uid=2 cur=2 free=100005981 locked=0
FE PNL_SETTLEMENT uid=2 cur=2 free=100006186 locked=0
FE PNL_SETTLEMENT uid=2 cur=2 free=100006490 locked=0
FE PNL_SETTLEMENT uid=2 cur=2 free=99999444 locked=0
FE PNL_SETTLEMENT uid=2 cur=2 free=99999606 locked=0
FE PNL_SETTLEMENT uid=3 cur=2 free=100000302 locked=0
FE PNL_SETTLEMENT uid=3 cur=2 free=100000878 locked=0
FE PNL_SETTLEMENT uid=3 cur=2 free=100002403 locked=0
FE PNL_SETTLEMENT uid=3 cur=2 free=100002511 locked=0
FE PNL_SETTLEMENT uid=3 cur=2 free=100003177 locked=0
FE PNL_SETTLEMENT uid=3 cur=2 free=99995739 locked=0
FE PNL_SETTLEMENT uid=3 cur=2 free=99996135 locked=0
FE PNL_SETTLEMENT uid=3 cur=2 free=99996219 locked=0
FE PNL_SETTLEMENT uid=3 cur=2 free=99996300 locked=0
FE PNL_SETTLEMENT uid=3 cur=2 free=99996660 locked=0
FE PNL_SETTLEMENT uid=3 cur=2 free=99997940 locked=0
FE PNL_SETTLEMENT uid=3 cur=2 free=99999197 locked=0
FE PNL_SETTLEMENT uid=4 cur=2 free=100000979 locked=0
FE PNL_SETTLEMENT uid=4 cur=2 free=100001064 locked=0
FE PNL_SETTLEMENT uid=4 cur=2 free=100001903 locked=0
FE PNL_SETTLEMENT uid=4 cur=2 free=99999411 locked=0
FE PNL_SETTLEMENT uid=4 cur=2 free=99999491 locked=0
FE PNL_SETTLEMENT uid=4 cur=2 free=99999852 locked=0
FE PNL_SETTLEMENT uid=4 cur=2 free=99999871 locked=0
FE UNLOCK_PENDING uid=1 cur=2 free=100000000 locked=0
FE UNLOCK_PENDING uid=1 cur=2 free=100000258 locked=60
FE UNLOCK_PENDING uid=1 cur=2 free=100000278 locked=40
FE UNLOCK_PENDING uid=1 cur=2 free=100000298 locked=20
FE UNLOCK_PENDING uid=1 cur=2 free=100000318 locked=0
FE UNLOCK_PENDING uid=1 cur=2 free=99993560 locked=0
FE UNLOCK_PENDING uid=1 cur=2 free=99995307 locked=0
FE UNLOCK_PENDING uid=1 cur=2 free=99995828 locked=0
FE UNLOCK_PENDING uid=1 cur=2 free=99995981 locked=0
FE UNLOCK_PENDING uid=1 cur=2 free=99996539 locked=0
FE UNLOCK_PENDING uid=1 cur=2 free=99996616 locked=0
FE UNLOCK_PENDING uid=1 cur=2 free=99997551 locked=0
FE UNLOCK_PENDING uid=1 cur=2 free=99997757 locked=0
FE UNLOCK_PENDING uid=1 cur=2 free=99998079 locked=60
FE UNLOCK_PENDING uid=1 cur=2 free=99998119 locked=20
FE UNLOCK_PENDING uid=1 cur=2 free=99998139 locked=0
FE UNLOCK_PENDING uid=1 cur=2 free=99999826 locked=0
FE UNLOCK_PENDING uid=2 cur=2 free=100000000 locked=0
FE UNLOCK_PENDING uid=2 cur=2 free=100000597 locked=0
FE UNLOCK_PENDING uid=2 cur=2 free=100002510 locked=20
FE UNLOCK_PENDING uid=2 cur=2 free=100002510 locked=20
FE UNLOCK_PENDING uid=2 cur=2 free=100002530 locked=0
FE UNLOCK_PENDING uid=2 cur=2 free=100002835 locked=30
FE UNLOCK_PENDING uid=2 cur=2 free=100002865 locked=0
FE UNLOCK_PENDING uid=2 cur=2 free=100003250 locked=90
FE UNLOCK_PENDING uid=2 cur=2 free=100003270 locked=70
FE UNLOCK_PENDING uid=2 cur=2 free=100003300 locked=40
FE UNLOCK_PENDING uid=2 cur=2 free=100003340 locked=0
FE UNLOCK_PENDING uid=2 cur=2 free=100003618 locked=0
FE UNLOCK_PENDING uid=2 cur=2 free=100003701 locked=140
FE UNLOCK_PENDING uid=2 cur=2 free=100003771 locked=70
FE UNLOCK_PENDING uid=2 cur=2 free=100003841 locked=0
FE UNLOCK_PENDING uid=2 cur=2 free=100004182 locked=0
FE UNLOCK_PENDING uid=2 cur=2 free=100004392 locked=60
FE UNLOCK_PENDING uid=2 cur=2 free=100004392 locked=60
FE UNLOCK_PENDING uid=2 cur=2 free=100004432 locked=20
FE UNLOCK_PENDING uid=2 cur=2 free=100004452 locked=0
FE UNLOCK_PENDING uid=2 cur=2 free=100005423 locked=0
FE UNLOCK_PENDING uid=2 cur=2 free=100005931 locked=50
FE UNLOCK_PENDING uid=2 cur=2 free=100005981 locked=0
FE UNLOCK_PENDING uid=2 cur=2 free=100006136 locked=50
FE UNLOCK_PENDING uid=2 cur=2 free=100006186 locked=0
FE UNLOCK_PENDING uid=2 cur=2 free=100006450 locked=40
FE UNLOCK_PENDING uid=2 cur=2 free=100006490 locked=0
FE UNLOCK_PENDING uid=2 cur=2 free=99999374 locked=70
FE UNLOCK_PENDING uid=2 cur=2 free=99999444 locked=0
FE UNLOCK_PENDING uid=2 cur=2 free=99999546 locked=60
FE UNLOCK_PENDING uid=2 cur=2 free=99999556 locked=50
FE UNLOCK_PENDING uid=2 cur=2 free=99999586 locked=20
FE UNLOCK_PENDING uid=2 cur=2 free=99999606 locked=0
FE UNLOCK_PENDING uid=2 cur=2 free=99999940 locked=60
FE UNLOCK_PENDING uid=2 cur=2 free=99999980 locked=20
FE UNLOCK_PENDING uid=3 cur=2 free=100000000 locked=0
FE UNLOCK_PENDING uid=3 cur=2 free=100000262 locked=40
FE UNLOCK_PENDING uid=3 cur=2 free=100000302 locked=0
FE UNLOCK_PENDING uid=3 cur=2 free=100000878 locked=0
FE UNLOCK_PENDING uid=3 cur=2 free=100002373 locked=30
FE UNLOCK_PENDING uid=3 cur=2 free=100002403 locked=0
FE UNLOCK_PENDING uid=3 cur=2 free=100002511 locked=0
FE UNLOCK_PENDING uid=3 cur=2 free=99995699 locked=40
FE UNLOCK_PENDING uid=3 cur=2 free=99995739 locked=0
FE UNLOCK_PENDING uid=3 cur=2 free=99996085 locked=50
FE UNLOCK_PENDING uid=3 cur=2 free=99996135 locked=0
FE UNLOCK_PENDING uid=3 cur=2 free=99996159 locked=60
FE UNLOCK_PENDING uid=3 cur=2 free=99996219 locked=0
FE UNLOCK_PENDING uid=3 cur=2 free=99996300 locked=0
FE UNLOCK_PENDING uid=3 cur=2 free=99996570 locked=90
FE UNLOCK_PENDING uid=3 cur=2 free=99996590 locked=70
FE UNLOCK_PENDING uid=3 cur=2 free=99996620 locked=40
FE UNLOCK_PENDING uid=3 cur=2 free=99996620 locked=40
FE UNLOCK_PENDING uid=3 cur=2 free=99996650 locked=10
FE UNLOCK_PENDING uid=3 cur=2 free=99996660 locked=0
FE UNLOCK_PENDING uid=3 cur=2 free=99997940 locked=0
FE UNLOCK_PENDING uid=3 cur=2 free=99999087 locked=110
FE UNLOCK_PENDING uid=3 cur=2 free=99999127 locked=70
FE UNLOCK_PENDING uid=3 cur=2 free=99999197 locked=0
FE UNLOCK_PENDING uid=3 cur=2 free=99999940 locked=60
FE UNLOCK_PENDING uid=3 cur=2 free=99999980 locked=20
FE UNLOCK_PENDING uid=4 cur=2 free=100000000 locked=0
FE UNLOCK_PENDING uid=4 cur=2 free=100000979 locked=0
FE UNLOCK_PENDING uid=4 cur=2 free=100001903 locked=0
FE UNLOCK_PENDING uid=4 cur=2 free=99999411 locked=0
FE UNLOCK_PENDING uid=4 cur=2 free=99999491 locked=0
FE UNLOCK_PENDING uid=4 cur=2 free=99999852 locked=0
FE UNLOCK_PENDING uid=4 cur=2 free=99999871 locked=0
FE UNLOCK_PENDING uid=4 cur=2 free=99999970 locked=30
