R 4 SUCCESS
R 5 SUCCESS
R 6 SUCCESS
R 7 SUCCESS
R 8 SUCCESS
R 9 SUCCESS
R 10 SUCCESS
R 11 SUCCESS
R 12 SUCCESS
R 13 SUCCESS
R 14 SUCCESS
R 15 SUCCESS
R 16 SUCCESS
R 17 SUCCESS
R 18 SUCCESS
R 19 SUCCESS
R 20 SUCCESS
R 21 SUCCESS
R 22 SUCCESS
R 23 SUCCESS
R 24 SUCCESS
R 25 SUCCESS
R 26 SUCCESS
R 27 SUCCESS
R 28 SUCCESS
R 29 SUCCESS
R 30 SUCCESS
R 31 SUCCESS
R 32 SUCCESS
R 33 SUCCESS
R 34 SUCCESS
R 35 SUCCESS
R 36 SUCCESS
R 37 SUCCESS
R 38 SUCCESS
R 39 SUCCESS
R 40 SUCCESS
R 41 SUCCESS
R 42 SUCCESS
R 43 SUCCESS
R 44 SUCCESS
R 45 SUCCESS
R 46 SUCCESS
R 47 SUCCESS
R 48 SUCCESS
R 49 SUCCESS
R 50 SUCCESS
R 51 SUCCESS
R 52 SUCCESS
R 53 SUCCESS
R 54 SUCCESS
R 55 SUCCESS
R 56 SUCCESS
R 57 SUCCESS
R 58 SUCCESS
R 59 SUCCESS
R 60 SUCCESS
R 61 SUCCESS
R 62 SUCCESS
R 63 SUCCESS
R 64 SUCCESS
R 65 SUCCESS
R 66 SUCCESS
R 67 SUCCESS
R 68 SUCCESS
R 69 SUCCESS
R 70 SUCCESS
R 71 SUCCESS
R 72 SUCCESS
R 73 SUCCESS
R 74 SUCCESS
R 75 SUCCESS
R 76 SUCCESS
R 77 SUCCESS
R 78 SUCCESS
R 79 SUCCESS
R 80 SUCCESS
R 81 SUCCESS
R 82 SUCCESS
R 83 SUCCESS
R 84 SUCCESS
R 85 SUCCESS
R 86 SUCCESS
R 87 SUCCESS
R 88 SUCCESS
R 89 SUCCESS
R 90 SUCCESS
R 91 SUCCESS
R 92 SUCCESS
R 93 SUCCESS
R 94 SUCCESS
R 95 SUCCESS
R 96 SUCCESS
R 97 SUCCESS
R 98 SUCCESS
R 99 SUCCESS
R 100 SUCCESS
R 101 SUCCESS
R 102 SUCCESS
R 103 SUCCESS
R 104 SUCCESS
R 105 SUCCESS
R 106 SUCCESS
R 107 SUCCESS
R 108 SUCCESS
R 109 SUCCESS
R 110 SUCCESS
R 111 SUCCESS
R 112 SUCCESS
R 113 SUCCESS
R 114 SUCCESS
R 115 SUCCESS
R 116 SUCCESS
STATE
A 1 2 99996311
A 2 2 100003595
A 3 2 100001546
A 4 2 99998548
EVENTS
FE CLOSE_POSITION uid=1 cur=2 free=99997998 locked=10
FE CLOSE_POSITION uid=1 cur=2 free=99998008 locked=0
FE CLOSE_POSITION uid=2 cur=2 free=100001452 locked=0
FE CLOSE_POSITION uid=2 cur=2 free=100001802 locked=50
FE CLOSE_POSITION uid=2 cur=2 free=100002292 locked=40
FE CLOSE_POSITION uid=2 cur=2 free=100002332 locked=0
FE CLOSE_POSITION uid=2 cur=2 free=100007061 locked=0
FE CLOSE_POSITION uid=3 cur=2 free=100000005 locked=20
FE CLOSE_POSITION uid=3 cur=2 free=99998573 locked=20
FE CLOSE_POSITION uid=3 cur=2 free=99999327 locked=30
FE CLOSE_POSITION uid=3 cur=2 free=99999461 locked=0
FE CLOSE_POSITION uid=3 cur=2 free=99999867 locked=10
FE CLOSE_POSITION uid=3 cur=2 free=99999877 locked=0
FE CLOSE_POSITION uid=3 cur=2 free=99999985 locked=40
FE CLOSE_POSITION uid=4 cur=2 free=99999333 locked=0
FE CLOSE_POSITION uid=4 cur=2 free=99999333 locked=0
FE CLOSE_POSITION uid=4 cur=2 free=99999585 locked=50
FE CLOSE_POSITION uid=4 cur=2 free=99999947 locked=10
FE CLOSE_POSITION uid=4 cur=2 free=99999957 locked=0
FE DEPOSIT uid=1 cur=2 free=100000000 locked=0
FE DEPOSIT uid=2 cur=2 free=100000000 locked=0
FE DEPOSIT uid=3 cur=2 free=100000000 locked=0
FE DEPOSIT uid=4 cur=2 free=100000000 locked=0
FE LOCK_PENDING uid=1 cur=2 free=99993711 locked=47
FE LOCK_PENDING uid=1 cur=2 free=99993866 locked=52
FE LOCK_PENDING uid=1 cur=2 free=99994277 locked=21
FE LOCK_PENDING uid=1 cur=2 free=99996018 locked=44
FE LOCK_PENDING uid=1 cur=2 free=99996175 locked=38
FE LOCK_PENDING uid=1 cur=2 free=99996837 locked=56
FE LOCK_PENDING uid=1 cur=2 free=99997668 locked=38
FE LOCK_PENDING uid=1 cur=2 free=99997909 locked=61
FE LOCK_PENDING uid=1 cur=2 free=99997937 locked=71
FE LOCK_PENDING uid=1 cur=2 free=99997978 locked=30
FE LOCK_PENDING uid=1 cur=2 free=99997979 locked=29
FE LOCK_PENDING uid=1 cur=2 free=99998030 locked=66
FE LOCK_PENDING uid=1 cur=2 free=99998820 locked=64
FE LOCK_PENDING uid=1 cur=2 free=99999320 locked=68
FE LOCK_PENDING uid=1 cur=2 free=99999980 locked=20
FE LOCK_PENDING uid=2 cur=2 free=100000558 locked=54
FE LOCK_PENDING uid=2 cur=2 free=100001379 locked=73
FE LOCK_PENDING uid=2 cur=2 free=100001382 locked=70
FE LOCK_PENDING uid=2 cur=2 free=100001738 locked=114
FE LOCK_PENDING uid=2 cur=2 free=100001742 locked=110
FE LOCK_PENDING uid=2 cur=2 free=100001803 locked=49
FE LOCK_PENDING uid=2 cur=2 free=100001913 locked=43
FE LOCK_PENDING uid=2 cur=2 free=100001921 locked=149
FE LOCK_PENDING uid=2 cur=2 free=100001982 locked=88
FE LOCK_PENDING uid=2 cur=2 free=100002004 locked=66
FE LOCK_PENDING uid=2 cur=2 free=100002269 locked=63
FE LOCK_PENDING uid=2 cur=2 free=100002272 locked=60
FE LOCK_PENDING uid=2 cur=2 free=100002292 locked=40
FE LOCK_PENDING uid=2 cur=2 free=100002303 locked=29
FE LOCK_PENDING uid=2 cur=2 free=100002957 locked=56
FE LOCK_PENDING uid=2 cur=2 free=100003328 locked=61
FE LOCK_PENDING uid=2 cur=2 free=100003655 locked=38
FE LOCK_PENDING uid=2 cur=2 free=100004249 locked=119
FE LOCK_PENDING uid=2 cur=2 free=100004280 locked=88
FE LOCK_PENDING uid=2 cur=2 free=100004330 locked=38
FE LOCK_PENDING uid=2 cur=2 free=100005253 locked=44
FE LOCK_PENDING uid=2 cur=2 free=100005462 locked=82
FE LOCK_PENDING uid=2 cur=2 free=100005516 locked=28
FE LOCK_PENDING uid=2 cur=2 free=100006101 locked=47
FE LOCK_PENDING uid=2 cur=2 free=100007015 locked=46
FE LOCK_PENDING uid=2 cur=2 free=100007040 locked=21
FE LOCK_PENDING uid=2 cur=2 free=99999980 locked=20
FE LOCK_PENDING uid=3 cur=2 free=100001373 locked=88
FE LOCK_PENDING uid=3 cur=2 free=100001407 locked=54
FE LOCK_PENDING uid=3 cur=2 free=100001759 locked=33
FE LOCK_PENDING uid=3 cur=2 free=100002208 locked=28
FE LOCK_PENDING uid=3 cur=2 free=99998503 locked=90
FE LOCK_PENDING uid=3 cur=2 free=99998504 locked=89
FE LOCK_PENDING uid=3 cur=2 free=99998505 locked=88
FE LOCK_PENDING uid=3 cur=2 free=99998536 locked=57
FE LOCK_PENDING uid=3 cur=2 free=99998553 locked=40
FE LOCK_PENDING uid=3 cur=2 free=99998831 locked=118
FE LOCK_PENDING uid=3 cur=2 free=99998901 locked=48
FE LOCK_PENDING uid=3 cur=2 free=99999284 locked=73
FE LOCK_PENDING uid=3 cur=2 free=99999287 locked=70
FE LOCK_PENDING uid=3 cur=2 free=99999362 locked=99
FE LOCK_PENDING uid=3 cur=2 free=99999389 locked=72
FE LOCK_PENDING uid=3 cur=2 free=99999411 locked=50
FE LOCK_PENDING uid=3 cur=2 free=99999412 locked=49
FE LOCK_PENDING uid=3 cur=2 free=99999778 locked=99
FE LOCK_PENDING uid=3 cur=2 free=99999826 locked=51
FE LOCK_PENDING uid=3 cur=2 free=99999837 locked=40
FE LOCK_PENDING uid=3 cur=2 free=99999839 locked=38
FE LOCK_PENDING uid=3 cur=2 free=99999849 locked=28
FE LOCK_PENDING uid=3 cur=2 free=99999937 locked=63
FE LOCK_PENDING uid=3 cur=2 free=99999950 locked=75
FE LOCK_PENDING uid=3 cur=2 free=99999955 locked=70
FE LOCK_PENDING uid=3 cur=2 free=99999969 locked=31
FE LOCK_PENDING uid=3 cur=2 free=99999985 locked=40
FE LOCK_PENDING uid=4 cur=2 free=99998269 locked=33
FE LOCK_PENDING uid=4 cur=2 free=99998501 locked=38
FE LOCK_PENDING uid=4 cur=2 free=99999293 locked=40
FE LOCK_PENDING uid=4 cur=2 free=99999293 locked=40
FE LOCK_PENDING uid=4 cur=2 free=99999303 locked=30
FE LOCK_PENDING uid=4 cur=2 free=99999560 locked=75
FE LOCK_PENDING uid=4 cur=2 free=99999565 locked=70
FE LOCK_PENDING uid=4 cur=2 free=99999644 locked=48
FE LOCK_PENDING uid=4 cur=2 free=99999714 locked=89
FE LOCK_PENDING uid=4 cur=2 free=99999748 locked=55
FE LOCK_PENDING uid=4 cur=2 free=99999906 locked=51
FE LOCK_PENDING uid=4 cur=2 free=99999917 locked=40
FE LOCK_PENDING uid=4 cur=2 free=99999929 locked=28
FE LOCK_PENDING uid=4 cur=2 free=99999937 locked=63
FE LOCK_PENDING uid=4 cur=2 free=99999969 locked=31
FE OPEN_POSITION uid=1 cur=2 free=99993708 locked=50
FE OPEN_POSITION uid=1 cur=2 free=99993868 locked=50
FE OPEN_POSITION uid=1 cur=2 free=99994278 locked=20
FE OPEN_POSITION uid=1 cur=2 free=99996022 locked=40
FE OPEN_POSITION uid=1 cur=2 free=99996173 locked=40
FE OPEN_POSITION uid=1 cur=2 free=99996833 locked=60
FE OPEN_POSITION uid=1 cur=2 free=99997666 locked=40
FE OPEN_POSITION uid=1 cur=2 free=99997910 locked=60
FE OPEN_POSITION uid=1 cur=2 free=99997948 locked=60
FE OPEN_POSITION uid=1 cur=2 free=99997978 locked=30
FE OPEN_POSITION uid=1 cur=2 free=99998036 locked=60
FE OPEN_POSITION uid=1 cur=2 free=99998824 locked=60
FE OPEN_POSITION uid=1 cur=2 free=99999318 locked=70
FE OPEN_POSITION uid=1 cur=2 free=99999980 locked=20
FE OPEN_POSITION uid=2 cur=2 free=100000562 locked=50
FE OPEN_POSITION uid=2 cur=2 free=100001382 locked=70
FE OPEN_POSITION uid=2 cur=2 free=100001742 locked=110
FE OPEN_POSITION uid=2 cur=2 free=100001802 locked=50
FE OPEN_POSITION uid=2 cur=2 free=100001916 locked=40
FE OPEN_POSITION uid=2 cur=2 free=100001920 locked=150
FE OPEN_POSITION uid=2 cur=2 free=100001980 locked=90
FE OPEN_POSITION uid=2 cur=2 free=100002010 locked=60
FE OPEN_POSITION uid=2 cur=2 free=100002272 locked=60
FE OPEN_POSITION uid=2 cur=2 free=100002302 locked=30
FE OPEN_POSITION uid=2 cur=2 free=100002302 locked=30
FE OPEN_POSITION uid=2 cur=2 free=100002953 locked=60
FE OPEN_POSITION uid=2 cur=2 free=100003329 locked=60
FE OPEN_POSITION uid=2 cur=2 free=100003653 locked=40
FE OPEN_POSITION uid=2 cur=2 free=100004248 locked=120
FE OPEN_POSITION uid=2 cur=2 free=100004278 locked=90
FE OPEN_POSITION uid=2 cur=2 free=100004328 locked=40
FE OPEN_POSITION uid=2 cur=2 free=100005257 locked=40
FE OPEN_POSITION uid=2 cur=2 free=100005464 locked=80
FE OPEN_POSITION uid=2 cur=2 free=100005514 locked=30
FE OPEN_POSITION uid=2 cur=2 free=100006098 locked=50
FE OPEN_POSITION uid=2 cur=2 free=100007011 locked=50
FE OPEN_POSITION uid=2 cur=2 free=100007041 locked=20
FE OPEN_POSITION uid=2 cur=2 free=99999980 locked=20
FE OPEN_POSITION uid=3 cur=2 free=100001371 locked=90
FE OPEN_POSITION uid=3 cur=2 free=100001411 locked=50
FE OPEN_POSITION uid=3 cur=2 free=100001762 locked=30
FE OPEN_POSITION uid=3 cur=2 free=100002206 locked=30
FE OPEN_POSITION uid=3 cur=2 free=99998503 locked=90
FE OPEN_POSITION uid=3 cur=2 free=99998503 locked=90
FE OPEN_POSITION uid=3 cur=2 free=99998533 locked=60
FE OPEN_POSITION uid=3 cur=2 free=99998553 locked=40
FE OPEN_POSITION uid=3 cur=2 free=99998829 locked=120
FE OPEN_POSITION uid=3 cur=2 free=99998899 locked=50
FE OPEN_POSITION uid=3 cur=2 free=99999287 locked=70
FE OPEN_POSITION uid=3 cur=2 free=99999361 locked=100
FE OPEN_POSITION uid=3 cur=2 free=99999391 locked=70
FE OPEN_POSITION uid=3 cur=2 free=99999411 locked=50
FE OPEN_POSITION uid=3 cur=2 free=99999451 locked=10
FE OPEN_POSITION uid=3 cur=2 free=99999777 locked=100
FE OPEN_POSITION uid=3 cur=2 free=99999837 locked=40
FE OPEN_POSITION uid=3 cur=2 free=99999837 locked=40
FE OPEN_POSITION uid=3 cur=2 free=99999847 locked=30
FE OPEN_POSITION uid=3 cur=2 free=99999940 locked=60
FE OPEN_POSITION uid=3 cur=2 free=99999955 locked=70
FE OPEN_POSITION uid=3 cur=2 free=99999970 locked=30
FE OPEN_POSITION uid=4 cur=2 free=99998272 locked=30
FE OPEN_POSITION uid=4 cur=2 free=99998499 locked=40
FE OPEN_POSITION uid=4 cur=2 free=99999293 locked=40
FE OPEN_POSITION uid=4 cur=2 free=99999303 locked=30
FE OPEN_POSITION uid=4 cur=2 free=99999323 locked=10
FE OPEN_POSITION uid=4 cur=2 free=99999565 locked=70
FE OPEN_POSITION uid=4 cur=2 free=99999642 locked=50
FE OPEN_POSITION uid=4 cur=2 free=99999713 locked=90
FE OPEN_POSITION uid=4 cur=2 free=99999743 locked=60
FE OPEN_POSITION uid=4 cur=2 free=99999917 locked=40
FE OPEN_POSITION uid=4 cur=2 free=99999927 locked=30
FE OPEN_POSITION uid=4 cur=2 free=99999940 locked=60
FE OPEN_POSITION uid=4 cur=2 free=99999970 locked=30
FE PNL_SETTLEMENT uid=1 cur=2 free=99993758 locked=0
FE PNL_SETTLEMENT uid=1 cur=2 free=99993918 locked=0
FE PNL_SETTLEMENT uid=1 cur=2 free=99994298 locked=0
FE PNL_SETTLEMENT uid=1 cur=2 free=99996062 locked=0
FE PNL_SETTLEMENT uid=1 cur=2 free=99996213 locked=0
FE PNL_SETTLEMENT uid=1 cur=2 free=99996311 locked=0
FE PNL_SETTLEMENT uid=1 cur=2 free=99996893 locked=0
FE PNL_SETTLEMENT uid=1 cur=2 free=99997706 locked=0
FE PNL_SETTLEMENT uid=1 cur=2 free=99997970 locked=0
FE PNL_SETTLEMENT uid=1 cur=2 free=99998008 locked=0
FE PNL_SETTLEMENT uid=1 cur=2 free=99998096 locked=0
FE PNL_SETTLEMENT uid=1 cur=2 free=99998884 locked=0
FE PNL_SETTLEMENT uid=1 cur=2 free=99999388 locked=0
FE PNL_SETTLEMENT uid=2 cur=2 free=100000612 locked=0
FE PNL_SETTLEMENT uid=2 cur=2 free=100001452 locked=0
FE PNL_SETTLEMENT uid=2 cur=2 free=100001852 locked=0
FE PNL_SETTLEMENT uid=2 cur=2 free=100001956 locked=0
FE PNL_SETTLEMENT uid=2 cur=2 free=100002070 locked=0
FE PNL_SETTLEMENT uid=2 cur=2 free=100002332 locked=0
FE PNL_SETTLEMENT uid=2 cur=2 free=100003013 locked=0
FE PNL_SETTLEMENT uid=2 cur=2 free=100003389 locked=0
FE PNL_SETTLEMENT uid=2 cur=2 free=100003595 locked=0
FE PNL_SETTLEMENT uid=2 cur=2 free=100003693 locked=0
FE PNL_SETTLEMENT uid=2 cur=2 free=100004368 locked=0
FE PNL_SETTLEMENT uid=2 cur=2 free=100005297 locked=0
FE PNL_SETTLEMENT uid=2 cur=2 free=100005544 locked=0
FE PNL_SETTLEMENT uid=2 cur=2 free=100006148 locked=0
FE PNL_SETTLEMENT uid=2 cur=2 free=100007061 locked=0
FE PNL_SETTLEMENT uid=3 cur=2 free=100000025 locked=0
FE PNL_SETTLEMENT uid=3 cur=2 free=100001461 locked=0
FE PNL_SETTLEMENT uid=3 cur=2 free=100001546 locked=0
FE PNL_SETTLEMENT uid=3 cur=2 free=100001792 locked=0
FE PNL_SETTLEMENT uid=3 cur=2 free=100002236 locked=0
FE PNL_SETTLEMENT uid=3 cur=2 free=99998593 locked=0
FE PNL_SETTLEMENT uid=3 cur=2 free=99998949 locked=0
FE PNL_SETTLEMENT uid=3 cur=2 free=99999357 locked=0
FE PNL_SETTLEMENT uid=3 cur=2 free=99999461 locked=0
FE PNL_SETTLEMENT uid=3 cur=2 free=99999877 locked=0
FE PNL_SETTLEMENT uid=4 cur=2 free=99998302 locked=0
FE PNL_SETTLEMENT uid=4 cur=2 free=99998539 locked=0
FE PNL_SETTLEMENT uid=4 cur=2 free=99998548 locked=0
FE PNL_SETTLEMENT uid=4 cur=2 free=99999333 locked=0
FE PNL_SETTLEMENT uid=4 cur=2 free=99999635 locked=0
FE PNL_SETTLEMENT uid=4 cur=2 free=99999692 locked=0
FE PNL_SETTLEMENT uid=4 cur=2 free=99999803 locked=0
FE PNL_SETTLEMENT uid=4 cur=2 free=99999957 locked=0
FE UNLOCK_PENDING uid=1 cur=2 free=100000000 locked=0
FE UNLOCK_PENDING uid=1 cur=2 free=99993758 locked=0
FE UNLOCK_PENDING uid=1 cur=2 free=99993918 locked=0
FE UNLOCK_PENDING uid=1 cur=2 free=99994298 locked=0
FE UNLOCK_PENDING uid=1 cur=2 free=99996062 locked=0
FE UNLOCK_PENDING uid=1 cur=2 free=99996213 locked=0
FE UNLOCK_PENDING uid=1 cur=2 free=99996893 locked=0
FE UNLOCK_PENDING uid=1 cur=2 free=99997706 locked=0
FE UNLOCK_PENDING uid=1 cur=2 free=99997970 locked=0
FE UNLOCK_PENDING uid=1 cur=2 free=99997978 locked=30
FE UNLOCK_PENDING uid=1 cur=2 free=99997998 locked=10
FE UNLOCK_PENDING uid=1 cur=2 free=99998008 locked=0
FE UNLOCK_PENDING uid=1 cur=2 free=99998096 locked=0
FE UNLOCK_PENDING uid=1 cur=2 free=99998884 locked=0
FE UNLOCK_PENDING uid=1 cur=2 free=99999388 locked=0
FE UNLOCK_PENDING uid=2 cur=2 free=100000000 locked=0
FE UNLOCK_PENDING uid=2 cur=2 free=100000612 locked=0
FE UNLOCK_PENDING uid=2 cur=2 free=100001382 locked=70
FE UNLOCK_PENDING uid=2 cur=2 free=100001452 locked=0
FE UNLOCK_PENDING uid=2 cur=2 free=100001742 locked=110
FE UNLOCK_PENDING uid=2 cur=2 free=100001802 locked=50
FE UNLOCK_PENDING uid=2 cur=2 free=100001852 locked=0
FE UNLOCK_PENDING uid=2 cur=2 free=100001956 locked=0
FE UNLOCK_PENDING uid=2 cur=2 free=100001980 locked=90
FE UNLOCK_PENDING uid=2 cur=2 free=100002010 locked=60
FE UNLOCK_PENDING uid=2 cur=2 free=100002070 locked=0
FE UNLOCK_PENDING uid=2 cur=2 free=100002272 locked=60
FE UNLOCK_PENDING uid=2 cur=2 free=100002292 locked=40
FE UNLOCK_PENDING uid=2 cur=2 free=100002302 locked=30
FE UNLOCK_PENDING uid=2 cur=2 free=100002332 locked=0
FE UNLOCK_PENDING uid=2 cur=2 free=100003013 locked=0
FE UNLOCK_PENDING uid=2 cur=2 free=100003389 locked=0
FE UNLOCK_PENDING uid=2 cur=2 free=100003693 locked=0
FE UNLOCK_PENDING uid=2 cur=2 free=100004278 locked=90
FE UNLOCK_PENDING uid=2 cur=2 free=100004328 locked=40
FE UNLOCK_PENDING uid=2 cur=2 free=100004368 locked=0
FE UNLOCK_PENDING uid=2 cur=2 free=100005297 locked=0
FE UNLOCK_PENDING uid=2 cur=2 free=100005514 locked=30
FE UNLOCK_PENDING uid=2 cur=2 free=100005544 locked=0
FE UNLOCK_PENDING uid=2 cur=2 free=100006148 locked=0
FE UNLOCK_PENDING uid=2 cur=2 free=100007041 locked=20
FE UNLOCK_PENDING uid=2 cur=2 free=100007061 locked=0
FE UNLOCK_PENDING uid=3 cur=2 free=100000000 locked=0
FE UNLOCK_PENDING uid=3 cur=2 free=100000025 locked=0
FE UNLOCK_PENDING uid=3 cur=2 free=100001411 locked=50
FE UNLOCK_PENDING uid=3 cur=2 free=100001461 locked=0
FE UNLOCK_PENDING uid=3 cur=2 free=100001792 locked=0
FE UNLOCK_PENDING uid=3 cur=2 free=100002236 locked=0
FE UNLOCK_PENDING uid=3 cur=2 free=99998503 locked=90
FE UNLOCK_PENDING uid=3 cur=2 free=99998533 locked=60
FE UNLOCK_PENDING uid=3 cur=2 free=99998553 locked=40
FE UNLOCK_PENDING uid=3 cur=2 free=99998573 locked=20
FE UNLOCK_PENDING uid=3 cur=2 free=99998593 locked=0
FE UNLOCK_PENDING uid=3 cur=2 free=99998899 locked=50
FE UNLOCK_PENDING uid=3 cur=2 free=99998949 locked=0
FE UNLOCK_PENDING uid=3 cur=2 free=99999287 locked=70
FE UNLOCK_PENDING uid=3 cur=2 free=99999357 locked=0
FE UNLOCK_PENDING uid=3 cur=2 free=99999391 locked=70
FE UNLOCK_PENDING uid=3 cur=2 free=99999411 locked=50
FE UNLOCK_PENDING uid=3 cur=2 free=99999451 locked=10
FE UNLOCK_PENDING uid=3 cur=2 free=99999461 locked=0
FE UNLOCK_PENDING uid=3 cur=2 free=99999837 locked=40
FE UNLOCK_PENDING uid=3 cur=2 free=99999837 locked=40
FE UNLOCK_PENDING uid=3 cur=2 free=99999847 locked=30
FE UNLOCK_PENDING uid=3 cur=2 free=99999867 locked=10
FE UNLOCK_PENDING uid=3 cur=2 free=99999877 locked=0
FE UNLOCK_PENDING uid=3 cur=2 free=99999955 locked=70
FE UNLOCK_PENDING uid=3 cur=2 free=99999970 locked=30
FE UNLOCK_PENDING uid=3 cur=2 free=99999985 locked=40
FE UNLOCK_PENDING uid=4 cur=2 free=100000000 locked=0
FE UNLOCK_PENDING uid=4 cur=2 free=99998302 locked=0
FE UNLOCK_PENDING uid=4 cur=2 free=99998539 locked=0
FE UNLOCK_PENDING uid=4 cur=2 free=99999293 locked=40
FE UNLOCK_PENDING uid=4 cur=2 free=99999303 locked=30
FE UNLOCK_PENDING uid=4 cur=2 free=99999333 locked=0
FE UNLOCK_PENDING uid=4 cur=2 free=99999565 locked=70
FE UNLOCK_PENDING uid=4 cur=2 free=99999635 locked=0
FE UNLOCK_PENDING uid=4 cur=2 free=99999692 locked=0
FE UNLOCK_PENDING uid=4 cur=2 free=99999743 locked=60
FE UNLOCK_PENDING uid=4 cur=2 free=99999803 locked=0
FE UNLOCK_PENDING uid=4 cur=2 free=99999917 locked=40
FE UNLOCK_PENDING uid=4 cur=2 free=99999927 locked=30
FE UNLOCK_PENDING uid=4 cur=2 free=99999957 locked=0
FE UNLOCK_PENDING uid=4 cur=2 free=99999970 locked=30
