R 4 SUCCESS
R 5 SUCCESS
R 6 SUCCESS
R 7 SUCCESS
R 8 SUCCESS
R 9 SUCCESS
R 10 SUCCESS
R 11 SUCCESS
R 12 SUCCESS
R 13 SUCCESS
R 14 SUCCESS
R 15 SUCCESS
R 16 SUCCESS
R 17 SUCCESS
R 18 SUCCESS
R 19 SUCCESS
R 20 SUCCESS
R 21 SUCCESS
R 22 SUCCESS
R 23 SUCCESS
R 24 SUCCESS
R 25 SUCCESS
R 26 SUCCESS
R 27 SUCCESS
R 28 SUCCESS
R 29 SUCCESS
R 30 SUCCESS
R 31 SUCCESS
R 32 SUCCESS
R 33 SUCCESS
R 34 SUCCESS
R 35 SUCCESS
R 36 SUCCESS
R 37 SUCCESS
R 38 SUCCESS
R 39 SUCCESS
R 40 SUCCESS
R 41 SUCCESS
R 42 SUCCESS
R 43 SUCCESS
R 44 SUCCESS
R 45 SUCCESS
R 46 SUCCESS
R 47 SUCCESS
R 48 SUCCESS
R 49 SUCCESS
R 50 SUCCESS
R 51 SUCCESS
R 52 SUCCESS
R 53 SUCCESS
R 54 SUCCESS
R 55 SUCCESS
R 56 SUCCESS
R 57 SUCCESS
R 58 SUCCESS
R 59 SUCCESS
R 60 SUCCESS
R 61 SUCCESS
R 62 SUCCESS
R 63 SUCCESS
R 64 SUCCESS
R 65 SUCCESS
R 66 SUCCESS
R 67 SUCCESS
R 68 SUCCESS
R 69 SUCCESS
R 70 SUCCESS
R 71 SUCCESS
R 72 SUCCESS
R 73 SUCCESS
R 74 SUCCESS
R 75 SUCCESS
R 76 SUCCESS
R 77 SUCCESS
R 78 SUCCESS
R 79 SUCCESS
R 80 SUCCESS
R 81 SUCCESS
R 82 SUCCESS
R 83 SUCCESS
R 84 SUCCESS
R 85 SUCCESS
R 86 SUCCESS
R 87 SUCCESS
R 88 SUCCESS
R 89 SUCCESS
R 90 SUCCESS
R 91 SUCCESS
R 92 SUCCESS
R 93 SUCCESS
R 94 SUCCESS
R 95 SUCCESS
R 96 SUCCESS
R 97 SUCCESS
R 98 SUCCESS
R 99 SUCCESS
R 100 SUCCESS
R 101 SUCCESS
R 102 SUCCESS
R 103 SUCCESS
R 104 SUCCESS
R 105 SUCCESS
R 106 SUCCESS
R 107 SUCCESS
R 108 SUCCESS
R 109 SUCCESS
R 110 SUCCESS
STATE
A 1 2 100002363
A 2 2 100002561
A 3 2 99996105
A 4 2 99998971
EVENTS
FE CLOSE_POSITION uid=1 cur=2 free=100000000 locked=0
FE CLOSE_POSITION uid=1 cur=2 free=99999792 locked=0
FE CLOSE_POSITION uid=2 cur=2 free=100000000 locked=0
FE CLOSE_POSITION uid=2 cur=2 free=100000188 locked=20
FE CLOSE_POSITION uid=2 cur=2 free=100001030 locked=0
FE CLOSE_POSITION uid=2 cur=2 free=100003475 locked=0
FE CLOSE_POSITION uid=2 cur=2 free=100004879 locked=20
FE CLOSE_POSITION uid=3 cur=2 free=99995668 locked=10
FE CLOSE_POSITION uid=3 cur=2 free=99998671 locked=30
FE CLOSE_POSITION uid=3 cur=2 free=99998701 locked=0
FE CLOSE_POSITION uid=4 cur=2 free=100001683 locked=30
FE DEPOSIT uid=1 cur=2 free=100000000 locked=0
FE DEPOSIT uid=2 cur=2 free=100000000 locked=0
FE DEPOSIT uid=3 cur=2 free=100000000 locked=0
FE DEPOSIT uid=4 cur=2 free=100000000 locked=0
FE LOCK_PENDING uid=1 cur=2 free=100000341 locked=33
FE LOCK_PENDING uid=1 cur=2 free=100000352 locked=28
FE LOCK_PENDING uid=1 cur=2 free=100001656 locked=62
FE LOCK_PENDING uid=1 cur=2 free=100001674 locked=44
FE LOCK_PENDING uid=1 cur=2 free=100002042 locked=46
FE LOCK_PENDING uid=1 cur=2 free=99999270 locked=40
FE LOCK_PENDING uid=1 cur=2 free=99999305 locked=67
FE LOCK_PENDING uid=1 cur=2 free=99999459 locked=66
FE LOCK_PENDING uid=1 cur=2 free=99999501 locked=21
FE LOCK_PENDING uid=1 cur=2 free=99999526 locked=65
FE LOCK_PENDING uid=1 cur=2 free=99999765 locked=27
FE LOCK_PENDING uid=1 cur=2 free=99999773 locked=19
FE LOCK_PENDING uid=1 cur=2 free=99999960 locked=40
FE LOCK_PENDING uid=1 cur=2 free=99999961 locked=39
FE LOCK_PENDING uid=1 cur=2 free=99999981 locked=19
FE LOCK_PENDING uid=2 cur=2 free=100000147 locked=67
FE LOCK_PENDING uid=2 cur=2 free=100000148 locked=60
FE LOCK_PENDING uid=2 cur=2 free=100000149 locked=59
FE LOCK_PENDING uid=2 cur=2 free=100000170 locked=38
FE LOCK_PENDING uid=2 cur=2 free=100000601 locked=61
FE LOCK_PENDING uid=2 cur=2 free=100000624 locked=38
FE LOCK_PENDING uid=2 cur=2 free=100000710 locked=22
FE LOCK_PENDING uid=2 cur=2 free=100000990 locked=40
FE LOCK_PENDING uid=2 cur=2 free=100000990 locked=40
FE LOCK_PENDING uid=2 cur=2 free=100001721 locked=46
FE LOCK_PENDING uid=2 cur=2 free=100002075 locked=62
FE LOCK_PENDING uid=2 cur=2 free=100002093 locked=44
FE LOCK_PENDING uid=2 cur=2 free=100002936 locked=88
FE LOCK_PENDING uid=2 cur=2 free=100002967 locked=19
FE LOCK_PENDING uid=2 cur=2 free=100002991 locked=33
FE LOCK_PENDING uid=2 cur=2 free=100003442 locked=33
FE LOCK_PENDING uid=2 cur=2 free=100003445 locked=30
FE LOCK_PENDING uid=2 cur=2 free=100004833 locked=66
FE LOCK_PENDING uid=2 cur=2 free=100004839 locked=60
FE LOCK_PENDING uid=2 cur=2 free=100005268 locked=65
FE LOCK_PENDING uid=2 cur=2 free=99997411 locked=87
FE LOCK_PENDING uid=2 cur=2 free=99997468 locked=30
FE LOCK_PENDING uid=2 cur=2 free=99999960 locked=40
FE LOCK_PENDING uid=2 cur=2 free=99999961 locked=39
FE LOCK_PENDING uid=2 cur=2 free=99999981 locked=19
FE LOCK_PENDING uid=3 cur=2 free=99994567 locked=42
FE LOCK_PENDING uid=3 cur=2 free=99995069 locked=40
FE LOCK_PENDING uid=3 cur=2 free=99995645 locked=33
FE LOCK_PENDING uid=3 cur=2 free=99995648 locked=30
FE LOCK_PENDING uid=3 cur=2 free=99996048 locked=99
FE LOCK_PENDING uid=3 cur=2 free=99996070 locked=77
FE LOCK_PENDING uid=3 cur=2 free=99996077 locked=58
FE LOCK_PENDING uid=3 cur=2 free=99996180 locked=64
FE LOCK_PENDING uid=3 cur=2 free=99996283 locked=41
FE LOCK_PENDING uid=3 cur=2 free=99996302 locked=22
FE LOCK_PENDING uid=3 cur=2 free=99996322 locked=78
FE LOCK_PENDING uid=3 cur=2 free=99996359 locked=41
FE LOCK_PENDING uid=3 cur=2 free=99996786 locked=78
FE LOCK_PENDING uid=3 cur=2 free=99996826 locked=38
FE LOCK_PENDING uid=3 cur=2 free=99997253 locked=53
FE LOCK_PENDING uid=3 cur=2 free=99998651 locked=50
FE LOCK_PENDING uid=3 cur=2 free=99998654 locked=47
FE LOCK_PENDING uid=3 cur=2 free=99998671 locked=30
FE LOCK_PENDING uid=3 cur=2 free=99999024 locked=57
FE LOCK_PENDING uid=3 cur=2 free=99999928 locked=72
FE LOCK_PENDING uid=3 cur=2 free=99999979 locked=21
FE LOCK_PENDING uid=4 cur=2 free=100000425 locked=42
FE LOCK_PENDING uid=4 cur=2 free=100001663 locked=50
FE LOCK_PENDING uid=4 cur=2 free=100001666 locked=47
FE LOCK_PENDING uid=4 cur=2 free=100003055 locked=53
FE LOCK_PENDING uid=4 cur=2 free=100003098 locked=38
FE LOCK_PENDING uid=4 cur=2 free=100003375 locked=41
FE LOCK_PENDING uid=4 cur=2 free=100003551 locked=21
FE LOCK_PENDING uid=4 cur=2 free=99999899 locked=99
FE LOCK_PENDING uid=4 cur=2 free=99999921 locked=77
FE LOCK_PENDING uid=4 cur=2 free=99999928 locked=72
FE LOCK_PENDING uid=4 cur=2 free=99999979 locked=21
FE OPEN_POSITION uid=1 cur=2 free=100000344 locked=30
FE OPEN_POSITION uid=1 cur=2 free=100000350 locked=30
FE OPEN_POSITION uid=1 cur=2 free=100001658 locked=60
FE OPEN_POSITION uid=1 cur=2 free=100001678 locked=40
FE OPEN_POSITION uid=1 cur=2 free=100002038 locked=50
FE OPEN_POSITION uid=1 cur=2 free=99999270 locked=40
FE OPEN_POSITION uid=1 cur=2 free=99999302 locked=70
FE OPEN_POSITION uid=1 cur=2 free=99999465 locked=60
FE OPEN_POSITION uid=1 cur=2 free=99999502 locked=20
FE OPEN_POSITION uid=1 cur=2 free=99999531 locked=60
FE OPEN_POSITION uid=1 cur=2 free=99999772 locked=20
FE OPEN_POSITION uid=1 cur=2 free=99999772 locked=20
FE OPEN_POSITION uid=1 cur=2 free=99999960 locked=40
FE OPEN_POSITION uid=1 cur=2 free=99999980 locked=20
FE OPEN_POSITION uid=2 cur=2 free=100000144 locked=70
FE OPEN_POSITION uid=2 cur=2 free=100000148 locked=60
FE OPEN_POSITION uid=2 cur=2 free=100000168 locked=40
FE OPEN_POSITION uid=2 cur=2 free=100000602 locked=60
FE OPEN_POSITION uid=2 cur=2 free=100000622 locked=40
FE OPEN_POSITION uid=2 cur=2 free=100000712 locked=20
FE OPEN_POSITION uid=2 cur=2 free=100000990 locked=40
FE OPEN_POSITION uid=2 cur=2 free=100001010 locked=20
FE OPEN_POSITION uid=2 cur=2 free=100001717 locked=50
FE OPEN_POSITION uid=2 cur=2 free=100002077 locked=60
FE OPEN_POSITION uid=2 cur=2 free=100002097 locked=40
FE OPEN_POSITION uid=2 cur=2 free=100002934 locked=90
FE OPEN_POSITION uid=2 cur=2 free=100002966 locked=20
FE OPEN_POSITION uid=2 cur=2 free=100002994 locked=30
FE OPEN_POSITION uid=2 cur=2 free=100003445 locked=30
FE OPEN_POSITION uid=2 cur=2 free=100004839 locked=60
FE OPEN_POSITION uid=2 cur=2 free=100005273 locked=60
FE OPEN_POSITION uid=2 cur=2 free=99997408 locked=90
FE OPEN_POSITION uid=2 cur=2 free=99997468 locked=30
FE OPEN_POSITION uid=2 cur=2 free=99999960 locked=40
FE OPEN_POSITION uid=2 cur=2 free=99999980 locked=20
FE OPEN_POSITION uid=3 cur=2 free=99994569 locked=40
FE OPEN_POSITION uid=3 cur=2 free=99995069 locked=40
FE OPEN_POSITION uid=3 cur=2 free=99995648 locked=30
FE OPEN_POSITION uid=3 cur=2 free=99996047 locked=100
FE OPEN_POSITION uid=3 cur=2 free=99996075 locked=60
FE OPEN_POSITION uid=3 cur=2 free=99996077 locked=70
FE OPEN_POSITION uid=3 cur=2 free=99996184 locked=60
FE OPEN_POSITION uid=3 cur=2 free=99996284 locked=40
FE OPEN_POSITION uid=3 cur=2 free=99996304 locked=20
FE OPEN_POSITION uid=3 cur=2 free=99996320 locked=80
FE OPEN_POSITION uid=3 cur=2 free=99996360 locked=40
FE OPEN_POSITION uid=3 cur=2 free=99996784 locked=80
FE OPEN_POSITION uid=3 cur=2 free=99996824 locked=40
FE OPEN_POSITION uid=3 cur=2 free=99997256 locked=50
FE OPEN_POSITION uid=3 cur=2 free=99998651 locked=50
FE OPEN_POSITION uid=3 cur=2 free=99999021 locked=60
FE OPEN_POSITION uid=3 cur=2 free=99999930 locked=70
FE OPEN_POSITION uid=3 cur=2 free=99999980 locked=20
FE OPEN_POSITION uid=4 cur=2 free=100000427 locked=40
FE OPEN_POSITION uid=4 cur=2 free=100001663 locked=50
FE OPEN_POSITION uid=4 cur=2 free=100003058 locked=50
FE OPEN_POSITION uid=4 cur=2 free=100003096 locked=40
FE OPEN_POSITION uid=4 cur=2 free=100003376 locked=40
FE OPEN_POSITION uid=4 cur=2 free=100003552 locked=20
FE OPEN_POSITION uid=4 cur=2 free=99999898 locked=100
FE OPEN_POSITION uid=4 cur=2 free=99999928 locked=70
FE OPEN_POSITION uid=4 cur=2 free=99999930 locked=70
FE OPEN_POSITION uid=4 cur=2 free=99999980 locked=20
FE PNL_SETTLEMENT uid=1 cur=2 free=100000374 locked=0
FE PNL_SETTLEMENT uid=1 cur=2 free=100000380 locked=0
FE PNL_SETTLEMENT uid=1 cur=2 free=100001718 locked=0
FE PNL_SETTLEMENT uid=1 cur=2 free=100002088 locked=0
FE PNL_SETTLEMENT uid=1 cur=2 free=100002363 locked=0
FE PNL_SETTLEMENT uid=1 cur=2 free=99999310 locked=0
FE PNL_SETTLEMENT uid=1 cur=2 free=99999372 locked=0
FE PNL_SETTLEMENT uid=1 cur=2 free=99999522 locked=0
FE PNL_SETTLEMENT uid=1 cur=2 free=99999525 locked=0
FE PNL_SETTLEMENT uid=1 cur=2 free=99999591 locked=0
FE PNL_SETTLEMENT uid=1 cur=2 free=99999792 locked=0
FE PNL_SETTLEMENT uid=2 cur=2 free=100000208 locked=0
FE PNL_SETTLEMENT uid=2 cur=2 free=100000214 locked=0
FE PNL_SETTLEMENT uid=2 cur=2 free=100000662 locked=0
FE PNL_SETTLEMENT uid=2 cur=2 free=100000732 locked=0
FE PNL_SETTLEMENT uid=2 cur=2 free=100001030 locked=0
FE PNL_SETTLEMENT uid=2 cur=2 free=100001767 locked=0
FE PNL_SETTLEMENT uid=2 cur=2 free=100002137 locked=0
FE PNL_SETTLEMENT uid=2 cur=2 free=100002561 locked=0
FE PNL_SETTLEMENT uid=2 cur=2 free=100002986 locked=0
FE PNL_SETTLEMENT uid=2 cur=2 free=100003024 locked=0
FE PNL_SETTLEMENT uid=2 cur=2 free=100003475 locked=0
FE PNL_SETTLEMENT uid=2 cur=2 free=100004899 locked=0
FE PNL_SETTLEMENT uid=2 cur=2 free=100005333 locked=0
FE PNL_SETTLEMENT uid=2 cur=2 free=99997498 locked=0
FE PNL_SETTLEMENT uid=3 cur=2 free=99994609 locked=0
FE PNL_SETTLEMENT uid=3 cur=2 free=99995109 locked=0
FE PNL_SETTLEMENT uid=3 cur=2 free=99995678 locked=0
FE PNL_SETTLEMENT uid=3 cur=2 free=99996105 locked=0
FE PNL_SETTLEMENT uid=3 cur=2 free=99996135 locked=0
FE PNL_SETTLEMENT uid=3 cur=2 free=99996147 locked=0
FE PNL_SETTLEMENT uid=3 cur=2 free=99996244 locked=0
FE PNL_SETTLEMENT uid=3 cur=2 free=99996324 locked=0
FE PNL_SETTLEMENT uid=3 cur=2 free=99996400 locked=0
FE PNL_SETTLEMENT uid=3 cur=2 free=99996864 locked=0
FE PNL_SETTLEMENT uid=3 cur=2 free=99997306 locked=0
FE PNL_SETTLEMENT uid=3 cur=2 free=99998701 locked=0
FE PNL_SETTLEMENT uid=3 cur=2 free=99999081 locked=0
FE PNL_SETTLEMENT uid=4 cur=2 free=100000467 locked=0
FE PNL_SETTLEMENT uid=4 cur=2 free=100001713 locked=0
FE PNL_SETTLEMENT uid=4 cur=2 free=100003108 locked=0
FE PNL_SETTLEMENT uid=4 cur=2 free=100003136 locked=0
FE PNL_SETTLEMENT uid=4 cur=2 free=100003416 locked=0
FE PNL_SETTLEMENT uid=4 cur=2 free=100003572 locked=0
FE PNL_SETTLEMENT uid=4 cur=2 free=99998971 locked=0
FE PNL_SETTLEMENT uid=4 cur=2 free=99999998 locked=0
FE UNLOCK_PENDING uid=1 cur=2 free=100000000 locked=0
FE UNLOCK_PENDING uid=1 cur=2 free=100000374 locked=0
FE UNLOCK_PENDING uid=1 cur=2 free=100000380 locked=0
FE UNLOCK_PENDING uid=1 cur=2 free=100001678 locked=40
FE UNLOCK_PENDING uid=1 cur=2 free=100001718 locked=0
FE UNLOCK_PENDING uid=1 cur=2 free=100002088 locked=0
FE UNLOCK_PENDING uid=1 cur=2 free=99999310 locked=0
FE UNLOCK_PENDING uid=1 cur=2 free=99999372 locked=0
FE UNLOCK_PENDING uid=1 cur=2 free=99999522 locked=0
FE UNLOCK_PENDING uid=1 cur=2 free=99999525 locked=0
FE UNLOCK_PENDING uid=1 cur=2 free=99999591 locked=0
FE UNLOCK_PENDING uid=1 cur=2 free=99999772 locked=20
FE UNLOCK_PENDING uid=1 cur=2 free=99999792 locked=0
FE UNLOCK_PENDING uid=1 cur=2 free=99999960 locked=40
FE UNLOCK_PENDING uid=1 cur=2 free=99999980 locked=20
FE UNLOCK_PENDING uid=2 cur=2 free=100000000 locked=0
FE UNLOCK_PENDING uid=2 cur=2 free=100000148 locked=60
FE UNLOCK_PENDING uid=2 cur=2 free=100000168 locked=40
FE UNLOCK_PENDING uid=2 cur=2 free=100000208 locked=0
FE UNLOCK_PENDING uid=2 cur=2 free=100000214 locked=0
FE UNLOCK_PENDING uid=2 cur=2 free=100000622 locked=40
FE UNLOCK_PENDING uid=2 cur=2 free=100000662 locked=0
FE UNLOCK_PENDING uid=2 cur=2 free=100000732 locked=0
FE UNLOCK_PENDING uid=2 cur=2 free=100000990 locked=40
FE UNLOCK_PENDING uid=2 cur=2 free=100001030 locked=0
FE UNLOCK_PENDING uid=2 cur=2 free=100001767 locked=0
FE UNLOCK_PENDING uid=2 cur=2 free=100002097 locked=40
FE UNLOCK_PENDING uid=2 cur=2 free=100002137 locked=0
FE UNLOCK_PENDING uid=2 cur=2 free=100002986 locked=0
FE UNLOCK_PENDING uid=2 cur=2 free=100002994 locked=30
FE UNLOCK_PENDING uid=2 cur=2 free=100003024 locked=0
FE UNLOCK_PENDING uid=2 cur=2 free=100003445 locked=30
FE UNLOCK_PENDING uid=2 cur=2 free=100003475 locked=0
FE UNLOCK_PENDING uid=2 cur=2 free=100004839 locked=60
FE UNLOCK_PENDING uid=2 cur=2 free=100004899 locked=0
FE UNLOCK_PENDING uid=2 cur=2 free=100005333 locked=0
FE UNLOCK_PENDING uid=2 cur=2 free=99997468 locked=30
FE UNLOCK_PENDING uid=2 cur=2 free=99997498 locked=0
FE UNLOCK_PENDING uid=2 cur=2 free=99999960 locked=40
FE UNLOCK_PENDING uid=2 cur=2 free=99999980 locked=20
FE UNLOCK_PENDING uid=3 cur=2 free=100000000 locked=0
FE UNLOCK_PENDING uid=3 cur=2 free=99994609 locked=0
FE UNLOCK_PENDING uid=3 cur=2 free=99995109 locked=0
FE UNLOCK_PENDING uid=3 cur=2 free=99995648 locked=30
FE UNLOCK_PENDING uid=3 cur=2 free=99995678 locked=0
FE UNLOCK_PENDING uid=3 cur=2 free=99996077 locked=70
FE UNLOCK_PENDING uid=3 cur=2 free=99996135 locked=0
FE UNLOCK_PENDING uid=3 cur=2 free=99996147 locked=0
FE UNLOCK_PENDING uid=3 cur=2 free=99996244 locked=0
FE UNLOCK_PENDING uid=3 cur=2 free=99996304 locked=20
FE UNLOCK_PENDING uid=3 cur=2 free=99996324 locked=0
FE UNLOCK_PENDING uid=3 cur=2 free=99996360 locked=40
FE UNLOCK_PENDING uid=3 cur=2 free=99996400 locked=0
FE UNLOCK_PENDING uid=3 cur=2 free=99996824 locked=40
FE UNLOCK_PENDING uid=3 cur=2 free=99996864 locked=0
FE UNLOCK_PENDING uid=3 cur=2 free=99997306 locked=0
FE UNLOCK_PENDING uid=3 cur=2 free=99998651 locked=50
FE UNLOCK_PENDING uid=3 cur=2 free=99998671 locked=30
FE UNLOCK_PENDING uid=3 cur=2 free=99998701 locked=0
FE UNLOCK_PENDING uid=3 cur=2 free=99999081 locked=0
FE UNLOCK_PENDING uid=3 cur=2 free=99999980 locked=20
FE UNLOCK_PENDING uid=4 cur=2 free=100000000 locked=0
FE UNLOCK_PENDING uid=4 cur=2 free=100000467 locked=0
FE UNLOCK_PENDING uid=4 cur=2 free=100001663 locked=50
FE UNLOCK_PENDING uid=4 cur=2 free=100001713 locked=0
FE UNLOCK_PENDING uid=4 cur=2 free=100003108 locked=0
FE UNLOCK_PENDING uid=4 cur=2 free=100003136 locked=0
FE UNLOCK_PENDING uid=4 cur=2 free=100003416 locked=0
FE UNLOCK_PENDING uid=4 cur=2 free=100003572 locked=0
FE UNLOCK_PENDING uid=4 cur=2 free=99999928 locked=70
FE UNLOCK_PENDING uid=4 cur=2 free=99999980 locked=20
FE UNLOCK_PENDING uid=4 cur=2 free=99999998 locked=0
