R 4 SUCCESS
R 5 SUCCESS
R 6 SUCCESS
R 7 SUCCESS
R 8 SUCCESS
R 9 SUCCESS
R 10 SUCCESS
R 11 SUCCESS
R 12 SUCCESS
R 13 SUCCESS
R 14 SUCCESS
R 15 SUCCESS
R 16 SUCCESS
R 17 SUCCESS
R 18 SUCCESS
R 19 SUCCESS
R 20 SUCCESS
R 21 SUCCESS
R 22 SUCCESS
R 23 SUCCESS
R 24 SUCCESS
R 25 SUCCESS
R 26 SUCCESS
R 27 SUCCESS
R 28 SUCCESS
R 29 SUCCESS
R 30 SUCCESS
R 31 SUCCESS
R 32 SUCCESS
R 33 SUCCESS
R 34 SUCCESS
R 35 SUCCESS
R 36 SUCCESS
R 37 SUCCESS
R 38 SUCCESS
R 39 SUCCESS
R 40 SUCCESS
R 41 SUCCESS
R 42 SUCCESS
R 43 SUCCESS
R 44 SUCCESS
R 45 SUCCESS
R 46 SUCCESS
R 47 SUCCESS
R 48 SUCCESS
R 49 SUCCESS
R 50 SUCCESS
R 51 SUCCESS
R 52 SUCCESS
R 53 SUCCESS
R 54 SUCCESS
R 55 SUCCESS
R 56 SUCCESS
R 57 SUCCESS
R 58 SUCCESS
R 59 SUCCESS
R 60 SUCCESS
R 61 SUCCESS
R 62 SUCCESS
R 63 SUCCESS
R 64 SUCCESS
R 65 SUCCESS
R 66 SUCCESS
R 67 SUCCESS
R 68 SUCCESS
R 69 SUCCESS
R 70 SUCCESS
R 71 SUCCESS
R 72 SUCCESS
R 73 SUCCESS
R 74 SUCCESS
R 75 SUCCESS
R 76 SUCCESS
R 77 SUCCESS
R 78 SUCCESS
R 79 SUCCESS
R 80 SUCCESS
R 81 SUCCESS
R 82 SUCCESS
R 83 SUCCESS
R 84 SUCCESS
R 85 SUCCESS
R 86 SUCCESS
R 87 SUCCESS
R 88 SUCCESS
R 89 SUCCESS
R 90 SUCCESS
R 91 SUCCESS
R 92 SUCCESS
R 93 SUCCESS
R 94 SUCCESS
R 95 SUCCESS
R 96 SUCCESS
R 97 SUCCESS
R 98 SUCCESS
R 99 SUCCESS
R 100 SUCCESS
R 101 SUCCESS
R 102 SUCCESS
R 103 SUCCESS
R 104 SUCCESS
R 105 SUCCESS
R 106 SUCCESS
R 107 SUCCESS
R 108 SUCCESS
R 109 SUCCESS
R 110 SUCCESS
R 111 SUCCESS
R 112 SUCCESS
R 113 SUCCESS
R 114 SUCCESS
R 115 SUCCESS
R 116 SUCCESS
R 117 SUCCESS
R 118 SUCCESS
R 119 SUCCESS
STATE
A 1 2 99995632
A 2 2 100002037
POS 2 10010 SHORT 2 1863 20 0
A 3 2 100009163
POS 3 10010 LONG 2 1863 20 0
A 4 2 99993168
EVENTS
FE CLOSE_POSITION uid=1 cur=2 free=100000555 locked=0
FE CLOSE_POSITION uid=1 cur=2 free=100002127 locked=60
FE CLOSE_POSITION uid=1 cur=2 free=100002997 locked=70
FE CLOSE_POSITION uid=1 cur=2 free=99994789 locked=30
FE CLOSE_POSITION uid=2 cur=2 free=100001251 locked=0
FE CLOSE_POSITION uid=2 cur=2 free=100002017 locked=20
FE CLOSE_POSITION uid=2 cur=2 free=100002300 locked=30
FE CLOSE_POSITION uid=2 cur=2 free=99998176 locked=120
FE CLOSE_POSITION uid=2 cur=2 free=99998206 locked=90
FE CLOSE_POSITION uid=2 cur=2 free=99998669 locked=70
FE CLOSE_POSITION uid=2 cur=2 free=99999033 locked=0
FE CLOSE_POSITION uid=2 cur=2 free=99999033 locked=0
FE CLOSE_POSITION uid=2 cur=2 free=99999380 locked=10
FE CLOSE_POSITION uid=2 cur=2 free=99999599 locked=20
FE CLOSE_POSITION uid=2 cur=2 free=99999619 locked=0
FE CLOSE_POSITION uid=2 cur=2 free=99999619 locked=0
FE CLOSE_POSITION uid=2 cur=2 free=99999930 locked=70
FE CLOSE_POSITION uid=3 cur=2 free=100000000 locked=0
FE CLOSE_POSITION uid=3 cur=2 free=100000000 locked=0
FE CLOSE_POSITION uid=3 cur=2 free=100003523 locked=60
FE CLOSE_POSITION uid=3 cur=2 free=100003563 locked=20
FE CLOSE_POSITION uid=3 cur=2 free=100003573 locked=10
FE CLOSE_POSITION uid=3 cur=2 free=100003583 locked=0
FE CLOSE_POSITION uid=3 cur=2 free=100009143 locked=20
FE DEPOSIT uid=1 cur=2 free=100000000 locked=0
FE DEPOSIT uid=2 cur=2 free=100000000 locked=0
FE DEPOSIT uid=3 cur=2 free=100000000 locked=0
FE DEPOSIT uid=4 cur=2 free=100000000 locked=0
FE LOCK_PENDING uid=1 cur=2 free=100000110 locked=207
FE LOCK_PENDING uid=1 cur=2 free=100000165 locked=152
FE LOCK_PENDING uid=1 cur=2 free=100000235 locked=82
FE LOCK_PENDING uid=1 cur=2 free=100000269 locked=48
FE LOCK_PENDING uid=1 cur=2 free=100000516 locked=39
FE LOCK_PENDING uid=1 cur=2 free=100000523 locked=32
FE LOCK_PENDING uid=1 cur=2 free=100000984 locked=96
FE LOCK_PENDING uid=1 cur=2 free=100001026 locked=54
FE LOCK_PENDING uid=1 cur=2 free=100002077 locked=110
FE LOCK_PENDING uid=1 cur=2 free=100002077 locked=110
FE LOCK_PENDING uid=1 cur=2 free=100002107 locked=80
FE LOCK_PENDING uid=1 cur=2 free=100002145 locked=42
FE LOCK_PENDING uid=1 cur=2 free=100002954 locked=113
FE LOCK_PENDING uid=1 cur=2 free=100002957 locked=110
FE LOCK_PENDING uid=1 cur=2 free=100003014 locked=53
FE LOCK_PENDING uid=1 cur=2 free=99993992 locked=72
FE LOCK_PENDING uid=1 cur=2 free=99994769 locked=50
FE LOCK_PENDING uid=1 cur=2 free=99994770 locked=49
FE LOCK_PENDING uid=1 cur=2 free=99998528 locked=113
FE LOCK_PENDING uid=1 cur=2 free=99998585 locked=56
FE LOCK_PENDING uid=1 cur=2 free=99999968 locked=32
FE LOCK_PENDING uid=2 cur=2 free=100000630 locked=96
FE LOCK_PENDING uid=2 cur=2 free=100000672 locked=54
FE LOCK_PENDING uid=2 cur=2 free=100001212 locked=39
FE LOCK_PENDING uid=2 cur=2 free=100001219 locked=32
FE LOCK_PENDING uid=2 cur=2 free=100001463 locked=54
FE LOCK_PENDING uid=2 cur=2 free=100001985 locked=52
FE LOCK_PENDING uid=2 cur=2 free=100001987 locked=50
FE LOCK_PENDING uid=2 cur=2 free=100002280 locked=50
FE LOCK_PENDING uid=2 cur=2 free=100002281 locked=49
FE LOCK_PENDING uid=2 cur=2 free=100003013 locked=72
FE LOCK_PENDING uid=2 cur=2 free=100003046 locked=113
FE LOCK_PENDING uid=2 cur=2 free=100003103 locked=56
FE LOCK_PENDING uid=2 cur=2 free=99997902 locked=63
FE LOCK_PENDING uid=2 cur=2 free=99998144 locked=152
FE LOCK_PENDING uid=2 cur=2 free=99998146 locked=150
FE LOCK_PENDING uid=2 cur=2 free=99998149 locked=147
FE LOCK_PENDING uid=2 cur=2 free=99998176 locked=120
FE LOCK_PENDING uid=2 cur=2 free=99998214 locked=82
FE LOCK_PENDING uid=2 cur=2 free=99998248 locked=48
FE LOCK_PENDING uid=2 cur=2 free=99998626 locked=113
FE LOCK_PENDING uid=2 cur=2 free=99998629 locked=110
FE LOCK_PENDING uid=2 cur=2 free=99998686 locked=53
FE LOCK_PENDING uid=2 cur=2 free=99998701 locked=32
FE LOCK_PENDING uid=2 cur=2 free=99998992 locked=41
FE LOCK_PENDING uid=2 cur=2 free=99998993 locked=40
FE LOCK_PENDING uid=2 cur=2 free=99999000 locked=33
FE LOCK_PENDING uid=2 cur=2 free=99999327 locked=63
FE LOCK_PENDING uid=2 cur=2 free=99999347 locked=43
FE LOCK_PENDING uid=2 cur=2 free=99999350 locked=40
FE LOCK_PENDING uid=2 cur=2 free=99999558 locked=61
FE LOCK_PENDING uid=2 cur=2 free=99999559 locked=60
FE LOCK_PENDING uid=2 cur=2 free=99999579 locked=40
FE LOCK_PENDING uid=2 cur=2 free=99999583 locked=36
FE LOCK_PENDING uid=2 cur=2 free=99999898 locked=102
FE LOCK_PENDING uid=2 cur=2 free=99999900 locked=100
FE LOCK_PENDING uid=2 cur=2 free=99999930 locked=70
FE LOCK_PENDING uid=3 cur=2 free=100000133 locked=57
FE LOCK_PENDING uid=3 cur=2 free=100000976 locked=54
FE LOCK_PENDING uid=3 cur=2 free=100001345 locked=75
FE LOCK_PENDING uid=3 cur=2 free=100002828 locked=32
FE LOCK_PENDING uid=3 cur=2 free=100003460 locked=123
FE LOCK_PENDING uid=3 cur=2 free=100003463 locked=120
FE LOCK_PENDING uid=3 cur=2 free=100003497 locked=86
FE LOCK_PENDING uid=3 cur=2 free=100003505 locked=123
FE LOCK_PENDING uid=3 cur=2 free=100003522 locked=61
FE LOCK_PENDING uid=3 cur=2 free=100003523 locked=60
FE LOCK_PENDING uid=3 cur=2 free=100003543 locked=40
FE LOCK_PENDING uid=3 cur=2 free=100003547 locked=36
FE LOCK_PENDING uid=3 cur=2 free=100003572 locked=56
FE LOCK_PENDING uid=3 cur=2 free=100004672 locked=112
FE LOCK_PENDING uid=3 cur=2 free=100004722 locked=62
FE LOCK_PENDING uid=3 cur=2 free=100004755 locked=29
FE LOCK_PENDING uid=3 cur=2 free=100007339 locked=44
FE LOCK_PENDING uid=3 cur=2 free=100007962 locked=65
FE LOCK_PENDING uid=3 cur=2 free=100009111 locked=52
FE LOCK_PENDING uid=3 cur=2 free=100009113 locked=50
FE LOCK_PENDING uid=3 cur=2 free=100009629 locked=54
FE LOCK_PENDING uid=3 cur=2 free=99999950 locked=50
FE LOCK_PENDING uid=3 cur=2 free=99999953 locked=47
FE LOCK_PENDING uid=3 cur=2 free=99999980 locked=20
FE LOCK_PENDING uid=4 cur=2 free=99994554 locked=57
FE LOCK_PENDING uid=4 cur=2 free=99994759 locked=65
FE LOCK_PENDING uid=4 cur=2 free=99995284 locked=56
FE LOCK_PENDING uid=4 cur=2 free=99995424 locked=44
FE LOCK_PENDING uid=4 cur=2 free=99996551 locked=52
FE LOCK_PENDING uid=4 cur=2 free=99996699 locked=75
FE LOCK_PENDING uid=4 cur=2 free=99997116 locked=54
FE LOCK_PENDING uid=4 cur=2 free=99997953 locked=57
FE LOCK_PENDING uid=4 cur=2 free=99999953 locked=47
FE OPEN_POSITION uid=1 cur=2 free=100000107 locked=210
FE OPEN_POSITION uid=1 cur=2 free=100000167 locked=150
FE OPEN_POSITION uid=1 cur=2 free=100000237 locked=80
FE OPEN_POSITION uid=1 cur=2 free=100000267 locked=50
FE OPEN_POSITION uid=1 cur=2 free=100000515 locked=40
FE OPEN_POSITION uid=1 cur=2 free=100000525 locked=30
FE OPEN_POSITION uid=1 cur=2 free=100000980 locked=100
FE OPEN_POSITION uid=1 cur=2 free=100001030 locked=50
FE OPEN_POSITION uid=1 cur=2 free=100002077 locked=110
FE OPEN_POSITION uid=1 cur=2 free=100002107 locked=80
FE OPEN_POSITION uid=1 cur=2 free=100002147 locked=40
FE OPEN_POSITION uid=1 cur=2 free=100002957 locked=110
FE OPEN_POSITION uid=1 cur=2 free=100003017 locked=50
FE OPEN_POSITION uid=1 cur=2 free=99993994 locked=70
FE OPEN_POSITION uid=1 cur=2 free=99994769 locked=50
FE OPEN_POSITION uid=1 cur=2 free=99998531 locked=110
FE OPEN_POSITION uid=1 cur=2 free=99998581 locked=60
FE OPEN_POSITION uid=1 cur=2 free=99999970 locked=30
FE OPEN_POSITION uid=2 cur=2 free=100000626 locked=100
FE OPEN_POSITION uid=2 cur=2 free=100000676 locked=50
FE OPEN_POSITION uid=2 cur=2 free=100001211 locked=40
FE OPEN_POSITION uid=2 cur=2 free=100001221 locked=30
FE OPEN_POSITION uid=2 cur=2 free=100001467 locked=50
FE OPEN_POSITION uid=2 cur=2 free=100001987 locked=50
FE OPEN_POSITION uid=2 cur=2 free=100002280 locked=50
FE OPEN_POSITION uid=2 cur=2 free=100003015 locked=70
FE OPEN_POSITION uid=2 cur=2 free=100003049 locked=110
FE OPEN_POSITION uid=2 cur=2 free=100003099 locked=60
FE OPEN_POSITION uid=2 cur=2 free=99997905 locked=60
FE OPEN_POSITION uid=2 cur=2 free=99998146 locked=150
FE OPEN_POSITION uid=2 cur=2 free=99998146 locked=150
FE OPEN_POSITION uid=2 cur=2 free=99998216 locked=80
FE OPEN_POSITION uid=2 cur=2 free=99998246 locked=50
FE OPEN_POSITION uid=2 cur=2 free=99998629 locked=110
FE OPEN_POSITION uid=2 cur=2 free=99998689 locked=50
FE OPEN_POSITION uid=2 cur=2 free=99998703 locked=30
FE OPEN_POSITION uid=2 cur=2 free=99998993 locked=40
FE OPEN_POSITION uid=2 cur=2 free=99999003 locked=30
FE OPEN_POSITION uid=2 cur=2 free=99999330 locked=60
FE OPEN_POSITION uid=2 cur=2 free=99999350 locked=40
FE OPEN_POSITION uid=2 cur=2 free=99999559 locked=60
FE OPEN_POSITION uid=2 cur=2 free=99999579 locked=40
FE OPEN_POSITION uid=2 cur=2 free=99999900 locked=100
FE OPEN_POSITION uid=2 cur=2 free=99999930 locked=70
FE OPEN_POSITION uid=3 cur=2 free=100000130 locked=60
FE OPEN_POSITION uid=3 cur=2 free=100000980 locked=50
FE OPEN_POSITION uid=3 cur=2 free=100001350 locked=70
FE OPEN_POSITION uid=3 cur=2 free=100002830 locked=30
FE OPEN_POSITION uid=3 cur=2 free=100003463 locked=120
FE OPEN_POSITION uid=3 cur=2 free=100003503 locked=80
FE OPEN_POSITION uid=3 cur=2 free=100003508 locked=120
FE OPEN_POSITION uid=3 cur=2 free=100003523 locked=60
FE OPEN_POSITION uid=3 cur=2 free=100003543 locked=40
FE OPEN_POSITION uid=3 cur=2 free=100003568 locked=60
FE OPEN_POSITION uid=3 cur=2 free=100004674 locked=110
FE OPEN_POSITION uid=3 cur=2 free=100004724 locked=60
FE OPEN_POSITION uid=3 cur=2 free=100004754 locked=30
FE OPEN_POSITION uid=3 cur=2 free=100007343 locked=40
FE OPEN_POSITION uid=3 cur=2 free=100007967 locked=60
FE OPEN_POSITION uid=3 cur=2 free=100009113 locked=50
FE OPEN_POSITION uid=3 cur=2 free=100009633 locked=50
FE OPEN_POSITION uid=3 cur=2 free=99999950 locked=50
FE OPEN_POSITION uid=3 cur=2 free=99999980 locked=20
FE OPEN_POSITION uid=3 cur=2 free=99999990 locked=10
FE OPEN_POSITION uid=4 cur=2 free=99994551 locked=60
FE OPEN_POSITION uid=4 cur=2 free=99994764 locked=60
FE OPEN_POSITION uid=4 cur=2 free=99995280 locked=60
FE OPEN_POSITION uid=4 cur=2 free=99995428 locked=40
FE OPEN_POSITION uid=4 cur=2 free=99996553 locked=50
FE OPEN_POSITION uid=4 cur=2 free=99996704 locked=70
FE OPEN_POSITION uid=4 cur=2 free=99997120 locked=50
FE OPEN_POSITION uid=4 cur=2 free=99997950 locked=60
FE OPEN_POSITION uid=4 cur=2 free=99999950 locked=50
FE PNL_SETTLEMENT uid=1 cur=2 free=100000317 locked=0
FE PNL_SETTLEMENT uid=1 cur=2 free=100000555 locked=0
FE PNL_SETTLEMENT uid=1 cur=2 free=100001080 locked=0
FE PNL_SETTLEMENT uid=1 cur=2 free=100002187 locked=0
FE PNL_SETTLEMENT uid=1 cur=2 free=100003067 locked=0
FE PNL_SETTLEMENT uid=1 cur=2 free=99994064 locked=0
FE PNL_SETTLEMENT uid=1 cur=2 free=99994819 locked=0
FE PNL_SETTLEMENT uid=1 cur=2 free=99995632 locked=0
FE PNL_SETTLEMENT uid=1 cur=2 free=99998641 locked=0
FE PNL_SETTLEMENT uid=2 cur=2 free=100000726 locked=0
FE PNL_SETTLEMENT uid=2 cur=2 free=100001251 locked=0
FE PNL_SETTLEMENT uid=2 cur=2 free=100001517 locked=0
FE PNL_SETTLEMENT uid=2 cur=2 free=100002037 locked=0
FE PNL_SETTLEMENT uid=2 cur=2 free=100002330 locked=0
FE PNL_SETTLEMENT uid=2 cur=2 free=100003085 locked=0
FE PNL_SETTLEMENT uid=2 cur=2 free=100003159 locked=0
FE PNL_SETTLEMENT uid=2 cur=2 free=99997965 locked=0
FE PNL_SETTLEMENT uid=2 cur=2 free=99998296 locked=0
FE PNL_SETTLEMENT uid=2 cur=2 free=99998733 locked=0
FE PNL_SETTLEMENT uid=2 cur=2 free=99998739 locked=0
FE PNL_SETTLEMENT uid=2 cur=2 free=99999033 locked=0
FE PNL_SETTLEMENT uid=2 cur=2 free=99999390 locked=0
FE PNL_SETTLEMENT uid=2 cur=2 free=99999619 locked=0
FE PNL_SETTLEMENT uid=3 cur=2 free=100000190 locked=0
FE PNL_SETTLEMENT uid=3 cur=2 free=100001030 locked=0
FE PNL_SETTLEMENT uid=3 cur=2 free=100001420 locked=0
FE PNL_SETTLEMENT uid=3 cur=2 free=100002860 locked=0
FE PNL_SETTLEMENT uid=3 cur=2 free=100003583 locked=0
FE PNL_SETTLEMENT uid=3 cur=2 free=100003628 locked=0
FE PNL_SETTLEMENT uid=3 cur=2 free=100004784 locked=0
FE PNL_SETTLEMENT uid=3 cur=2 free=100007383 locked=0
FE PNL_SETTLEMENT uid=3 cur=2 free=100008027 locked=0
FE PNL_SETTLEMENT uid=3 cur=2 free=100009163 locked=0
FE PNL_SETTLEMENT uid=3 cur=2 free=100009683 locked=0
FE PNL_SETTLEMENT uid=4 cur=2 free=99993168 locked=0
FE PNL_SETTLEMENT uid=4 cur=2 free=99994611 locked=0
FE PNL_SETTLEMENT uid=4 cur=2 free=99994824 locked=0
FE PNL_SETTLEMENT uid=4 cur=2 free=99995340 locked=0
FE PNL_SETTLEMENT uid=4 cur=2 free=99995468 locked=0
FE PNL_SETTLEMENT uid=4 cur=2 free=99996603 locked=0
FE PNL_SETTLEMENT uid=4 cur=2 free=99996774 locked=0
FE PNL_SETTLEMENT uid=4 cur=2 free=99997170 locked=0
FE PNL_SETTLEMENT uid=4 cur=2 free=99998010 locked=0
FE UNLOCK_PENDING uid=1 cur=2 free=100000000 locked=0
FE UNLOCK_PENDING uid=1 cur=2 free=100000167 locked=150
FE UNLOCK_PENDING uid=1 cur=2 free=100000237 locked=80
FE UNLOCK_PENDING uid=1 cur=2 free=100000267 locked=50
FE UNLOCK_PENDING uid=1 cur=2 free=100000317 locked=0
FE UNLOCK_PENDING uid=1 cur=2 free=100000525 locked=30
FE UNLOCK_PENDING uid=1 cur=2 free=100000555 locked=0
FE UNLOCK_PENDING uid=1 cur=2 free=100001030 locked=50
FE UNLOCK_PENDING uid=1 cur=2 free=100001080 locked=0
FE UNLOCK_PENDING uid=1 cur=2 free=100002077 locked=110
FE UNLOCK_PENDING uid=1 cur=2 free=100002107 locked=80
FE UNLOCK_PENDING uid=1 cur=2 free=100002147 locked=40
FE UNLOCK_PENDING uid=1 cur=2 free=100002187 locked=0
FE UNLOCK_PENDING uid=1 cur=2 free=100002957 locked=110
FE UNLOCK_PENDING uid=1 cur=2 free=100003017 locked=50
FE UNLOCK_PENDING uid=1 cur=2 free=100003067 locked=0
FE UNLOCK_PENDING uid=1 cur=2 free=99994064 locked=0
FE UNLOCK_PENDING uid=1 cur=2 free=99994769 locked=50
FE UNLOCK_PENDING uid=1 cur=2 free=99994819 locked=0
FE UNLOCK_PENDING uid=1 cur=2 free=99998581 locked=60
FE UNLOCK_PENDING uid=1 cur=2 free=99998641 locked=0
FE UNLOCK_PENDING uid=2 cur=2 free=100000000 locked=0
FE UNLOCK_PENDING uid=2 cur=2 free=100000676 locked=50
FE UNLOCK_PENDING uid=2 cur=2 free=100000726 locked=0
FE UNLOCK_PENDING uid=2 cur=2 free=100001221 locked=30
FE UNLOCK_PENDING uid=2 cur=2 free=100001251 locked=0
FE UNLOCK_PENDING uid=2 cur=2 free=100001517 locked=0
FE UNLOCK_PENDING uid=2 cur=2 free=100001987 locked=50
FE UNLOCK_PENDING uid=2 cur=2 free=100002037 locked=0
FE UNLOCK_PENDING uid=2 cur=2 free=100002280 locked=50
FE UNLOCK_PENDING uid=2 cur=2 free=100002330 locked=0
FE UNLOCK_PENDING uid=2 cur=2 free=100003085 locked=0
FE UNLOCK_PENDING uid=2 cur=2 free=100003099 locked=60
FE UNLOCK_PENDING uid=2 cur=2 free=100003159 locked=0
FE UNLOCK_PENDING uid=2 cur=2 free=99997965 locked=0
FE UNLOCK_PENDING uid=2 cur=2 free=99998146 locked=150
FE UNLOCK_PENDING uid=2 cur=2 free=99998176 locked=120
FE UNLOCK_PENDING uid=2 cur=2 free=99998206 locked=90
FE UNLOCK_PENDING uid=2 cur=2 free=99998216 locked=80
FE UNLOCK_PENDING uid=2 cur=2 free=99998246 locked=50
FE UNLOCK_PENDING uid=2 cur=2 free=99998296 locked=0
FE UNLOCK_PENDING uid=2 cur=2 free=99998629 locked=110
FE UNLOCK_PENDING uid=2 cur=2 free=99998689 locked=50
FE UNLOCK_PENDING uid=2 cur=2 free=99998733 locked=0
FE UNLOCK_PENDING uid=2 cur=2 free=99998739 locked=0
FE UNLOCK_PENDING uid=2 cur=2 free=99998993 locked=40
FE UNLOCK_PENDING uid=2 cur=2 free=99999003 locked=30
FE UNLOCK_PENDING uid=2 cur=2 free=99999033 locked=0
FE UNLOCK_PENDING uid=2 cur=2 free=99999350 locked=40
FE UNLOCK_PENDING uid=2 cur=2 free=99999380 locked=10
FE UNLOCK_PENDING uid=2 cur=2 free=99999390 locked=0
FE UNLOCK_PENDING uid=2 cur=2 free=99999559 locked=60
FE UNLOCK_PENDING uid=2 cur=2 free=99999579 locked=40
FE UNLOCK_PENDING uid=2 cur=2 free=99999599 locked=20
FE UNLOCK_PENDING uid=2 cur=2 free=99999619 locked=0
FE UNLOCK_PENDING uid=2 cur=2 free=99999900 locked=100
FE UNLOCK_PENDING uid=2 cur=2 free=99999930 locked=70
FE UNLOCK_PENDING uid=3 cur=2 free=100000000 locked=0
FE UNLOCK_PENDING uid=3 cur=2 free=100000190 locked=0
FE UNLOCK_PENDING uid=3 cur=2 free=100001030 locked=0
FE UNLOCK_PENDING uid=3 cur=2 free=100001420 locked=0
FE UNLOCK_PENDING uid=3 cur=2 free=100002860 locked=0
FE UNLOCK_PENDING uid=3 cur=2 free=100003463 locked=120
FE UNLOCK_PENDING uid=3 cur=2 free=100003503 locked=80
FE UNLOCK_PENDING uid=3 cur=2 free=100003523 locked=60
FE UNLOCK_PENDING uid=3 cur=2 free=100003543 locked=40
FE UNLOCK_PENDING uid=3 cur=2 free=100003563 locked=20
FE UNLOCK_PENDING uid=3 cur=2 free=100003568 locked=60
FE UNLOCK_PENDING uid=3 cur=2 free=100003573 locked=10
FE UNLOCK_PENDING uid=3 cur=2 free=100003583 locked=0
FE UNLOCK_PENDING uid=3 cur=2 free=100003628 locked=0
FE UNLOCK_PENDING uid=3 cur=2 free=100004724 locked=60
FE UNLOCK_PENDING uid=3 cur=2 free=100004754 locked=30
FE UNLOCK_PENDING uid=3 cur=2 free=100004784 locked=0
FE UNLOCK_PENDING uid=3 cur=2 free=100007383 locked=0
FE UNLOCK_PENDING uid=3 cur=2 free=100008027 locked=0
FE UNLOCK_PENDING uid=3 cur=2 free=100009113 locked=50
FE UNLOCK_PENDING uid=3 cur=2 free=100009163 locked=0
FE UNLOCK_PENDING uid=3 cur=2 free=100009683 locked=0
FE UNLOCK_PENDING uid=3 cur=2 free=99999950 locked=50
FE UNLOCK_PENDING uid=3 cur=2 free=99999980 locked=20
FE UNLOCK_PENDING uid=4 cur=2 free=100000000 locked=0
FE UNLOCK_PENDING uid=4 cur=2 free=99994611 locked=0
FE UNLOCK_PENDING uid=4 cur=2 free=99994824 locked=0
FE UNLOCK_PENDING uid=4 cur=2 free=99995340 locked=0
FE UNLOCK_PENDING uid=4 cur=2 free=99995468 locked=0
FE UNLOCK_PENDING uid=4 cur=2 free=99996603 locked=0
FE UNLOCK_PENDING uid=4 cur=2 free=99996774 locked=0
FE UNLOCK_PENDING uid=4 cur=2 free=99997170 locked=0
FE UNLOCK_PENDING uid=4 cur=2 free=99998010 locked=0
