R 4 SUCCESS
R 5 SUCCESS
R 6 SUCCESS
R 7 SUCCESS
R 8 SUCCESS
R 9 SUCCESS
R 10 SUCCESS
R 11 SUCCESS
R 12 SUCCESS
R 13 SUCCESS
R 14 SUCCESS
R 15 SUCCESS
R 16 SUCCESS
R 17 SUCCESS
R 18 SUCCESS
R 19 SUCCESS
R 20 SUCCESS
R 21 SUCCESS
R 22 SUCCESS
R 23 SUCCESS
R 24 SUCCESS
R 25 SUCCESS
R 26 SUCCESS
R 27 SUCCESS
R 28 SUCCESS
R 29 SUCCESS
R 30 SUCCESS
R 31 SUCCESS
R 32 SUCCESS
R 33 SUCCESS
R 34 SUCCESS
R 35 SUCCESS
R 36 SUCCESS
R 37 SUCCESS
R 38 SUCCESS
R 39 SUCCESS
R 40 SUCCESS
R 41 SUCCESS
R 42 SUCCESS
R 43 SUCCESS
R 44 SUCCESS
R 45 SUCCESS
R 46 SUCCESS
R 47 SUCCESS
R 48 SUCCESS
R 49 SUCCESS
R 50 SUCCESS
R 51 SUCCESS
R 52 SUCCESS
R 53 SUCCESS
R 54 SUCCESS
R 55 SUCCESS
R 56 SUCCESS
R 57 SUCCESS
R 58 SUCCESS
R 59 SUCCESS
R 60 SUCCESS
R 61 SUCCESS
R 62 SUCCESS
R 63 SUCCESS
R 64 SUCCESS
R 65 SUCCESS
R 66 SUCCESS
R 67 SUCCESS
R 68 SUCCESS
R 69 SUCCESS
R 70 SUCCESS
R 71 SUCCESS
R 72 SUCCESS
R 73 SUCCESS
R 74 SUCCESS
R 75 SUCCESS
R 76 SUCCESS
R 77 SUCCESS
R 78 SUCCESS
R 79 SUCCESS
R 80 SUCCESS
R 81 SUCCESS
R 82 SUCCESS
R 83 SUCCESS
R 84 SUCCESS
R 85 SUCCESS
R 86 SUCCESS
R 87 SUCCESS
R 88 SUCCESS
R 89 SUCCESS
R 90 SUCCESS
R 91 SUCCESS
R 92 SUCCESS
R 93 SUCCESS
R 94 SUCCESS
R 95 SUCCESS
R 96 SUCCESS
R 97 SUCCESS
R 98 SUCCESS
R 99 SUCCESS
R 100 SUCCESS
R 101 SUCCESS
R 102 SUCCESS
R 103 SUCCESS
R 104 SUCCESS
R 105 SUCCESS
R 106 SUCCESS
R 107 SUCCESS
R 108 SUCCESS
R 109 SUCCESS
R 110 SUCCESS
R 111 SUCCESS
R 112 SUCCESS
R 113 SUCCESS
R 114 SUCCESS
R 115 SUCCESS
R 116 SUCCESS
R 117 SUCCESS
R 118 SUCCESS
R 119 SUCCESS
R 120 SUCCESS
R 121 SUCCESS
R 122 SUCCESS
R 123 SUCCESS
STATE
A 1 2 99997368
A 2 2 100001378
A 3 2 99995935
A 4 2 100005319
EVENTS
FE CLOSE_POSITION uid=1 cur=2 free=100000000 locked=0
FE CLOSE_POSITION uid=1 cur=2 free=100000000 locked=0
FE CLOSE_POSITION uid=1 cur=2 free=99995678 locked=0
FE CLOSE_POSITION uid=1 cur=2 free=99999253 locked=0
FE CLOSE_POSITION uid=1 cur=2 free=99999253 locked=0
FE CLOSE_POSITION uid=2 cur=2 free=100000244 locked=0
FE CLOSE_POSITION uid=2 cur=2 free=100000744 locked=0
FE CLOSE_POSITION uid=2 cur=2 free=100001630 locked=70
FE CLOSE_POSITION uid=2 cur=2 free=100001641 locked=110
FE CLOSE_POSITION uid=2 cur=2 free=100001651 locked=100
FE CLOSE_POSITION uid=2 cur=2 free=100001700 locked=0
FE CLOSE_POSITION uid=2 cur=2 free=100001751 locked=0
FE CLOSE_POSITION uid=2 cur=2 free=100001917 locked=0
FE CLOSE_POSITION uid=2 cur=2 free=99999998 locked=0
FE CLOSE_POSITION uid=3 cur=2 free=100000000 locked=0
FE CLOSE_POSITION uid=3 cur=2 free=100000285 locked=0
FE CLOSE_POSITION uid=3 cur=2 free=99995797 locked=0
FE CLOSE_POSITION uid=3 cur=2 free=99997733 locked=150
FE CLOSE_POSITION uid=3 cur=2 free=99997763 locked=120
FE CLOSE_POSITION uid=3 cur=2 free=99997823 locked=60
FE CLOSE_POSITION uid=3 cur=2 free=99998901 locked=0
FE CLOSE_POSITION uid=3 cur=2 free=99998937 locked=130
FE CLOSE_POSITION uid=3 cur=2 free=99998987 locked=80
FE CLOSE_POSITION uid=3 cur=2 free=99998987 locked=80
FE CLOSE_POSITION uid=3 cur=2 free=99999057 locked=10
FE CLOSE_POSITION uid=3 cur=2 free=99999785 locked=0
FE CLOSE_POSITION uid=3 cur=2 free=99999970 locked=30
FE CLOSE_POSITION uid=4 cur=2 free=100000000 locked=0
FE CLOSE_POSITION uid=4 cur=2 free=100004649 locked=90
FE CLOSE_POSITION uid=4 cur=2 free=100004709 locked=30
FE CLOSE_POSITION uid=4 cur=2 free=99999929 locked=0
FE DEPOSIT uid=1 cur=2 free=100000000 locked=0
FE DEPOSIT uid=2 cur=2 free=100000000 locked=0
FE DEPOSIT uid=3 cur=2 free=100000000 locked=0
FE DEPOSIT uid=4 cur=2 free=100000000 locked=0
FE LOCK_PENDING uid=1 cur=2 free=99995637 locked=41
FE LOCK_PENDING uid=1 cur=2 free=99995638 locked=40
FE LOCK_PENDING uid=1 cur=2 free=99995659 locked=19
FE LOCK_PENDING uid=1 cur=2 free=99996019 locked=29
FE LOCK_PENDING uid=1 cur=2 free=99996332 locked=74
FE LOCK_PENDING uid=1 cur=2 free=99998531 locked=65
FE LOCK_PENDING uid=1 cur=2 free=99999199 locked=54
FE LOCK_PENDING uid=1 cur=2 free=99999203 locked=50
FE LOCK_PENDING uid=1 cur=2 free=99999218 locked=35
FE LOCK_PENDING uid=1 cur=2 free=99999930 locked=70
FE LOCK_PENDING uid=1 cur=2 free=99999965 locked=35
FE LOCK_PENDING uid=1 cur=2 free=99999975 locked=25
FE LOCK_PENDING uid=1 cur=2 free=99999981 locked=19
FE LOCK_PENDING uid=2 cur=2 free=100000170 locked=144
FE LOCK_PENDING uid=2 cur=2 free=100000210 locked=104
FE LOCK_PENDING uid=2 cur=2 free=100000224 locked=20
FE LOCK_PENDING uid=2 cur=2 free=100000225 locked=19
FE LOCK_PENDING uid=2 cur=2 free=100000282 locked=32
FE LOCK_PENDING uid=2 cur=2 free=100000370 locked=21
FE LOCK_PENDING uid=2 cur=2 free=100000701 locked=43
FE LOCK_PENDING uid=2 cur=2 free=100000704 locked=40
FE LOCK_PENDING uid=2 cur=2 free=100001073 locked=46
FE LOCK_PENDING uid=2 cur=2 free=100001574 locked=177
FE LOCK_PENDING uid=2 cur=2 free=100001581 locked=170
FE LOCK_PENDING uid=2 cur=2 free=100001589 locked=111
FE LOCK_PENDING uid=2 cur=2 free=100001589 locked=162
FE LOCK_PENDING uid=2 cur=2 free=100001590 locked=110
FE LOCK_PENDING uid=2 cur=2 free=100001591 locked=160
FE LOCK_PENDING uid=2 cur=2 free=100001610 locked=90
FE LOCK_PENDING uid=2 cur=2 free=100001630 locked=70
FE LOCK_PENDING uid=2 cur=2 free=100001661 locked=90
FE LOCK_PENDING uid=2 cur=2 free=100001681 locked=19
FE LOCK_PENDING uid=2 cur=2 free=100001690 locked=61
FE LOCK_PENDING uid=2 cur=2 free=100001697 locked=54
FE LOCK_PENDING uid=2 cur=2 free=100001701 locked=50
FE LOCK_PENDING uid=2 cur=2 free=100001762 locked=44
FE LOCK_PENDING uid=2 cur=2 free=100001887 locked=30
FE LOCK_PENDING uid=2 cur=2 free=100001887 locked=30
FE LOCK_PENDING uid=2 cur=2 free=100002669 locked=29
FE LOCK_PENDING uid=2 cur=2 free=99998136 locked=65
FE LOCK_PENDING uid=2 cur=2 free=99999878 locked=120
FE LOCK_PENDING uid=2 cur=2 free=99999912 locked=86
FE LOCK_PENDING uid=2 cur=2 free=99999956 locked=44
FE LOCK_PENDING uid=2 cur=2 free=99999957 locked=41
FE LOCK_PENDING uid=2 cur=2 free=99999958 locked=40
FE LOCK_PENDING uid=3 cur=2 free=100000197 locked=19
FE LOCK_PENDING uid=3 cur=2 free=100000260 locked=69
FE LOCK_PENDING uid=3 cur=2 free=100000264 locked=21
FE LOCK_PENDING uid=3 cur=2 free=100000265 locked=20
FE LOCK_PENDING uid=3 cur=2 free=99995753 locked=44
FE LOCK_PENDING uid=3 cur=2 free=99995757 locked=40
FE LOCK_PENDING uid=3 cur=2 free=99997689 locked=194
FE LOCK_PENDING uid=3 cur=2 free=99997690 locked=46
FE LOCK_PENDING uid=3 cur=2 free=99997693 locked=190
FE LOCK_PENDING uid=3 cur=2 free=99997733 locked=150
FE LOCK_PENDING uid=3 cur=2 free=99997763 locked=120
FE LOCK_PENDING uid=3 cur=2 free=99997763 locked=120
FE LOCK_PENDING uid=3 cur=2 free=99997793 locked=90
FE LOCK_PENDING uid=3 cur=2 free=99997861 locked=22
FE LOCK_PENDING uid=3 cur=2 free=99998425 locked=51
FE LOCK_PENDING uid=3 cur=2 free=99998467 locked=74
FE LOCK_PENDING uid=3 cur=2 free=99998509 locked=32
FE LOCK_PENDING uid=3 cur=2 free=99998870 locked=197
FE LOCK_PENDING uid=3 cur=2 free=99998871 locked=30
FE LOCK_PENDING uid=3 cur=2 free=99998871 locked=30
FE LOCK_PENDING uid=3 cur=2 free=99998877 locked=190
FE LOCK_PENDING uid=3 cur=2 free=99998927 locked=140
FE LOCK_PENDING uid=3 cur=2 free=99998927 locked=140
FE LOCK_PENDING uid=3 cur=2 free=99998937 locked=130
FE LOCK_PENDING uid=3 cur=2 free=99998944 locked=123
FE LOCK_PENDING uid=3 cur=2 free=99998956 locked=111
FE LOCK_PENDING uid=3 cur=2 free=99998987 locked=80
FE LOCK_PENDING uid=3 cur=2 free=99999009 locked=58
FE LOCK_PENDING uid=3 cur=2 free=99999183 locked=21
FE LOCK_PENDING uid=3 cur=2 free=99999742 locked=43
FE LOCK_PENDING uid=3 cur=2 free=99999745 locked=40
FE LOCK_PENDING uid=3 cur=2 free=99999916 locked=84
FE LOCK_PENDING uid=3 cur=2 free=99999920 locked=80
FE LOCK_PENDING uid=3 cur=2 free=99999941 locked=59
FE LOCK_PENDING uid=3 cur=2 free=99999960 locked=40
FE LOCK_PENDING uid=3 cur=2 free=99999966 locked=34
FE LOCK_PENDING uid=4 cur=2 free=100002968 locked=19
FE LOCK_PENDING uid=4 cur=2 free=100003948 locked=51
FE LOCK_PENDING uid=4 cur=2 free=100004615 locked=124
FE LOCK_PENDING uid=4 cur=2 free=100004619 locked=120
FE LOCK_PENDING uid=4 cur=2 free=100004649 locked=90
FE LOCK_PENDING uid=4 cur=2 free=100004689 locked=50
FE LOCK_PENDING uid=4 cur=2 free=100004717 locked=22
FE LOCK_PENDING uid=4 cur=2 free=100006294 locked=55
FE LOCK_PENDING uid=4 cur=2 free=99999450 locked=21
FE LOCK_PENDING uid=4 cur=2 free=99999787 locked=142
FE LOCK_PENDING uid=4 cur=2 free=99999859 locked=70
FE LOCK_PENDING uid=4 cur=2 free=99999886 locked=43
FE LOCK_PENDING uid=4 cur=2 free=99999889 locked=40
FE LOCK_PENDING uid=4 cur=2 free=99999901 locked=99
FE LOCK_PENDING uid=4 cur=2 free=99999926 locked=74
FE LOCK_PENDING uid=4 cur=2 free=99999960 locked=40
FE LOCK_PENDING uid=4 cur=2 free=99999960 locked=40
FE OPEN_POSITION uid=1 cur=2 free=99995638 locked=40
FE OPEN_POSITION uid=1 cur=2 free=99995648 locked=30
FE OPEN_POSITION uid=1 cur=2 free=99995658 locked=20
FE OPEN_POSITION uid=1 cur=2 free=99996018 locked=30
FE OPEN_POSITION uid=1 cur=2 free=99996336 locked=70
FE OPEN_POSITION uid=1 cur=2 free=99998536 locked=60
FE OPEN_POSITION uid=1 cur=2 free=99999203 locked=50
FE OPEN_POSITION uid=1 cur=2 free=99999213 locked=40
FE OPEN_POSITION uid=1 cur=2 free=99999233 locked=20
FE OPEN_POSITION uid=1 cur=2 free=99999930 locked=70
FE OPEN_POSITION uid=1 cur=2 free=99999960 locked=40
FE OPEN_POSITION uid=1 cur=2 free=99999980 locked=20
FE OPEN_POSITION uid=1 cur=2 free=99999980 locked=20
FE OPEN_POSITION uid=2 cur=2 free=100000174 locked=140
FE OPEN_POSITION uid=2 cur=2 free=100000214 locked=100
FE OPEN_POSITION uid=2 cur=2 free=100000224 locked=20
FE OPEN_POSITION uid=2 cur=2 free=100000284 locked=30
FE OPEN_POSITION uid=2 cur=2 free=100000371 locked=20
FE OPEN_POSITION uid=2 cur=2 free=100000704 locked=40
FE OPEN_POSITION uid=2 cur=2 free=100001069 locked=50
FE OPEN_POSITION uid=2 cur=2 free=100001581 locked=170
FE OPEN_POSITION uid=2 cur=2 free=100001590 locked=110
FE OPEN_POSITION uid=2 cur=2 free=100001591 locked=160
FE OPEN_POSITION uid=2 cur=2 free=100001610 locked=90
FE OPEN_POSITION uid=2 cur=2 free=100001661 locked=90
FE OPEN_POSITION uid=2 cur=2 free=100001680 locked=20
FE OPEN_POSITION uid=2 cur=2 free=100001691 locked=60
FE OPEN_POSITION uid=2 cur=2 free=100001701 locked=50
FE OPEN_POSITION uid=2 cur=2 free=100001741 locked=10
FE OPEN_POSITION uid=2 cur=2 free=100001766 locked=40
FE OPEN_POSITION uid=2 cur=2 free=100001887 locked=30
FE OPEN_POSITION uid=2 cur=2 free=100001907 locked=10
FE OPEN_POSITION uid=2 cur=2 free=100002668 locked=30
FE OPEN_POSITION uid=2 cur=2 free=99998141 locked=60
FE OPEN_POSITION uid=2 cur=2 free=99999878 locked=120
FE OPEN_POSITION uid=2 cur=2 free=99999908 locked=90
FE OPEN_POSITION uid=2 cur=2 free=99999958 locked=40
FE OPEN_POSITION uid=2 cur=2 free=99999960 locked=40
FE OPEN_POSITION uid=2 cur=2 free=99999968 locked=30
FE OPEN_POSITION uid=3 cur=2 free=100000196 locked=20
FE OPEN_POSITION uid=3 cur=2 free=100000259 locked=70
FE OPEN_POSITION uid=3 cur=2 free=100000265 locked=20
FE OPEN_POSITION uid=3 cur=2 free=99995757 locked=40
FE OPEN_POSITION uid=3 cur=2 free=99995787 locked=10
FE OPEN_POSITION uid=3 cur=2 free=99997686 locked=50
FE OPEN_POSITION uid=3 cur=2 free=99997693 locked=190
FE OPEN_POSITION uid=3 cur=2 free=99997763 locked=120
FE OPEN_POSITION uid=3 cur=2 free=99997793 locked=90
FE OPEN_POSITION uid=3 cur=2 free=99997863 locked=20
FE OPEN_POSITION uid=3 cur=2 free=99998426 locked=50
FE OPEN_POSITION uid=3 cur=2 free=99998471 locked=70
FE OPEN_POSITION uid=3 cur=2 free=99998511 locked=30
FE OPEN_POSITION uid=3 cur=2 free=99998871 locked=30
FE OPEN_POSITION uid=3 cur=2 free=99998877 locked=190
FE OPEN_POSITION uid=3 cur=2 free=99998891 locked=10
FE OPEN_POSITION uid=3 cur=2 free=99998927 locked=140
FE OPEN_POSITION uid=3 cur=2 free=99998947 locked=120
FE OPEN_POSITION uid=3 cur=2 free=99998957 locked=110
FE OPEN_POSITION uid=3 cur=2 free=99999007 locked=60
FE OPEN_POSITION uid=3 cur=2 free=99999184 locked=20
FE OPEN_POSITION uid=3 cur=2 free=99999745 locked=40
FE OPEN_POSITION uid=3 cur=2 free=99999920 locked=80
FE OPEN_POSITION uid=3 cur=2 free=99999940 locked=60
FE OPEN_POSITION uid=3 cur=2 free=99999960 locked=40
FE OPEN_POSITION uid=3 cur=2 free=99999960 locked=40
FE OPEN_POSITION uid=4 cur=2 free=100002967 locked=20
FE OPEN_POSITION uid=4 cur=2 free=100003949 locked=50
FE OPEN_POSITION uid=4 cur=2 free=100004619 locked=120
FE OPEN_POSITION uid=4 cur=2 free=100004689 locked=50
FE OPEN_POSITION uid=4 cur=2 free=100004719 locked=20
FE OPEN_POSITION uid=4 cur=2 free=100006299 locked=50
FE OPEN_POSITION uid=4 cur=2 free=99999451 locked=20
FE OPEN_POSITION uid=4 cur=2 free=99999789 locked=140
FE OPEN_POSITION uid=4 cur=2 free=99999859 locked=70
FE OPEN_POSITION uid=4 cur=2 free=99999889 locked=40
FE OPEN_POSITION uid=4 cur=2 free=99999900 locked=100
FE OPEN_POSITION uid=4 cur=2 free=99999909 locked=20
FE OPEN_POSITION uid=4 cur=2 free=99999920 locked=80
FE OPEN_POSITION uid=4 cur=2 free=99999960 locked=40
FE OPEN_POSITION uid=4 cur=2 free=99999990 locked=10
FE PNL_SETTLEMENT uid=1 cur=2 free=99995678 locked=0
FE PNL_SETTLEMENT uid=1 cur=2 free=99996048 locked=0
FE PNL_SETTLEMENT uid=1 cur=2 free=99996406 locked=0
FE PNL_SETTLEMENT uid=1 cur=2 free=99997368 locked=0
FE PNL_SETTLEMENT uid=1 cur=2 free=99998596 locked=0
FE PNL_SETTLEMENT uid=1 cur=2 free=99999253 locked=0
FE PNL_SETTLEMENT uid=2 cur=2 free=100000244 locked=0
FE PNL_SETTLEMENT uid=2 cur=2 free=100000314 locked=0
FE PNL_SETTLEMENT uid=2 cur=2 free=100000391 locked=0
FE PNL_SETTLEMENT uid=2 cur=2 free=100000744 locked=0
FE PNL_SETTLEMENT uid=2 cur=2 free=100001119 locked=0
FE PNL_SETTLEMENT uid=2 cur=2 free=100001378 locked=0
FE PNL_SETTLEMENT uid=2 cur=2 free=100001700 locked=0
FE PNL_SETTLEMENT uid=2 cur=2 free=100001751 locked=0
FE PNL_SETTLEMENT uid=2 cur=2 free=100001806 locked=0
FE PNL_SETTLEMENT uid=2 cur=2 free=100001917 locked=0
FE PNL_SETTLEMENT uid=2 cur=2 free=100002698 locked=0
FE PNL_SETTLEMENT uid=2 cur=2 free=99998201 locked=0
FE PNL_SETTLEMENT uid=2 cur=2 free=99999998 locked=0
FE PNL_SETTLEMENT uid=3 cur=2 free=100000216 locked=0
FE PNL_SETTLEMENT uid=3 cur=2 free=100000285 locked=0
FE PNL_SETTLEMENT uid=3 cur=2 free=100000329 locked=0
FE PNL_SETTLEMENT uid=3 cur=2 free=99995797 locked=0
FE PNL_SETTLEMENT uid=3 cur=2 free=99995935 locked=0
FE PNL_SETTLEMENT uid=3 cur=2 free=99997736 locked=0
FE PNL_SETTLEMENT uid=3 cur=2 free=99997883 locked=0
FE PNL_SETTLEMENT uid=3 cur=2 free=99998476 locked=0
FE PNL_SETTLEMENT uid=3 cur=2 free=99998541 locked=0
FE PNL_SETTLEMENT uid=3 cur=2 free=99998901 locked=0
FE PNL_SETTLEMENT uid=3 cur=2 free=99999067 locked=0
FE PNL_SETTLEMENT uid=3 cur=2 free=99999204 locked=0
FE PNL_SETTLEMENT uid=3 cur=2 free=99999785 locked=0
FE PNL_SETTLEMENT uid=4 cur=2 free=100002987 locked=0
FE PNL_SETTLEMENT uid=4 cur=2 free=100003999 locked=0
FE PNL_SETTLEMENT uid=4 cur=2 free=100004739 locked=0
FE PNL_SETTLEMENT uid=4 cur=2 free=100005319 locked=0
FE PNL_SETTLEMENT uid=4 cur=2 free=100006349 locked=0
FE PNL_SETTLEMENT uid=4 cur=2 free=99999471 locked=0
FE PNL_SETTLEMENT uid=4 cur=2 free=99999929 locked=0
FE UNLOCK_PENDING uid=1 cur=2 free=100000000 locked=0
FE UNLOCK_PENDING uid=1 cur=2 free=99995638 locked=40
FE UNLOCK_PENDING uid=1 cur=2 free=99995658 locked=20
FE UNLOCK_PENDING uid=1 cur=2 free=99995678 locked=0
FE UNLOCK_PENDING uid=1 cur=2 free=99996048 locked=0
FE UNLOCK_PENDING uid=1 cur=2 free=99996406 locked=0
FE UNLOCK_PENDING uid=1 cur=2 free=99998596 locked=0
FE UNLOCK_PENDING uid=1 cur=2 free=99999203 locked=50
FE UNLOCK_PENDING uid=1 cur=2 free=99999233 locked=20
FE UNLOCK_PENDING uid=1 cur=2 free=99999253 locked=0
FE UNLOCK_PENDING uid=1 cur=2 free=99999960 locked=40
FE UNLOCK_PENDING uid=1 cur=2 free=99999980 locked=20
FE UNLOCK_PENDING uid=1 cur=2 free=99999980 locked=20
FE UNLOCK_PENDING uid=2 cur=2 free=100000000 locked=0
FE UNLOCK_PENDING uid=2 cur=2 free=100000214 locked=100
FE UNLOCK_PENDING uid=2 cur=2 free=100000224 locked=20
FE UNLOCK_PENDING uid=2 cur=2 free=100000244 locked=0
FE UNLOCK_PENDING uid=2 cur=2 free=100000284 locked=30
FE UNLOCK_PENDING uid=2 cur=2 free=100000314 locked=0
FE UNLOCK_PENDING uid=2 cur=2 free=100000391 locked=0
FE UNLOCK_PENDING uid=2 cur=2 free=100000704 locked=40
FE UNLOCK_PENDING uid=2 cur=2 free=100000744 locked=0
FE UNLOCK_PENDING uid=2 cur=2 free=100001119 locked=0
FE UNLOCK_PENDING uid=2 cur=2 free=100001581 locked=170
FE UNLOCK_PENDING uid=2 cur=2 free=100001590 locked=110
FE UNLOCK_PENDING uid=2 cur=2 free=100001591 locked=160
FE UNLOCK_PENDING uid=2 cur=2 free=100001610 locked=90
FE UNLOCK_PENDING uid=2 cur=2 free=100001630 locked=70
FE UNLOCK_PENDING uid=2 cur=2 free=100001651 locked=100
FE UNLOCK_PENDING uid=2 cur=2 free=100001661 locked=90
FE UNLOCK_PENDING uid=2 cur=2 free=100001680 locked=20
FE UNLOCK_PENDING uid=2 cur=2 free=100001691 locked=60
FE UNLOCK_PENDING uid=2 cur=2 free=100001700 locked=0
FE UNLOCK_PENDING uid=2 cur=2 free=100001701 locked=50
FE UNLOCK_PENDING uid=2 cur=2 free=100001741 locked=10
FE UNLOCK_PENDING uid=2 cur=2 free=100001751 locked=0
FE UNLOCK_PENDING uid=2 cur=2 free=100001806 locked=0
FE UNLOCK_PENDING uid=2 cur=2 free=100001887 locked=30
FE UNLOCK_PENDING uid=2 cur=2 free=100001917 locked=0
FE UNLOCK_PENDING uid=2 cur=2 free=100002698 locked=0
FE UNLOCK_PENDING uid=2 cur=2 free=99998201 locked=0
FE UNLOCK_PENDING uid=2 cur=2 free=99999908 locked=90
FE UNLOCK_PENDING uid=2 cur=2 free=99999958 locked=40
FE UNLOCK_PENDING uid=2 cur=2 free=99999968 locked=30
FE UNLOCK_PENDING uid=2 cur=2 free=99999998 locked=0
FE UNLOCK_PENDING uid=3 cur=2 free=100000000 locked=0
FE UNLOCK_PENDING uid=3 cur=2 free=100000216 locked=0
FE UNLOCK_PENDING uid=3 cur=2 free=100000265 locked=20
FE UNLOCK_PENDING uid=3 cur=2 free=100000285 locked=0
FE UNLOCK_PENDING uid=3 cur=2 free=100000329 locked=0
FE UNLOCK_PENDING uid=3 cur=2 free=99995757 locked=40
FE UNLOCK_PENDING uid=3 cur=2 free=99995797 locked=0
FE UNLOCK_PENDING uid=3 cur=2 free=99997693 locked=190
FE UNLOCK_PENDING uid=3 cur=2 free=99997733 locked=150
FE UNLOCK_PENDING uid=3 cur=2 free=99997736 locked=0
FE UNLOCK_PENDING uid=3 cur=2 free=99997763 locked=120
FE UNLOCK_PENDING uid=3 cur=2 free=99997763 locked=120
FE UNLOCK_PENDING uid=3 cur=2 free=99997793 locked=90
FE UNLOCK_PENDING uid=3 cur=2 free=99997863 locked=20
FE UNLOCK_PENDING uid=3 cur=2 free=99997883 locked=0
FE UNLOCK_PENDING uid=3 cur=2 free=99998476 locked=0
FE UNLOCK_PENDING uid=3 cur=2 free=99998511 locked=30
FE UNLOCK_PENDING uid=3 cur=2 free=99998541 locked=0
FE UNLOCK_PENDING uid=3 cur=2 free=99998871 locked=30
FE UNLOCK_PENDING uid=3 cur=2 free=99998877 locked=190
FE UNLOCK_PENDING uid=3 cur=2 free=99998901 locked=0
FE UNLOCK_PENDING uid=3 cur=2 free=99998927 locked=140
FE UNLOCK_PENDING uid=3 cur=2 free=99998937 locked=130
FE UNLOCK_PENDING uid=3 cur=2 free=99998947 locked=120
FE UNLOCK_PENDING uid=3 cur=2 free=99998957 locked=110
FE UNLOCK_PENDING uid=3 cur=2 free=99998987 locked=80
FE UNLOCK_PENDING uid=3 cur=2 free=99998987 locked=80
FE UNLOCK_PENDING uid=3 cur=2 free=99999007 locked=60
FE UNLOCK_PENDING uid=3 cur=2 free=99999067 locked=0
FE UNLOCK_PENDING uid=3 cur=2 free=99999204 locked=0
FE UNLOCK_PENDING uid=3 cur=2 free=99999745 locked=40
FE UNLOCK_PENDING uid=3 cur=2 free=99999785 locked=0
FE UNLOCK_PENDING uid=3 cur=2 free=99999920 locked=80
FE UNLOCK_PENDING uid=3 cur=2 free=99999960 locked=40
FE UNLOCK_PENDING uid=3 cur=2 free=99999960 locked=40
FE UNLOCK_PENDING uid=3 cur=2 free=99999970 locked=30
FE UNLOCK_PENDING uid=4 cur=2 free=100000000 locked=0
FE UNLOCK_PENDING uid=4 cur=2 free=100002987 locked=0
FE UNLOCK_PENDING uid=4 cur=2 free=100003999 locked=0
FE UNLOCK_PENDING uid=4 cur=2 free=100004619 locked=120
FE UNLOCK_PENDING uid=4 cur=2 free=100004649 locked=90
FE UNLOCK_PENDING uid=4 cur=2 free=100004689 locked=50
FE UNLOCK_PENDING uid=4 cur=2 free=100004719 locked=20
FE UNLOCK_PENDING uid=4 cur=2 free=100004739 locked=0
FE UNLOCK_PENDING uid=4 cur=2 free=100006349 locked=0
FE UNLOCK_PENDING uid=4 cur=2 free=99999471 locked=0
FE UNLOCK_PENDING uid=4 cur=2 free=99999859 locked=70
FE UNLOCK_PENDING uid=4 cur=2 free=99999889 locked=40
FE UNLOCK_PENDING uid=4 cur=2 free=99999909 locked=20
FE UNLOCK_PENDING uid=4 cur=2 free=99999920 locked=80
FE UNLOCK_PENDING uid=4 cur=2 free=99999929 locked=0
FE UNLOCK_PENDING uid=4 cur=2 free=99999960 locked=40
FE UNLOCK_PENDING uid=4 cur=2 free=99999990 locked=10
