R 4 SUCCESS
R 5 SUCCESS
R 6 SUCCESS
R 7 SUCCESS
R 8 SUCCESS
R 9 SUCCESS
R 10 SUCCESS
R 11 SUCCESS
R 12 SUCCESS
R 13 SUCCESS
R 14 SUCCESS
R 15 SUCCESS
R 16 SUCCESS
R 17 SUCCESS
R 18 SUCCESS
R 19 SUCCESS
R 20 SUCCESS
R 21 SUCCESS
R 22 SUCCESS
R 23 SUCCESS
R 24 SUCCESS
R 25 SUCCESS
R 26 SUCCESS
R 27 SUCCESS
R 28 SUCCESS
R 29 SUCCESS
R 30 SUCCESS
R 31 SUCCESS
R 32 SUCCESS
R 33 SUCCESS
R 34 SUCCESS
R 35 SUCCESS
R 36 SUCCESS
R 37 SUCCESS
R 38 SUCCESS
R 39 SUCCESS
R 40 SUCCESS
R 41 SUCCESS
R 42 SUCCESS
R 43 SUCCESS
R 44 SUCCESS
R 45 SUCCESS
R 46 SUCCESS
R 47 SUCCESS
R 48 SUCCESS
R 49 SUCCESS
R 50 SUCCESS
R 51 SUCCESS
R 52 SUCCESS
R 53 SUCCESS
R 54 SUCCESS
R 55 SUCCESS
R 56 SUCCESS
R 57 SUCCESS
R 58 SUCCESS
R 59 SUCCESS
R 60 SUCCESS
R 61 SUCCESS
R 62 SUCCESS
R 63 SUCCESS
R 64 SUCCESS
R 65 SUCCESS
R 66 SUCCESS
R 67 SUCCESS
R 68 SUCCESS
R 69 SUCCESS
R 70 SUCCESS
R 71 SUCCESS
R 72 SUCCESS
R 73 SUCCESS
R 74 SUCCESS
R 75 SUCCESS
R 76 SUCCESS
R 77 SUCCESS
R 78 SUCCESS
R 79 SUCCESS
R 80 SUCCESS
R 81 SUCCESS
R 82 SUCCESS
R 83 SUCCESS
R 84 SUCCESS
R 85 SUCCESS
R 86 SUCCESS
R 87 SUCCESS
R 88 SUCCESS
R 89 SUCCESS
R 90 SUCCESS
R 91 SUCCESS
R 92 SUCCESS
R 93 SUCCESS
R 94 SUCCESS
R 95 SUCCESS
R 96 SUCCESS
R 97 SUCCESS
R 98 SUCCESS
R 99 SUCCESS
R 100 SUCCESS
R 101 SUCCESS
R 102 SUCCESS
R 103 SUCCESS
R 104 SUCCESS
R 105 SUCCESS
R 106 SUCCESS
R 107 SUCCESS
R 108 SUCCESS
R 109 SUCCESS
R 110 SUCCESS
R 111 SUCCESS
R 112 SUCCESS
R 113 SUCCESS
R 114 SUCCESS
STATE
A 1 2 99996932
A 2 2 99997813
A 3 2 100003495
A 4 2 100001760
EVENTS
FE CLOSE_POSITION uid=1 cur=2 free=100000231 locked=0
FE CLOSE_POSITION uid=1 cur=2 free=99999698 locked=0
FE CLOSE_POSITION uid=1 cur=2 free=99999698 locked=0
FE CLOSE_POSITION uid=2 cur=2 free=100000000 locked=0
FE CLOSE_POSITION uid=2 cur=2 free=99994980 locked=0
FE CLOSE_POSITION uid=2 cur=2 free=99995130 locked=0
FE CLOSE_POSITION uid=2 cur=2 free=99995184 locked=30
FE CLOSE_POSITION uid=2 cur=2 free=99998371 locked=150
FE CLOSE_POSITION uid=2 cur=2 free=99998491 locked=30
FE CLOSE_POSITION uid=2 cur=2 free=99998836 locked=0
FE CLOSE_POSITION uid=2 cur=2 free=99998904 locked=0
FE CLOSE_POSITION uid=2 cur=2 free=99999072 locked=0
FE CLOSE_POSITION uid=3 cur=2 free=100000461 locked=10
FE CLOSE_POSITION uid=3 cur=2 free=100000489 locked=0
FE CLOSE_POSITION uid=3 cur=2 free=100000945 locked=30
FE CLOSE_POSITION uid=3 cur=2 free=99998051 locked=170
FE CLOSE_POSITION uid=3 cur=2 free=99999114 locked=10
FE CLOSE_POSITION uid=3 cur=2 free=99999269 locked=0
FE CLOSE_POSITION uid=3 cur=2 free=99999926 locked=0
FE CLOSE_POSITION uid=3 cur=2 free=99999980 locked=20
FE CLOSE_POSITION uid=3 cur=2 free=99999994 locked=0
FE CLOSE_POSITION uid=4 cur=2 free=100001472 locked=0
FE DEPOSIT uid=1 cur=2 free=100000000 locked=0
FE DEPOSIT uid=2 cur=2 free=100000000 locked=0
FE DEPOSIT uid=3 cur=2 free=100000000 locked=0
FE DEPOSIT uid=4 cur=2 free=100000000 locked=0
FE LOCK_PENDING uid=1 cur=2 free=100000207 locked=24
FE LOCK_PENDING uid=1 cur=2 free=100000212 locked=19
FE LOCK_PENDING uid=1 cur=2 free=100000305 locked=29
FE LOCK_PENDING uid=1 cur=2 free=100000535 locked=92
FE LOCK_PENDING uid=1 cur=2 free=100000563 locked=64
FE LOCK_PENDING uid=1 cur=2 free=99998962 locked=54
FE LOCK_PENDING uid=1 cur=2 free=99999656 locked=42
FE LOCK_PENDING uid=1 cur=2 free=99999658 locked=40
FE LOCK_PENDING uid=1 cur=2 free=99999678 locked=20
FE LOCK_PENDING uid=1 cur=2 free=99999979 locked=21
FE LOCK_PENDING uid=2 cur=2 free=100000136 locked=65
FE LOCK_PENDING uid=2 cur=2 free=99994677 locked=57
FE LOCK_PENDING uid=2 cur=2 free=99994908 locked=72
FE LOCK_PENDING uid=2 cur=2 free=99994933 locked=47
FE LOCK_PENDING uid=2 cur=2 free=99994961 locked=19
FE LOCK_PENDING uid=2 cur=2 free=99995106 locked=24
FE LOCK_PENDING uid=2 cur=2 free=99995111 locked=19
FE LOCK_PENDING uid=2 cur=2 free=99995143 locked=71
FE LOCK_PENDING uid=2 cur=2 free=99995144 locked=70
FE LOCK_PENDING uid=2 cur=2 free=99996291 locked=54
FE LOCK_PENDING uid=2 cur=2 free=99998331 locked=190
FE LOCK_PENDING uid=2 cur=2 free=99998333 locked=188
FE LOCK_PENDING uid=2 cur=2 free=99998351 locked=170
FE LOCK_PENDING uid=2 cur=2 free=99998367 locked=154
FE LOCK_PENDING uid=2 cur=2 free=99998435 locked=86
FE LOCK_PENDING uid=2 cur=2 free=99998444 locked=77
FE LOCK_PENDING uid=2 cur=2 free=99998451 locked=70
FE LOCK_PENDING uid=2 cur=2 free=99998794 locked=42
FE LOCK_PENDING uid=2 cur=2 free=99998796 locked=40
FE LOCK_PENDING uid=2 cur=2 free=99998884 locked=20
FE LOCK_PENDING uid=2 cur=2 free=99998885 locked=19
FE LOCK_PENDING uid=2 cur=2 free=99999019 locked=47
FE LOCK_PENDING uid=2 cur=2 free=99999022 locked=50
FE LOCK_PENDING uid=2 cur=2 free=99999023 locked=49
FE LOCK_PENDING uid=2 cur=2 free=99999051 locked=21
FE LOCK_PENDING uid=2 cur=2 free=99999949 locked=51
FE LOCK_PENDING uid=2 cur=2 free=99999967 locked=33
FE LOCK_PENDING uid=2 cur=2 free=99999970 locked=30
FE LOCK_PENDING uid=3 cur=2 free=100000040 locked=33
FE LOCK_PENDING uid=3 cur=2 free=100000212 locked=47
FE LOCK_PENDING uid=3 cur=2 free=100000401 locked=70
FE LOCK_PENDING uid=3 cur=2 free=100000401 locked=70
FE LOCK_PENDING uid=3 cur=2 free=100000425 locked=46
FE LOCK_PENDING uid=3 cur=2 free=100000447 locked=42
FE LOCK_PENDING uid=3 cur=2 free=100000449 locked=40
FE LOCK_PENDING uid=3 cur=2 free=100000663 locked=20
FE LOCK_PENDING uid=3 cur=2 free=100000894 locked=57
FE LOCK_PENDING uid=3 cur=2 free=100000904 locked=71
FE LOCK_PENDING uid=3 cur=2 free=100000904 locked=71
FE LOCK_PENDING uid=3 cur=2 free=100000905 locked=70
FE LOCK_PENDING uid=3 cur=2 free=100001486 locked=59
FE LOCK_PENDING uid=3 cur=2 free=100001501 locked=44
FE LOCK_PENDING uid=3 cur=2 free=99998031 locked=190
FE LOCK_PENDING uid=3 cur=2 free=99998031 locked=190
FE LOCK_PENDING uid=3 cur=2 free=99998053 locked=168
FE LOCK_PENDING uid=3 cur=2 free=99998095 locked=126
FE LOCK_PENDING uid=3 cur=2 free=99998144 locked=77
FE LOCK_PENDING uid=3 cur=2 free=99999054 locked=70
FE LOCK_PENDING uid=3 cur=2 free=99999054 locked=70
FE LOCK_PENDING uid=3 cur=2 free=99999231 locked=38
FE LOCK_PENDING uid=3 cur=2 free=99999248 locked=21
FE LOCK_PENDING uid=3 cur=2 free=99999906 locked=20
FE LOCK_PENDING uid=3 cur=2 free=99999907 locked=19
FE LOCK_PENDING uid=3 cur=2 free=99999920 locked=80
FE LOCK_PENDING uid=3 cur=2 free=99999923 locked=77
FE LOCK_PENDING uid=3 cur=2 free=99999933 locked=61
FE LOCK_PENDING uid=3 cur=2 free=99999934 locked=60
FE LOCK_PENDING uid=3 cur=2 free=99999967 locked=33
FE LOCK_PENDING uid=4 cur=2 free=100000907 locked=70
FE LOCK_PENDING uid=4 cur=2 free=100001292 locked=33
FE LOCK_PENDING uid=4 cur=2 free=100001411 locked=61
FE LOCK_PENDING uid=4 cur=2 free=100001412 locked=60
FE LOCK_PENDING uid=4 cur=2 free=100002804 locked=44
FE LOCK_PENDING uid=4 cur=2 free=100003143 locked=41
FE LOCK_PENDING uid=4 cur=2 free=100003456 locked=20
FE LOCK_PENDING uid=4 cur=2 free=100003538 locked=22
FE LOCK_PENDING uid=4 cur=2 free=100003631 locked=57
FE LOCK_PENDING uid=4 cur=2 free=100004098 locked=70
FE LOCK_PENDING uid=4 cur=2 free=100004122 locked=46
FE LOCK_PENDING uid=4 cur=2 free=99999953 locked=47
FE OPEN_POSITION uid=1 cur=2 free=100000211 locked=20
FE OPEN_POSITION uid=1 cur=2 free=100000211 locked=20
FE OPEN_POSITION uid=1 cur=2 free=100000304 locked=30
FE OPEN_POSITION uid=1 cur=2 free=100000537 locked=90
FE OPEN_POSITION uid=1 cur=2 free=100000557 locked=70
FE OPEN_POSITION uid=1 cur=2 free=99998966 locked=50
FE OPEN_POSITION uid=1 cur=2 free=99999658 locked=40
FE OPEN_POSITION uid=1 cur=2 free=99999678 locked=20
FE OPEN_POSITION uid=1 cur=2 free=99999678 locked=20
FE OPEN_POSITION uid=1 cur=2 free=99999980 locked=20
FE OPEN_POSITION uid=2 cur=2 free=100000141 locked=60
FE OPEN_POSITION uid=2 cur=2 free=99994674 locked=60
FE OPEN_POSITION uid=2 cur=2 free=99994910 locked=70
FE OPEN_POSITION uid=2 cur=2 free=99994930 locked=50
FE OPEN_POSITION uid=2 cur=2 free=99994960 locked=20
FE OPEN_POSITION uid=2 cur=2 free=99995110 locked=20
FE OPEN_POSITION uid=2 cur=2 free=99995110 locked=20
FE OPEN_POSITION uid=2 cur=2 free=99995144 locked=70
FE OPEN_POSITION uid=2 cur=2 free=99996295 locked=50
FE OPEN_POSITION uid=2 cur=2 free=99998331 locked=190
FE OPEN_POSITION uid=2 cur=2 free=99998351 locked=170
FE OPEN_POSITION uid=2 cur=2 free=99998371 locked=150
FE OPEN_POSITION uid=2 cur=2 free=99998431 locked=90
FE OPEN_POSITION uid=2 cur=2 free=99998451 locked=70
FE OPEN_POSITION uid=2 cur=2 free=99998796 locked=40
FE OPEN_POSITION uid=2 cur=2 free=99998826 locked=10
FE OPEN_POSITION uid=2 cur=2 free=99998884 locked=20
FE OPEN_POSITION uid=2 cur=2 free=99999016 locked=50
FE OPEN_POSITION uid=2 cur=2 free=99999022 locked=50
FE OPEN_POSITION uid=2 cur=2 free=99999052 locked=20
FE OPEN_POSITION uid=2 cur=2 free=99999062 locked=10
FE OPEN_POSITION uid=2 cur=2 free=99999950 locked=50
FE OPEN_POSITION uid=2 cur=2 free=99999970 locked=30
FE OPEN_POSITION uid=2 cur=2 free=99999970 locked=30
FE OPEN_POSITION uid=3 cur=2 free=100000043 locked=30
FE OPEN_POSITION uid=3 cur=2 free=100000209 locked=50
FE OPEN_POSITION uid=3 cur=2 free=100000401 locked=70
FE OPEN_POSITION uid=3 cur=2 free=100000421 locked=50
FE OPEN_POSITION uid=3 cur=2 free=100000449 locked=40
FE OPEN_POSITION uid=3 cur=2 free=100000479 locked=10
FE OPEN_POSITION uid=3 cur=2 free=100000663 locked=20
FE OPEN_POSITION uid=3 cur=2 free=100000891 locked=60
FE OPEN_POSITION uid=3 cur=2 free=100000905 locked=70
FE OPEN_POSITION uid=3 cur=2 free=100000905 locked=70
FE OPEN_POSITION uid=3 cur=2 free=100001485 locked=60
FE OPEN_POSITION uid=3 cur=2 free=100001505 locked=40
FE OPEN_POSITION uid=3 cur=2 free=99998031 locked=190
FE OPEN_POSITION uid=3 cur=2 free=99998051 locked=170
FE OPEN_POSITION uid=3 cur=2 free=99998091 locked=130
FE OPEN_POSITION uid=3 cur=2 free=99998151 locked=70
FE OPEN_POSITION uid=3 cur=2 free=99999054 locked=70
FE OPEN_POSITION uid=3 cur=2 free=99999229 locked=40
FE OPEN_POSITION uid=3 cur=2 free=99999249 locked=20
FE OPEN_POSITION uid=3 cur=2 free=99999906 locked=20
FE OPEN_POSITION uid=3 cur=2 free=99999920 locked=80
FE OPEN_POSITION uid=3 cur=2 free=99999934 locked=60
FE OPEN_POSITION uid=3 cur=2 free=99999970 locked=30
FE OPEN_POSITION uid=3 cur=2 free=99999984 locked=10
FE OPEN_POSITION uid=4 cur=2 free=100000907 locked=70
FE OPEN_POSITION uid=4 cur=2 free=100001295 locked=30
FE OPEN_POSITION uid=4 cur=2 free=100001412 locked=60
FE OPEN_POSITION uid=4 cur=2 free=100001462 locked=10
FE OPEN_POSITION uid=4 cur=2 free=100002808 locked=40
FE OPEN_POSITION uid=4 cur=2 free=100003144 locked=40
FE OPEN_POSITION uid=4 cur=2 free=100003456 locked=20
FE OPEN_POSITION uid=4 cur=2 free=100003540 locked=20
FE OPEN_POSITION uid=4 cur=2 free=100003628 locked=60
FE OPEN_POSITION uid=4 cur=2 free=100004098 locked=70
FE OPEN_POSITION uid=4 cur=2 free=100004118 locked=50
FE OPEN_POSITION uid=4 cur=2 free=99999950 locked=50
FE PNL_SETTLEMENT uid=1 cur=2 free=100000231 locked=0
FE PNL_SETTLEMENT uid=1 cur=2 free=100000334 locked=0
FE PNL_SETTLEMENT uid=1 cur=2 free=100000627 locked=0
FE PNL_SETTLEMENT uid=1 cur=2 free=99996932 locked=0
FE PNL_SETTLEMENT uid=1 cur=2 free=99999016 locked=0
FE PNL_SETTLEMENT uid=1 cur=2 free=99999698 locked=0
FE PNL_SETTLEMENT uid=2 cur=2 free=100000201 locked=0
FE PNL_SETTLEMENT uid=2 cur=2 free=99994734 locked=0
FE PNL_SETTLEMENT uid=2 cur=2 free=99994980 locked=0
FE PNL_SETTLEMENT uid=2 cur=2 free=99995130 locked=0
FE PNL_SETTLEMENT uid=2 cur=2 free=99995214 locked=0
FE PNL_SETTLEMENT uid=2 cur=2 free=99996345 locked=0
FE PNL_SETTLEMENT uid=2 cur=2 free=99997813 locked=0
FE PNL_SETTLEMENT uid=2 cur=2 free=99998521 locked=0
FE PNL_SETTLEMENT uid=2 cur=2 free=99998836 locked=0
FE PNL_SETTLEMENT uid=2 cur=2 free=99998904 locked=0
FE PNL_SETTLEMENT uid=2 cur=2 free=99999066 locked=0
FE PNL_SETTLEMENT uid=2 cur=2 free=99999072 locked=0
FE PNL_SETTLEMENT uid=3 cur=2 free=100000073 locked=0
FE PNL_SETTLEMENT uid=3 cur=2 free=100000259 locked=0
FE PNL_SETTLEMENT uid=3 cur=2 free=100000471 locked=0
FE PNL_SETTLEMENT uid=3 cur=2 free=100000489 locked=0
FE PNL_SETTLEMENT uid=3 cur=2 free=100000683 locked=0
FE PNL_SETTLEMENT uid=3 cur=2 free=100000951 locked=0
FE PNL_SETTLEMENT uid=3 cur=2 free=100000975 locked=0
FE PNL_SETTLEMENT uid=3 cur=2 free=100001545 locked=0
FE PNL_SETTLEMENT uid=3 cur=2 free=100003495 locked=0
FE PNL_SETTLEMENT uid=3 cur=2 free=99998221 locked=0
FE PNL_SETTLEMENT uid=3 cur=2 free=99999124 locked=0
FE PNL_SETTLEMENT uid=3 cur=2 free=99999269 locked=0
FE PNL_SETTLEMENT uid=3 cur=2 free=99999926 locked=0
FE PNL_SETTLEMENT uid=3 cur=2 free=99999994 locked=0
FE PNL_SETTLEMENT uid=4 cur=2 free=100000977 locked=0
FE PNL_SETTLEMENT uid=4 cur=2 free=100001325 locked=0
FE PNL_SETTLEMENT uid=4 cur=2 free=100001472 locked=0
FE PNL_SETTLEMENT uid=4 cur=2 free=100001760 locked=0
FE PNL_SETTLEMENT uid=4 cur=2 free=100002848 locked=0
FE PNL_SETTLEMENT uid=4 cur=2 free=100003184 locked=0
FE PNL_SETTLEMENT uid=4 cur=2 free=100003476 locked=0
FE PNL_SETTLEMENT uid=4 cur=2 free=100003560 locked=0
FE PNL_SETTLEMENT uid=4 cur=2 free=100003688 locked=0
FE PNL_SETTLEMENT uid=4 cur=2 free=100004168 locked=0
FE UNLOCK_PENDING uid=1 cur=2 free=100000000 locked=0
FE UNLOCK_PENDING uid=1 cur=2 free=100000211 locked=20
FE UNLOCK_PENDING uid=1 cur=2 free=100000231 locked=0
FE UNLOCK_PENDING uid=1 cur=2 free=100000334 locked=0
FE UNLOCK_PENDING uid=1 cur=2 free=100000557 locked=70
FE UNLOCK_PENDING uid=1 cur=2 free=100000627 locked=0
FE UNLOCK_PENDING uid=1 cur=2 free=99999016 locked=0
FE UNLOCK_PENDING uid=1 cur=2 free=99999658 locked=40
FE UNLOCK_PENDING uid=1 cur=2 free=99999678 locked=20
FE UNLOCK_PENDING uid=1 cur=2 free=99999698 locked=0
FE UNLOCK_PENDING uid=2 cur=2 free=100000000 locked=0
FE UNLOCK_PENDING uid=2 cur=2 free=100000201 locked=0
FE UNLOCK_PENDING uid=2 cur=2 free=99994734 locked=0
FE UNLOCK_PENDING uid=2 cur=2 free=99994930 locked=50
FE UNLOCK_PENDING uid=2 cur=2 free=99994960 locked=20
FE UNLOCK_PENDING uid=2 cur=2 free=99994980 locked=0
FE UNLOCK_PENDING uid=2 cur=2 free=99995110 locked=20
FE UNLOCK_PENDING uid=2 cur=2 free=99995130 locked=0
FE UNLOCK_PENDING uid=2 cur=2 free=99995144 locked=70
FE UNLOCK_PENDING uid=2 cur=2 free=99995214 locked=0
FE UNLOCK_PENDING uid=2 cur=2 free=99996345 locked=0
FE UNLOCK_PENDING uid=2 cur=2 free=99998331 locked=190
FE UNLOCK_PENDING uid=2 cur=2 free=99998371 locked=150
FE UNLOCK_PENDING uid=2 cur=2 free=99998371 locked=150
FE UNLOCK_PENDING uid=2 cur=2 free=99998431 locked=90
FE UNLOCK_PENDING uid=2 cur=2 free=99998451 locked=70
FE UNLOCK_PENDING uid=2 cur=2 free=99998491 locked=30
FE UNLOCK_PENDING uid=2 cur=2 free=99998521 locked=0
FE UNLOCK_PENDING uid=2 cur=2 free=99998796 locked=40
FE UNLOCK_PENDING uid=2 cur=2 free=99998836 locked=0
FE UNLOCK_PENDING uid=2 cur=2 free=99998884 locked=20
FE UNLOCK_PENDING uid=2 cur=2 free=99998904 locked=0
FE UNLOCK_PENDING uid=2 cur=2 free=99999022 locked=50
FE UNLOCK_PENDING uid=2 cur=2 free=99999052 locked=20
FE UNLOCK_PENDING uid=2 cur=2 free=99999066 locked=0
FE UNLOCK_PENDING uid=2 cur=2 free=99999072 locked=0
FE UNLOCK_PENDING uid=2 cur=2 free=99999970 locked=30
FE UNLOCK_PENDING uid=2 cur=2 free=99999970 locked=30
FE UNLOCK_PENDING uid=3 cur=2 free=100000000 locked=0
FE UNLOCK_PENDING uid=3 cur=2 free=100000073 locked=0
FE UNLOCK_PENDING uid=3 cur=2 free=100000259 locked=0
FE UNLOCK_PENDING uid=3 cur=2 free=100000401 locked=70
FE UNLOCK_PENDING uid=3 cur=2 free=100000421 locked=50
FE UNLOCK_PENDING uid=3 cur=2 free=100000449 locked=40
FE UNLOCK_PENDING uid=3 cur=2 free=100000471 locked=0
FE UNLOCK_PENDING uid=3 cur=2 free=100000489 locked=0
FE UNLOCK_PENDING uid=3 cur=2 free=100000683 locked=0
FE UNLOCK_PENDING uid=3 cur=2 free=100000905 locked=70
FE UNLOCK_PENDING uid=3 cur=2 free=100000945 locked=30
FE UNLOCK_PENDING uid=3 cur=2 free=100000951 locked=0
FE UNLOCK_PENDING uid=3 cur=2 free=100000975 locked=0
FE UNLOCK_PENDING uid=3 cur=2 free=100001505 locked=40
FE UNLOCK_PENDING uid=3 cur=2 free=100001545 locked=0
FE UNLOCK_PENDING uid=3 cur=2 free=99998031 locked=190
FE UNLOCK_PENDING uid=3 cur=2 free=99998051 locked=170
FE UNLOCK_PENDING uid=3 cur=2 free=99998091 locked=130
FE UNLOCK_PENDING uid=3 cur=2 free=99998151 locked=70
FE UNLOCK_PENDING uid=3 cur=2 free=99998221 locked=0
FE UNLOCK_PENDING uid=3 cur=2 free=99999054 locked=70
FE UNLOCK_PENDING uid=3 cur=2 free=99999124 locked=0
FE UNLOCK_PENDING uid=3 cur=2 free=99999249 locked=20
FE UNLOCK_PENDING uid=3 cur=2 free=99999269 locked=0
FE UNLOCK_PENDING uid=3 cur=2 free=99999906 locked=20
FE UNLOCK_PENDING uid=3 cur=2 free=99999920 locked=80
FE UNLOCK_PENDING uid=3 cur=2 free=99999926 locked=0
FE UNLOCK_PENDING uid=3 cur=2 free=99999934 locked=60
FE UNLOCK_PENDING uid=3 cur=2 free=99999970 locked=30
FE UNLOCK_PENDING uid=3 cur=2 free=99999994 locked=0
FE UNLOCK_PENDING uid=4 cur=2 free=100000000 locked=0
FE UNLOCK_PENDING uid=4 cur=2 free=100000977 locked=0
FE UNLOCK_PENDING uid=4 cur=2 free=100001325 locked=0
FE UNLOCK_PENDING uid=4 cur=2 free=100001412 locked=60
FE UNLOCK_PENDING uid=4 cur=2 free=100001472 locked=0
FE UNLOCK_PENDING uid=4 cur=2 free=100002848 locked=0
FE UNLOCK_PENDING uid=4 cur=2 free=100003184 locked=0
FE UNLOCK_PENDING uid=4 cur=2 free=100003476 locked=0
FE UNLOCK_PENDING uid=4 cur=2 free=100003560 locked=0
FE UNLOCK_PENDING uid=4 cur=2 free=100003688 locked=0
FE UNLOCK_PENDING uid=4 cur=2 free=100004118 locked=50
FE UNLOCK_PENDING uid=4 cur=2 free=100004168 locked=0
