R 4 SUCCESS
R 5 SUCCESS
R 6 SUCCESS
R 7 SUCCESS
R 8 SUCCESS
R 9 SUCCESS
R 10 SUCCESS
R 11 SUCCESS
R 12 SUCCESS
R 13 SUCCESS
R 14 SUCCESS
R 15 SUCCESS
R 16 SUCCESS
R 17 SUCCESS
R 18 SUCCESS
R 19 SUCCESS
R 20 SUCCESS
R 21 SUCCESS
R 22 SUCCESS
R 23 SUCCESS
R 24 SUCCESS
R 25 SUCCESS
R 26 SUCCESS
R 27 SUCCESS
R 28 SUCCESS
R 29 SUCCESS
R 30 SUCCESS
R 31 SUCCESS
R 32 SUCCESS
R 33 SUCCESS
R 34 SUCCESS
R 35 SUCCESS
R 36 SUCCESS
R 37 SUCCESS
R 38 SUCCESS
R 39 SUCCESS
R 40 SUCCESS
R 41 SUCCESS
R 42 SUCCESS
R 43 SUCCESS
R 44 SUCCESS
R 45 SUCCESS
R 46 SUCCESS
R 47 SUCCESS
R 48 SUCCESS
R 49 SUCCESS
R 50 SUCCESS
R 51 SUCCESS
R 52 SUCCESS
R 53 SUCCESS
R 54 SUCCESS
R 55 SUCCESS
R 56 SUCCESS
R 57 SUCCESS
R 58 SUCCESS
R 59 SUCCESS
R 60 SUCCESS
R 61 SUCCESS
R 62 SUCCESS
R 63 SUCCESS
R 64 SUCCESS
R 65 SUCCESS
R 66 SUCCESS
R 67 SUCCESS
R 68 SUCCESS
R 69 SUCCESS
R 70 SUCCESS
R 71 SUCCESS
R 72 SUCCESS
R 73 SUCCESS
R 74 SUCCESS
R 75 SUCCESS
R 76 SUCCESS
R 77 SUCCESS
R 78 SUCCESS
R 79 SUCCESS
R 80 SUCCESS
R 81 SUCCESS
R 82 SUCCESS
R 83 SUCCESS
R 84 SUCCESS
R 85 SUCCESS
R 86 SUCCESS
R 87 SUCCESS
R 88 SUCCESS
R 89 SUCCESS
R 90 SUCCESS
R 91 SUCCESS
R 92 SUCCESS
R 93 SUCCESS
R 94 SUCCESS
R 95 SUCCESS
R 96 SUCCESS
R 97 SUCCESS
R 98 SUCCESS
R 99 SUCCESS
R 100 SUCCESS
R 101 SUCCESS
R 102 SUCCESS
R 103 SUCCESS
R 104 SUCCESS
R 105 SUCCESS
R 106 SUCCESS
R 107 SUCCESS
R 108 SUCCESS
R 109 SUCCESS
R 110 SUCCESS
R 111 SUCCESS
R 112 SUCCESS
R 113 SUCCESS
R 114 SUCCESS
R 115 SUCCESS
R 116 SUCCESS
R 117 SUCCESS
R 118 SUCCESS
R 119 SUCCESS
R 120 SUCCESS
R 121 SUCCESS
R 122 SUCCESS
STATE
A 1 2 100001587
POS 1 10010 SHORT 9 8716 90 0
A 2 2 99982639
POS 2 10010 LONG 11 10734 110 0
A 3 2 100022851
POS 3 10010 SHORT 3 3108 30 0
A 4 2 99992923
POS 4 10010 LONG 1 1036 10 0
EVENTS
FE CLOSE_POSITION uid=1 cur=2 free=100002371 locked=40
FE CLOSE_POSITION uid=1 cur=2 free=100002411 locked=0
FE CLOSE_POSITION uid=1 cur=2 free=99999047 locked=50
FE CLOSE_POSITION uid=1 cur=2 free=99999077 locked=20
FE CLOSE_POSITION uid=1 cur=2 free=99999087 locked=10
FE CLOSE_POSITION uid=2 cur=2 free=99981775 locked=40
FE CLOSE_POSITION uid=2 cur=2 free=99981815 locked=0
FE CLOSE_POSITION uid=2 cur=2 free=99992324 locked=250
FE CLOSE_POSITION uid=2 cur=2 free=99992394 locked=180
FE CLOSE_POSITION uid=2 cur=2 free=99992494 locked=80
FE CLOSE_POSITION uid=2 cur=2 free=99992554 locked=20
FE CLOSE_POSITION uid=2 cur=2 free=99992848 locked=20
FE CLOSE_POSITION uid=2 cur=2 free=99994995 locked=70
FE CLOSE_POSITION uid=3 cur=2 free=100008800 locked=40
FE CLOSE_POSITION uid=3 cur=2 free=100013076 locked=240
FE CLOSE_POSITION uid=3 cur=2 free=100013086 locked=230
FE CLOSE_POSITION uid=3 cur=2 free=100022851 locked=0
FE CLOSE_POSITION uid=3 cur=2 free=100022851 locked=0
FE CLOSE_POSITION uid=4 cur=2 free=99992923 locked=0
FE CLOSE_POSITION uid=4 cur=2 free=99994983 locked=30
FE DEPOSIT uid=1 cur=2 free=100000000 locked=0
FE DEPOSIT uid=2 cur=2 free=100000000 locked=0
FE DEPOSIT uid=3 cur=2 free=100000000 locked=0
FE DEPOSIT uid=4 cur=2 free=100000000 locked=0
FE LOCK_PENDING uid=1 cur=2 free=100000147 locked=31
FE LOCK_PENDING uid=1 cur=2 free=100000411 locked=51
FE LOCK_PENDING uid=1 cur=2 free=100000737 locked=20
FE LOCK_PENDING uid=1 cur=2 free=100001006 locked=51
FE LOCK_PENDING uid=1 cur=2 free=100001502 locked=85
FE LOCK_PENDING uid=1 cur=2 free=100001544 locked=43
FE LOCK_PENDING uid=1 cur=2 free=100001736 locked=73
FE LOCK_PENDING uid=1 cur=2 free=100002339 locked=72
FE LOCK_PENDING uid=1 cur=2 free=100002341 locked=70
FE LOCK_PENDING uid=1 cur=2 free=100002343 locked=68
FE LOCK_PENDING uid=1 cur=2 free=100002371 locked=40
FE LOCK_PENDING uid=1 cur=2 free=99998997 locked=100
FE LOCK_PENDING uid=1 cur=2 free=99998997 locked=100
FE LOCK_PENDING uid=1 cur=2 free=99999027 locked=70
FE LOCK_PENDING uid=1 cur=2 free=99999030 locked=67
FE LOCK_PENDING uid=1 cur=2 free=99999048 locked=49
FE LOCK_PENDING uid=1 cur=2 free=99999057 locked=40
FE LOCK_PENDING uid=1 cur=2 free=99999057 locked=40
FE LOCK_PENDING uid=1 cur=2 free=99999959 locked=41
FE LOCK_PENDING uid=1 cur=2 free=99999981 locked=19
FE LOCK_PENDING uid=2 cur=2 free=100000842 locked=135
FE LOCK_PENDING uid=2 cur=2 free=100000888 locked=89
FE LOCK_PENDING uid=2 cur=2 free=100000957 locked=20
FE LOCK_PENDING uid=2 cur=2 free=100001221 locked=51
FE LOCK_PENDING uid=2 cur=2 free=99981743 locked=72
FE LOCK_PENDING uid=2 cur=2 free=99981745 locked=70
FE LOCK_PENDING uid=2 cur=2 free=99981747 locked=68
FE LOCK_PENDING uid=2 cur=2 free=99981775 locked=40
FE LOCK_PENDING uid=2 cur=2 free=99982534 locked=105
FE LOCK_PENDING uid=2 cur=2 free=99982578 locked=61
FE LOCK_PENDING uid=2 cur=2 free=99982596 locked=43
FE LOCK_PENDING uid=2 cur=2 free=99983305 locked=42
FE LOCK_PENDING uid=2 cur=2 free=99992274 locked=300
FE LOCK_PENDING uid=2 cur=2 free=99992274 locked=300
FE LOCK_PENDING uid=2 cur=2 free=99992324 locked=250
FE LOCK_PENDING uid=2 cur=2 free=99992325 locked=249
FE LOCK_PENDING uid=2 cur=2 free=99992363 locked=211
FE LOCK_PENDING uid=2 cur=2 free=99992430 locked=144
FE LOCK_PENDING uid=2 cur=2 free=99992464 locked=110
FE LOCK_PENDING uid=2 cur=2 free=99992468 locked=106
FE LOCK_PENDING uid=2 cur=2 free=99992504 locked=70
FE LOCK_PENDING uid=2 cur=2 free=99992507 locked=67
FE LOCK_PENDING uid=2 cur=2 free=99992534 locked=40
FE LOCK_PENDING uid=2 cur=2 free=99992792 locked=76
FE LOCK_PENDING uid=2 cur=2 free=99992798 locked=70
FE LOCK_PENDING uid=2 cur=2 free=99993361 locked=73
FE LOCK_PENDING uid=2 cur=2 free=99994965 locked=100
FE LOCK_PENDING uid=2 cur=2 free=99994966 locked=99
FE LOCK_PENDING uid=2 cur=2 free=99995034 locked=31
FE LOCK_PENDING uid=2 cur=2 free=99999108 locked=64
FE LOCK_PENDING uid=2 cur=2 free=99999941 locked=59
FE LOCK_PENDING uid=2 cur=2 free=99999959 locked=41
FE LOCK_PENDING uid=2 cur=2 free=99999981 locked=19
FE LOCK_PENDING uid=3 cur=2 free=100000752 locked=64
FE LOCK_PENDING uid=3 cur=2 free=100008762 locked=78
FE LOCK_PENDING uid=3 cur=2 free=100008770 locked=70
FE LOCK_PENDING uid=3 cur=2 free=100008771 locked=69
FE LOCK_PENDING uid=3 cur=2 free=100010986 locked=76
FE LOCK_PENDING uid=3 cur=2 free=100013002 locked=314
FE LOCK_PENDING uid=3 cur=2 free=100013006 locked=310
FE LOCK_PENDING uid=3 cur=2 free=100013035 locked=281
FE LOCK_PENDING uid=3 cur=2 free=100013036 locked=280
FE LOCK_PENDING uid=3 cur=2 free=100013047 locked=269
FE LOCK_PENDING uid=3 cur=2 free=100013102 locked=214
FE LOCK_PENDING uid=3 cur=2 free=100013170 locked=146
FE LOCK_PENDING uid=3 cur=2 free=100013214 locked=102
FE LOCK_PENDING uid=3 cur=2 free=100013250 locked=66
FE LOCK_PENDING uid=3 cur=2 free=100022763 locked=62
FE LOCK_PENDING uid=3 cur=2 free=100022805 locked=20
FE LOCK_PENDING uid=3 cur=2 free=100022810 locked=41
FE LOCK_PENDING uid=3 cur=2 free=100022811 locked=40
FE LOCK_PENDING uid=3 cur=2 free=100022830 locked=21
FE LOCK_PENDING uid=3 cur=2 free=100025043 locked=178
FE LOCK_PENDING uid=3 cur=2 free=100025101 locked=120
FE LOCK_PENDING uid=3 cur=2 free=100025142 locked=79
FE LOCK_PENDING uid=3 cur=2 free=100025163 locked=58
FE LOCK_PENDING uid=3 cur=2 free=99998531 locked=185
FE LOCK_PENDING uid=3 cur=2 free=99998577 locked=139
FE LOCK_PENDING uid=3 cur=2 free=99998648 locked=68
FE LOCK_PENDING uid=3 cur=2 free=99999951 locked=49
FE LOCK_PENDING uid=3 cur=2 free=99999981 locked=19
FE LOCK_PENDING uid=4 cur=2 free=99990375 locked=178
FE LOCK_PENDING uid=4 cur=2 free=99990433 locked=120
FE LOCK_PENDING uid=4 cur=2 free=99990474 locked=79
FE LOCK_PENDING uid=4 cur=2 free=99990495 locked=58
FE LOCK_PENDING uid=4 cur=2 free=99991397 locked=20
FE LOCK_PENDING uid=4 cur=2 free=99992862 locked=61
FE LOCK_PENDING uid=4 cur=2 free=99992863 locked=60
FE LOCK_PENDING uid=4 cur=2 free=99994899 locked=114
FE LOCK_PENDING uid=4 cur=2 free=99994933 locked=80
FE LOCK_PENDING uid=4 cur=2 free=99994937 locked=76
FE LOCK_PENDING uid=4 cur=2 free=99994944 locked=69
FE LOCK_PENDING uid=4 cur=2 free=99994981 locked=32
FE LOCK_PENDING uid=4 cur=2 free=99995879 locked=38
FE LOCK_PENDING uid=4 cur=2 free=99999482 locked=68
FE LOCK_PENDING uid=4 cur=2 free=99999971 locked=29
FE OPEN_POSITION uid=1 cur=2 free=100000148 locked=30
FE OPEN_POSITION uid=1 cur=2 free=100000412 locked=50
FE OPEN_POSITION uid=1 cur=2 free=100000737 locked=20
FE OPEN_POSITION uid=1 cur=2 free=100001007 locked=50
FE OPEN_POSITION uid=1 cur=2 free=100001497 locked=90
FE OPEN_POSITION uid=1 cur=2 free=100001547 locked=40
FE OPEN_POSITION uid=1 cur=2 free=100001739 locked=70
FE OPEN_POSITION uid=1 cur=2 free=100002341 locked=70
FE OPEN_POSITION uid=1 cur=2 free=100002341 locked=70
FE OPEN_POSITION uid=1 cur=2 free=100002381 locked=30
FE OPEN_POSITION uid=1 cur=2 free=99998997 locked=100
FE OPEN_POSITION uid=1 cur=2 free=99999027 locked=70
FE OPEN_POSITION uid=1 cur=2 free=99999047 locked=50
FE OPEN_POSITION uid=1 cur=2 free=99999057 locked=40
FE OPEN_POSITION uid=1 cur=2 free=99999960 locked=40
FE OPEN_POSITION uid=1 cur=2 free=99999980 locked=20
FE OPEN_POSITION uid=2 cur=2 free=100000837 locked=140
FE OPEN_POSITION uid=2 cur=2 free=100000887 locked=90
FE OPEN_POSITION uid=2 cur=2 free=100000957 locked=20
FE OPEN_POSITION uid=2 cur=2 free=100001222 locked=50
FE OPEN_POSITION uid=2 cur=2 free=99981745 locked=70
FE OPEN_POSITION uid=2 cur=2 free=99981745 locked=70
FE OPEN_POSITION uid=2 cur=2 free=99981785 locked=30
FE OPEN_POSITION uid=2 cur=2 free=99982529 locked=110
FE OPEN_POSITION uid=2 cur=2 free=99982579 locked=60
FE OPEN_POSITION uid=2 cur=2 free=99982599 locked=40
FE OPEN_POSITION uid=2 cur=2 free=99983307 locked=40
FE OPEN_POSITION uid=2 cur=2 free=99992274 locked=300
FE OPEN_POSITION uid=2 cur=2 free=99992324 locked=250
FE OPEN_POSITION uid=2 cur=2 free=99992364 locked=210
FE OPEN_POSITION uid=2 cur=2 free=99992424 locked=150
FE OPEN_POSITION uid=2 cur=2 free=99992464 locked=110
FE OPEN_POSITION uid=2 cur=2 free=99992504 locked=70
FE OPEN_POSITION uid=2 cur=2 free=99992534 locked=40
FE OPEN_POSITION uid=2 cur=2 free=99992798 locked=70
FE OPEN_POSITION uid=2 cur=2 free=99993364 locked=70
FE OPEN_POSITION uid=2 cur=2 free=99994965 locked=100
FE OPEN_POSITION uid=2 cur=2 free=99995035 locked=30
FE OPEN_POSITION uid=2 cur=2 free=99999102 locked=70
FE OPEN_POSITION uid=2 cur=2 free=99999940 locked=60
FE OPEN_POSITION uid=2 cur=2 free=99999960 locked=40
FE OPEN_POSITION uid=2 cur=2 free=99999980 locked=20
FE OPEN_POSITION uid=3 cur=2 free=100000746 locked=70
FE OPEN_POSITION uid=3 cur=2 free=100008760 locked=80
FE OPEN_POSITION uid=3 cur=2 free=100008770 locked=70
FE OPEN_POSITION uid=3 cur=2 free=100010992 locked=70
FE OPEN_POSITION uid=3 cur=2 free=100013006 locked=310
FE OPEN_POSITION uid=3 cur=2 free=100013036 locked=280
FE OPEN_POSITION uid=3 cur=2 free=100013046 locked=270
FE OPEN_POSITION uid=3 cur=2 free=100013096 locked=220
FE OPEN_POSITION uid=3 cur=2 free=100013166 locked=150
FE OPEN_POSITION uid=3 cur=2 free=100013216 locked=100
FE OPEN_POSITION uid=3 cur=2 free=100013246 locked=70
FE OPEN_POSITION uid=3 cur=2 free=100022765 locked=60
FE OPEN_POSITION uid=3 cur=2 free=100022805 locked=20
FE OPEN_POSITION uid=3 cur=2 free=100022811 locked=40
FE OPEN_POSITION uid=3 cur=2 free=100022821 locked=30
FE OPEN_POSITION uid=3 cur=2 free=100022831 locked=20
FE OPEN_POSITION uid=3 cur=2 free=100025041 locked=180
FE OPEN_POSITION uid=3 cur=2 free=100025101 locked=120
FE OPEN_POSITION uid=3 cur=2 free=100025141 locked=80
FE OPEN_POSITION uid=3 cur=2 free=100025161 locked=60
FE OPEN_POSITION uid=3 cur=2 free=99998526 locked=190
FE OPEN_POSITION uid=3 cur=2 free=99998576 locked=140
FE OPEN_POSITION uid=3 cur=2 free=99998646 locked=70
FE OPEN_POSITION uid=3 cur=2 free=99999950 locked=50
FE OPEN_POSITION uid=3 cur=2 free=99999980 locked=20
FE OPEN_POSITION uid=4 cur=2 free=99990373 locked=180
FE OPEN_POSITION uid=4 cur=2 free=99990433 locked=120
FE OPEN_POSITION uid=4 cur=2 free=99990473 locked=80
FE OPEN_POSITION uid=4 cur=2 free=99990493 locked=60
FE OPEN_POSITION uid=4 cur=2 free=99991397 locked=20
FE OPEN_POSITION uid=4 cur=2 free=99992863 locked=60
FE OPEN_POSITION uid=4 cur=2 free=99992913 locked=10
FE OPEN_POSITION uid=4 cur=2 free=99994903 locked=110
FE OPEN_POSITION uid=4 cur=2 free=99994933 locked=80
FE OPEN_POSITION uid=4 cur=2 free=99994943 locked=70
FE OPEN_POSITION uid=4 cur=2 free=99994983 locked=30
FE OPEN_POSITION uid=4 cur=2 free=99995877 locked=40
FE OPEN_POSITION uid=4 cur=2 free=99999480 locked=70
FE OPEN_POSITION uid=4 cur=2 free=99999970 locked=30
FE PNL_SETTLEMENT uid=1 cur=2 free=100000178 locked=0
FE PNL_SETTLEMENT uid=1 cur=2 free=100000462 locked=0
FE PNL_SETTLEMENT uid=1 cur=2 free=100000757 locked=0
FE PNL_SETTLEMENT uid=1 cur=2 free=100001057 locked=0
FE PNL_SETTLEMENT uid=1 cur=2 free=100001587 locked=0
FE PNL_SETTLEMENT uid=1 cur=2 free=100001809 locked=0
FE PNL_SETTLEMENT uid=1 cur=2 free=100002411 locked=0
FE PNL_SETTLEMENT uid=1 cur=2 free=99999097 locked=0
FE PNL_SETTLEMENT uid=2 cur=2 free=100000977 locked=0
FE PNL_SETTLEMENT uid=2 cur=2 free=100001272 locked=0
FE PNL_SETTLEMENT uid=2 cur=2 free=99981815 locked=0
FE PNL_SETTLEMENT uid=2 cur=2 free=99982639 locked=0
FE PNL_SETTLEMENT uid=2 cur=2 free=99983347 locked=0
FE PNL_SETTLEMENT uid=2 cur=2 free=99992574 locked=0
FE PNL_SETTLEMENT uid=2 cur=2 free=99992868 locked=0
FE PNL_SETTLEMENT uid=2 cur=2 free=99993434 locked=0
FE PNL_SETTLEMENT uid=2 cur=2 free=99995065 locked=0
FE PNL_SETTLEMENT uid=2 cur=2 free=99999172 locked=0
FE PNL_SETTLEMENT uid=3 cur=2 free=100000816 locked=0
FE PNL_SETTLEMENT uid=3 cur=2 free=100008840 locked=0
FE PNL_SETTLEMENT uid=3 cur=2 free=100011062 locked=0
FE PNL_SETTLEMENT uid=3 cur=2 free=100013316 locked=0
FE PNL_SETTLEMENT uid=3 cur=2 free=100022825 locked=0
FE PNL_SETTLEMENT uid=3 cur=2 free=100022851 locked=0
FE PNL_SETTLEMENT uid=3 cur=2 free=100025221 locked=0
FE PNL_SETTLEMENT uid=3 cur=2 free=99998716 locked=0
FE PNL_SETTLEMENT uid=4 cur=2 free=99990553 locked=0
FE PNL_SETTLEMENT uid=4 cur=2 free=99991417 locked=0
FE PNL_SETTLEMENT uid=4 cur=2 free=99992923 locked=0
FE PNL_SETTLEMENT uid=4 cur=2 free=99995013 locked=0
FE PNL_SETTLEMENT uid=4 cur=2 free=99995917 locked=0
FE PNL_SETTLEMENT uid=4 cur=2 free=99999550 locked=0
FE UNLOCK_PENDING uid=1 cur=2 free=100000000 locked=0
FE UNLOCK_PENDING uid=1 cur=2 free=100000178 locked=0
FE UNLOCK_PENDING uid=1 cur=2 free=100000462 locked=0
FE UNLOCK_PENDING uid=1 cur=2 free=100000757 locked=0
FE UNLOCK_PENDING uid=1 cur=2 free=100001057 locked=0
FE UNLOCK_PENDING uid=1 cur=2 free=100001547 locked=40
FE UNLOCK_PENDING uid=1 cur=2 free=100001587 locked=0
FE UNLOCK_PENDING uid=1 cur=2 free=100001809 locked=0
FE UNLOCK_PENDING uid=1 cur=2 free=100002341 locked=70
FE UNLOCK_PENDING uid=1 cur=2 free=100002371 locked=40
FE UNLOCK_PENDING uid=1 cur=2 free=100002381 locked=30
FE UNLOCK_PENDING uid=1 cur=2 free=100002411 locked=0
FE UNLOCK_PENDING uid=1 cur=2 free=99998997 locked=100
FE UNLOCK_PENDING uid=1 cur=2 free=99999027 locked=70
FE UNLOCK_PENDING uid=1 cur=2 free=99999047 locked=50
FE UNLOCK_PENDING uid=1 cur=2 free=99999057 locked=40
FE UNLOCK_PENDING uid=1 cur=2 free=99999077 locked=20
FE UNLOCK_PENDING uid=1 cur=2 free=99999087 locked=10
FE UNLOCK_PENDING uid=1 cur=2 free=99999097 locked=0
FE UNLOCK_PENDING uid=1 cur=2 free=99999980 locked=20
FE UNLOCK_PENDING uid=2 cur=2 free=100000000 locked=0
FE UNLOCK_PENDING uid=2 cur=2 free=100000887 locked=90
FE UNLOCK_PENDING uid=2 cur=2 free=100000957 locked=20
FE UNLOCK_PENDING uid=2 cur=2 free=100000977 locked=0
FE UNLOCK_PENDING uid=2 cur=2 free=100001272 locked=0
FE UNLOCK_PENDING uid=2 cur=2 free=99981745 locked=70
FE UNLOCK_PENDING uid=2 cur=2 free=99981775 locked=40
FE UNLOCK_PENDING uid=2 cur=2 free=99981785 locked=30
FE UNLOCK_PENDING uid=2 cur=2 free=99981815 locked=0
FE UNLOCK_PENDING uid=2 cur=2 free=99982579 locked=60
FE UNLOCK_PENDING uid=2 cur=2 free=99982599 locked=40
FE UNLOCK_PENDING uid=2 cur=2 free=99982639 locked=0
FE UNLOCK_PENDING uid=2 cur=2 free=99983347 locked=0
FE UNLOCK_PENDING uid=2 cur=2 free=99992274 locked=300
FE UNLOCK_PENDING uid=2 cur=2 free=99992324 locked=250
FE UNLOCK_PENDING uid=2 cur=2 free=99992324 locked=250
FE UNLOCK_PENDING uid=2 cur=2 free=99992364 locked=210
FE UNLOCK_PENDING uid=2 cur=2 free=99992424 locked=150
FE UNLOCK_PENDING uid=2 cur=2 free=99992464 locked=110
FE UNLOCK_PENDING uid=2 cur=2 free=99992494 locked=80
FE UNLOCK_PENDING uid=2 cur=2 free=99992504 locked=70
FE UNLOCK_PENDING uid=2 cur=2 free=99992534 locked=40
FE UNLOCK_PENDING uid=2 cur=2 free=99992554 locked=20
FE UNLOCK_PENDING uid=2 cur=2 free=99992574 locked=0
FE UNLOCK_PENDING uid=2 cur=2 free=99992798 locked=70
FE UNLOCK_PENDING uid=2 cur=2 free=99992868 locked=0
FE UNLOCK_PENDING uid=2 cur=2 free=99993434 locked=0
FE UNLOCK_PENDING uid=2 cur=2 free=99994965 locked=100
FE UNLOCK_PENDING uid=2 cur=2 free=99995035 locked=30
FE UNLOCK_PENDING uid=2 cur=2 free=99995065 locked=0
FE UNLOCK_PENDING uid=2 cur=2 free=99999172 locked=0
FE UNLOCK_PENDING uid=2 cur=2 free=99999960 locked=40
FE UNLOCK_PENDING uid=2 cur=2 free=99999980 locked=20
FE UNLOCK_PENDING uid=3 cur=2 free=100000000 locked=0
FE UNLOCK_PENDING uid=3 cur=2 free=100000816 locked=0
FE UNLOCK_PENDING uid=3 cur=2 free=100008770 locked=70
FE UNLOCK_PENDING uid=3 cur=2 free=100008800 locked=40
FE UNLOCK_PENDING uid=3 cur=2 free=100008840 locked=0
FE UNLOCK_PENDING uid=3 cur=2 free=100011062 locked=0
FE UNLOCK_PENDING uid=3 cur=2 free=100013006 locked=310
FE UNLOCK_PENDING uid=3 cur=2 free=100013036 locked=280
FE UNLOCK_PENDING uid=3 cur=2 free=100013046 locked=270
FE UNLOCK_PENDING uid=3 cur=2 free=100013086 locked=230
FE UNLOCK_PENDING uid=3 cur=2 free=100013096 locked=220
FE UNLOCK_PENDING uid=3 cur=2 free=100013166 locked=150
FE UNLOCK_PENDING uid=3 cur=2 free=100013216 locked=100
FE UNLOCK_PENDING uid=3 cur=2 free=100013246 locked=70
FE UNLOCK_PENDING uid=3 cur=2 free=100013316 locked=0
FE UNLOCK_PENDING uid=3 cur=2 free=100022805 locked=20
FE UNLOCK_PENDING uid=3 cur=2 free=100022811 locked=40
FE UNLOCK_PENDING uid=3 cur=2 free=100022825 locked=0
FE UNLOCK_PENDING uid=3 cur=2 free=100022831 locked=20
FE UNLOCK_PENDING uid=3 cur=2 free=100022851 locked=0
FE UNLOCK_PENDING uid=3 cur=2 free=100025101 locked=120
FE UNLOCK_PENDING uid=3 cur=2 free=100025141 locked=80
FE UNLOCK_PENDING uid=3 cur=2 free=100025161 locked=60
FE UNLOCK_PENDING uid=3 cur=2 free=100025221 locked=0
FE UNLOCK_PENDING uid=3 cur=2 free=99998576 locked=140
FE UNLOCK_PENDING uid=3 cur=2 free=99998646 locked=70
FE UNLOCK_PENDING uid=3 cur=2 free=99998716 locked=0
FE UNLOCK_PENDING uid=3 cur=2 free=99999980 locked=20
FE UNLOCK_PENDING uid=4 cur=2 free=100000000 locked=0
FE UNLOCK_PENDING uid=4 cur=2 free=99990433 locked=120
FE UNLOCK_PENDING uid=4 cur=2 free=99990473 locked=80
FE UNLOCK_PENDING uid=4 cur=2 free=99990493 locked=60
FE UNLOCK_PENDING uid=4 cur=2 free=99990553 locked=0
FE UNLOCK_PENDING uid=4 cur=2 free=99991417 locked=0
FE UNLOCK_PENDING uid=4 cur=2 free=99992863 locked=60
FE UNLOCK_PENDING uid=4 cur=2 free=99992923 locked=0
FE UNLOCK_PENDING uid=4 cur=2 free=99994933 locked=80
FE UNLOCK_PENDING uid=4 cur=2 free=99994943 locked=70
FE UNLOCK_PENDING uid=4 cur=2 free=99994983 locked=30
FE UNLOCK_PENDING uid=4 cur=2 free=99994983 locked=30
FE UNLOCK_PENDING uid=4 cur=2 free=99995013 locked=0
FE UNLOCK_PENDING uid=4 cur=2 free=99995917 locked=0
FE UNLOCK_PENDING uid=4 cur=2 free=99999550 locked=0
