R 4 SUCCESS
R 5 SUCCESS
R 6 SUCCESS
R 7 SUCCESS
R 8 SUCCESS
R 9 SUCCESS
R 10 SUCCESS
R 11 SUCCESS
R 12 SUCCESS
R 13 SUCCESS
R 14 SUCCESS
R 15 SUCCESS
R 16 RISK_LEVERAGE_MISMATCH
R 17 SUCCESS
R 18 SUCCESS
R 19 SUCCESS
R 20 RISK_LEVERAGE_MISMATCH
R 21 RISK_MARGIN_MODE_MISMATCH
R 22 RISK_INVALID_LEVERAGE
R 23 RISK_MARGIN_MODE_MISMATCH
R 24 RISK_LEVERAGE_MISMATCH
R 25 MATCHING_UNKNOWN_ORDER_ID
R 26 RISK_MARGIN_MODE_MISMATCH
R 27 RISK_MARGIN_MODE_MISMATCH
R 28 MATCHING_UNKNOWN_ORDER_ID
R 29 SUCCESS
R 30 RISK_MARGIN_MODE_MISMATCH
R 31 RISK_MARGIN_MODE_MISMATCH
R 32 RISK_MARGIN_MODE_MISMATCH
R 33 RISK_INVALID_LEVERAGE
R 34 SUCCESS
R 35 RISK_LEVERAGE_MISMATCH
R 36 SUCCESS
R 37 MATCHING_UNKNOWN_ORDER_ID
R 38 SUCCESS
R 39 RISK_MARGIN_MODE_MISMATCH
R 40 RISK_LEVERAGE_MISMATCH
R 41 MATCHING_UNKNOWN_ORDER_ID
R 42 RISK_LEVERAGE_MISMATCH
R 43 MATCHING_UNKNOWN_ORDER_ID
R 44 MATCHING_UNKNOWN_ORDER_ID
R 45 SUCCESS
R 46 RISK_MARGIN_MODE_MISMATCH
R 47 MATCHING_UNKNOWN_ORDER_ID
R 48 RISK_LEVERAGE_MISMATCH
R 49 MATCHING_UNKNOWN_ORDER_ID
R 50 RISK_LEVERAGE_MISMATCH
R 51 SUCCESS
R 52 RISK_LEVERAGE_MISMATCH
R 53 SUCCESS
R 54 RISK_MARGIN_MODE_MISMATCH
R 55 SUCCESS
R 56 MATCHING_UNKNOWN_ORDER_ID
R 57 RISK_MARGIN_MODE_MISMATCH
R 58 RISK_LEVERAGE_MISMATCH
R 59 RISK_MARGIN_MODE_MISMATCH
R 60 RISK_MARGIN_MODE_MISMATCH
R 61 SUCCESS
R 62 RISK_LEVERAGE_MISMATCH
R 63 MATCHING_UNKNOWN_ORDER_ID
R 64 MATCHING_UNKNOWN_ORDER_ID
R 65 RISK_LEVERAGE_MISMATCH
R 66 RISK_MARGIN_MODE_MISMATCH
R 67 RISK_LEVERAGE_MISMATCH
R 68 SUCCESS
R 69 SUCCESS
R 70 RISK_MARGIN_MODE_MISMATCH
R 71 RISK_MARGIN_MODE_MISMATCH
STATE
A 1 2 1000000000000
POS 1 10000 LONG 2 20690 200 0
A 2 2 1000000000000
POS 2 10000 SHORT 3 30557 101 0
A 3 2 1000000000000
POS 3 10000 LONG 3 29347 75 0
A 4 2 1000000000000
POS 4 10000 SHORT 2 19480 67 0
EVENTS
FE DEPOSIT uid=1 cur=2 free=1000000000000 locked=0
FE DEPOSIT uid=2 cur=2 free=1000000000000 locked=0
FE DEPOSIT uid=3 cur=2 free=1000000000000 locked=0
FE DEPOSIT uid=4 cur=2 free=1000000000000 locked=0
FE LOCK_PENDING uid=1 cur=2 free=999999999413 locked=587
FE LOCK_PENDING uid=1 cur=2 free=999999999793 locked=207
FE LOCK_PENDING uid=2 cur=2 free=999999999698 locked=302
FE LOCK_PENDING uid=2 cur=2 free=999999999806 locked=194
FE LOCK_PENDING uid=2 cur=2 free=999999999834 locked=166
FE LOCK_PENDING uid=2 cur=2 free=999999999902 locked=98
FE LOCK_PENDING uid=3 cur=2 free=999999999924 locked=76
FE LOCK_PENDING uid=4 cur=2 free=999999999935 locked=65
FE OPEN_POSITION uid=1 cur=2 free=999999999800 locked=200
FE OPEN_POSITION uid=2 cur=2 free=999999999899 locked=101
FE OPEN_POSITION uid=2 cur=2 free=999999999900 locked=100
FE OPEN_POSITION uid=3 cur=2 free=999999999924 locked=76
FE OPEN_POSITION uid=3 cur=2 free=999999999925 locked=75
FE OPEN_POSITION uid=4 cur=2 free=999999999933 locked=67
FE UNLOCK_PENDING uid=1 cur=2 free=1000000000000 locked=0
FE UNLOCK_PENDING uid=2 cur=2 free=1000000000000 locked=0
FE UNLOCK_PENDING uid=2 cur=2 free=999999999933 locked=67
FE UNLOCK_PENDING uid=2 cur=2 free=999999999967 locked=33
FE UNLOCK_PENDING uid=3 cur=2 free=999999999950 locked=50
FE UNLOCK_PENDING uid=3 cur=2 free=999999999974 locked=26
FE UNLOCK_PENDING uid=4 cur=2 free=1000000000000 locked=0
