R 4 SUCCESS
R 5 SUCCESS
R 6 SUCCESS
R 7 SUCCESS
R 8 SUCCESS
R 9 SUCCESS
R 10 SUCCESS
R 11 SUCCESS
R 12 SUCCESS
R 13 SUCCESS
R 14 SUCCESS
R 15 SUCCESS
R 16 RISK_INVALID_LEVERAGE
R 17 SUCCESS
R 18 RISK_MARGIN_MODE_MISMATCH
R 19 SUCCESS
R 20 RISK_LEVERAGE_MISMATCH
R 21 RISK_MARGIN_MODE_MISMATCH
R 22 MATCHING_UNKNOWN_ORDER_ID
R 23 MATCHING_UNKNOWN_ORDER_ID
R 24 RISK_MARGIN_MODE_MISMATCH
R 25 MATCHING_UNKNOWN_ORDER_ID
R 26 RISK_MARGIN_MODE_MISMATCH
R 27 SUCCESS
R 28 MATCHING_UNKNOWN_ORDER_ID
R 29 SUCCESS
R 30 SUCCESS
R 31 RISK_INVALID_LEVERAGE
R 32 MATCHING_UNKNOWN_ORDER_ID
R 33 SUCCESS
R 34 RISK_MARGIN_MODE_MISMATCH
R 35 RISK_MARGIN_MODE_MISMATCH
R 36 SUCCESS
R 37 MATCHING_UNKNOWN_ORDER_ID
R 38 SUCCESS
R 39 MATCHING_UNKNOWN_ORDER_ID
R 40 RISK_MARGIN_MODE_MISMATCH
R 41 MATCHING_UNKNOWN_ORDER_ID
R 42 RISK_MARGIN_MODE_MISMATCH
R 43 RISK_MARGIN_MODE_MISMATCH
R 44 RISK_LEVERAGE_MISMATCH
R 45 MATCHING_UNKNOWN_ORDER_ID
R 46 RISK_MARGIN_MODE_MISMATCH
R 47 RISK_LEVERAGE_MISMATCH
R 48 SUCCESS
R 49 RISK_MARGIN_MODE_MISMATCH
R 50 RISK_LEVERAGE_MISMATCH
R 51 RISK_MARGIN_MODE_MISMATCH
R 52 MATCHING_UNKNOWN_ORDER_ID
R 53 RISK_INVALID_LEVERAGE
R 54 RISK_LEVERAGE_MISMATCH
R 55 RISK_MARGIN_MODE_MISMATCH
R 56 RISK_LEVERAGE_MISMATCH
R 57 RISK_LEVERAGE_MISMATCH
R 58 RISK_LEVERAGE_MISMATCH
R 59 RISK_LEVERAGE_MISMATCH
R 60 SUCCESS
R 61 RISK_MARGIN_MODE_MISMATCH
R 62 RISK_MARGIN_MODE_MISMATCH
R 63 MATCHING_UNKNOWN_ORDER_ID
R 64 SUCCESS
R 65 MATCHING_UNKNOWN_ORDER_ID
R 66 SUCCESS
R 67 RISK_MARGIN_MODE_MISMATCH
R 68 RISK_MARGIN_MODE_MISMATCH
R 69 SUCCESS
R 70 SUCCESS
R 71 RISK_LEVERAGE_MISMATCH
STATE
A 1 2 1000000000000
POS 1 10000 LONG 3 30000 150 0
A 2 2 1000000000000
POS 2 10000 SHORT 1 10067 20 0
A 3 2 1000000000000
POS 3 10000 LONG 2 20134 54 0
A 4 2 1000000000000
POS 4 10000 SHORT 4 40067 170 0
EVENTS
FE DEPOSIT uid=1 cur=2 free=1000000000000 locked=0
FE DEPOSIT uid=2 cur=2 free=1000000000000 locked=0
FE DEPOSIT uid=3 cur=2 free=1000000000000 locked=0
FE DEPOSIT uid=4 cur=2 free=1000000000000 locked=0
FE LOCK_PENDING uid=1 cur=2 free=999999999505 locked=495
FE LOCK_PENDING uid=1 cur=2 free=999999999700 locked=300
FE LOCK_PENDING uid=1 cur=2 free=999999999899 locked=101
FE LOCK_PENDING uid=2 cur=2 free=999999999938 locked=62
FE LOCK_PENDING uid=3 cur=2 free=999999999926 locked=74
FE LOCK_PENDING uid=3 cur=2 free=999999999932 locked=68
FE LOCK_PENDING uid=4 cur=2 free=999999999731 locked=269
FE LOCK_PENDING uid=4 cur=2 free=999999999939 locked=61
FE LOCK_PENDING uid=4 cur=2 free=999999999967 locked=33
FE LOCK_PENDING uid=4 cur=2 free=999999999980 locked=20
FE OPEN_POSITION uid=1 cur=2 free=999999999504 locked=496
FE OPEN_POSITION uid=1 cur=2 free=999999999504 locked=496
FE OPEN_POSITION uid=2 cur=2 free=999999999939 locked=61
FE OPEN_POSITION uid=3 cur=2 free=999999999932 locked=68
FE OPEN_POSITION uid=3 cur=2 free=999999999946 locked=54
FE OPEN_POSITION uid=4 cur=2 free=999999999730 locked=270
FE OPEN_POSITION uid=4 cur=2 free=999999999730 locked=270
FE OPEN_POSITION uid=4 cur=2 free=999999999980 locked=20
FE UNLOCK_PENDING uid=1 cur=2 free=999999999554 locked=446
FE UNLOCK_PENDING uid=1 cur=2 free=999999999604 locked=396
FE UNLOCK_PENDING uid=2 cur=2 free=999999999959 locked=41
FE UNLOCK_PENDING uid=2 cur=2 free=999999999980 locked=20
FE UNLOCK_PENDING uid=3 cur=2 free=999999999966 locked=34
FE UNLOCK_PENDING uid=3 cur=2 free=999999999966 locked=34
FE UNLOCK_PENDING uid=4 cur=2 free=1000000000000 locked=0
FE UNLOCK_PENDING uid=4 cur=2 free=1000000000000 locked=0
FE UNLOCK_PENDING uid=4 cur=2 free=999999999780 locked=220
FE UNLOCK_PENDING uid=4 cur=2 free=999999999830 locked=170
