R 4 SUCCESS
R 5 SUCCESS
R 6 SUCCESS
R 7 SUCCESS
R 8 SUCCESS
R 9 SUCCESS
R 10 SUCCESS
R 11 SUCCESS
R 12 SUCCESS
R 13 SUCCESS
R 14 SUCCESS
R 15 MATCHING_UNKNOWN_ORDER_ID
R 16 SUCCESS
R 17 SUCCESS
R 18 MATCHING_UNKNOWN_ORDER_ID
R 19 MATCHING_UNKNOWN_ORDER_ID
R 20 SUCCESS
R 21 SUCCESS
R 22 SUCCESS
R 23 MATCHING_UNKNOWN_ORDER_ID
R 24 MATCHING_UNKNOWN_ORDER_ID
R 25 SUCCESS
R 26 SUCCESS
R 27 RISK_INVALID_LEVERAGE
R 28 SUCCESS
R 29 MATCHING_UNKNOWN_ORDER_ID
R 30 SUCCESS
R 31 RISK_MARGIN_MODE_MISMATCH
R 32 MATCHING_UNKNOWN_ORDER_ID
R 33 SUCCESS
R 34 SUCCESS
R 35 SUCCESS
R 36 SUCCESS
R 37 RISK_LEVERAGE_MISMATCH
R 38 RISK_MARGIN_MODE_MISMATCH
R 39 SUCCESS
R 40 RISK_LEVERAGE_MISMATCH
R 41 RISK_LEVERAGE_MISMATCH
R 42 MATCHING_UNKNOWN_ORDER_ID
R 43 MATCHING_UNKNOWN_ORDER_ID
R 44 RISK_LEVERAGE_MISMATCH
R 45 MATCHING_UNKNOWN_ORDER_ID
R 46 RISK_LEVERAGE_MISMATCH
R 47 SUCCESS
R 48 MATCHING_UNKNOWN_ORDER_ID
R 49 RISK_MARGIN_MODE_MISMATCH
R 50 MATCHING_UNKNOWN_ORDER_ID
R 51 RISK_LEVERAGE_MISMATCH
R 52 SUCCESS
R 53 SUCCESS
R 54 SUCCESS
R 55 RISK_INVALID_LEVERAGE
R 56 SUCCESS
R 57 RISK_MARGIN_MODE_MISMATCH
R 58 RISK_LEVERAGE_MISMATCH
R 59 MATCHING_UNKNOWN_ORDER_ID
R 60 MATCHING_UNKNOWN_ORDER_ID
R 61 SUCCESS
R 62 RISK_LEVERAGE_MISMATCH
R 63 RISK_MARGIN_MODE_MISMATCH
R 64 RISK_LEVERAGE_MISMATCH
R 65 SUCCESS
R 66 MATCHING_UNKNOWN_ORDER_ID
R 67 MATCHING_UNKNOWN_ORDER_ID
R 68 SUCCESS
R 69 RISK_MARGIN_MODE_MISMATCH
R 70 RISK_MARGIN_MODE_MISMATCH
R 71 RISK_LEVERAGE_MISMATCH
STATE
A 1 2 1000000000000
POS 1 10000 LONG 7 71831 175 0
A 2 2 1000000000000
POS 2 10000 SHORT 3 31035 60 0
A 3 2 1000000000000
A 4 2 1000000000000
POS 4 10000 SHORT 4 40796 400 0
EVENTS
FE DEPOSIT uid=1 cur=2 free=1000000000000 locked=0
FE DEPOSIT uid=2 cur=2 free=1000000000000 locked=0
FE DEPOSIT uid=3 cur=2 free=1000000000000 locked=0
FE DEPOSIT uid=4 cur=2 free=1000000000000 locked=0
FE LOCK_PENDING uid=1 cur=2 free=999999999795 locked=205
FE LOCK_PENDING uid=1 cur=2 free=999999999873 locked=127
FE LOCK_PENDING uid=1 cur=2 free=999999999898 locked=102
FE LOCK_PENDING uid=2 cur=2 free=999999999916 locked=84
FE LOCK_PENDING uid=2 cur=2 free=999999999937 locked=63
FE LOCK_PENDING uid=3 cur=2 free=999999999931 locked=69
FE LOCK_PENDING uid=3 cur=2 free=999999999966 locked=34
FE LOCK_PENDING uid=3 cur=2 free=999999999966 locked=34
FE LOCK_PENDING uid=3 cur=2 free=999999999966 locked=34
FE LOCK_PENDING uid=4 cur=2 free=999999999592 locked=408
FE LOCK_PENDING uid=4 cur=2 free=999999999920 locked=80
FE OPEN_POSITION uid=1 cur=2 free=999999999797 locked=203
FE OPEN_POSITION uid=1 cur=2 free=999999999799 locked=201
FE OPEN_POSITION uid=2 cur=2 free=999999999940 locked=60
FE OPEN_POSITION uid=4 cur=2 free=999999999600 locked=400
FE UNLOCK_PENDING uid=1 cur=2 free=999999999872 locked=128
FE UNLOCK_PENDING uid=1 cur=2 free=999999999899 locked=101
FE UNLOCK_PENDING uid=2 cur=2 free=1000000000000 locked=0
FE UNLOCK_PENDING uid=2 cur=2 free=1000000000000 locked=0
FE UNLOCK_PENDING uid=3 cur=2 free=1000000000000 locked=0
FE UNLOCK_PENDING uid=3 cur=2 free=1000000000000 locked=0
FE UNLOCK_PENDING uid=3 cur=2 free=1000000000000 locked=0
FE UNLOCK_PENDING uid=4 cur=2 free=1000000000000 locked=0
FE UNLOCK_PENDING uid=4 cur=2 free=1000000000000 locked=0
