R 3 LOAN_POOL_INSUFFICIENT
R 12 LOAN_POOL_INSUFFICIENT
R 13 SUCCESS
R 16 SUCCESS
R 21 SUCCESS
R 23 SUCCESS
R 24 SUCCESS
R 25 LOAN_POOL_INSUFFICIENT
R 26 SUCCESS
R 29 SUCCESS
R 31 SUCCESS
R 33 SUCCESS
R 39 SUCCESS
R 40 SUCCESS
R 41 SUCCESS
R 48 SUCCESS
R 51 LOAN_POOL_INSUFFICIENT
R 52 SUCCESS
R 53 SUCCESS
R 54 SUCCESS
R 56 SUCCESS
R 58 SUCCESS
R 62 SUCCESS
STATE
EVENTS
