R 3 LOAN_POOL_INSUFFICIENT
R 4 SUCCESS
R 6 SUCCESS
R 8 SUCCESS
R 13 SUCCESS
R 15 SUCCESS
R 16 SUCCESS
R 17 SUCCESS
R 21 SUCCESS
R 23 SUCCESS
R 28 SUCCESS
R 31 SUCCESS
R 36 SUCCESS
R 39 SUCCESS
R 40 SUCCESS
R 47 SUCCESS
R 50 SUCCESS
R 53 SUCCESS
R 57 SUCCESS
R 58 SUCCESS
R 60 SUCCESS
R 61 SUCCESS
STATE
EVENTS
