R 7 LOAN_POOL_INSUFFICIENT
R 11 SUCCESS
R 13 LOAN_POOL_INSUFFICIENT
R 15 SUCCESS
R 18 SUCCESS
R 26 SUCCESS
R 30 SUCCESS
R 38 LOAN_POOL_INSUFFICIENT
R 42 LOAN_POOL_INSUFFICIENT
R 43 SUCCESS
R 48 LOAN_POOL_INSUFFICIENT
R 53 LOAN_POOL_INSUFFICIENT
R 56 SUCCESS
R 57 SUCCESS
R 58 SUCCESS
R 59 SUCCESS
R 62 SUCCESS
STATE
EVENTS
