R 3 LOAN_POOL_INSUFFICIENT
R 9 SUCCESS
R 16 LOAN_POOL_INSUFFICIENT
R 18 SUCCESS
R 21 SUCCESS
R 22 SUCCESS
R 25 SUCCESS
R 28 LOAN_POOL_INSUFFICIENT
R 30 LOAN_POOL_INSUFFICIENT
R 31 SUCCESS
R 32 SUCCESS
R 35 SUCCESS
R 39 SUCCESS
R 40 LOAN_POOL_INSUFFICIENT
R 42 SUCCESS
R 44 LOAN_POOL_INSUFFICIENT
R 45 SUCCESS
R 48 SUCCESS
R 53 LOAN_POOL_INSUFFICIENT
R 55 LOAN_POOL_INSUFFICIENT
R 56 SUCCESS
R 60 LOAN_POOL_INSUFFICIENT
STATE
EVENTS
