R 4 SUCCESS
R 5 SUCCESS
R 6 SUCCESS
R 7 SUCCESS
R 8 SUCCESS
R 9 SUCCESS
R 10 SUCCESS
R 11 SUCCESS
R 12 SUCCESS
R 13 SUCCESS
R 14 SUCCESS
R 15 SUCCESS
R 16 RISK_LEVERAGE_MISMATCH
R 17 RISK_LEVERAGE_MISMATCH
R 18 RISK_MARGIN_MODE_MISMATCH
R 19 RISK_LEVERAGE_MISMATCH
R 20 RISK_LEVERAGE_MISMATCH
R 21 SUCCESS
R 22 RISK_MARGIN_MODE_MISMATCH
R 23 RISK_MARGIN_MODE_MISMATCH
R 24 RISK_LEVERAGE_MISMATCH
R 25 RISK_MARGIN_MODE_MISMATCH
R 26 SUCCESS
R 27 RISK_MARGIN_MODE_MISMATCH
R 28 RISK_MARGIN_MODE_MISMATCH
R 29 RISK_MARGIN_MODE_MISMATCH
R 30 RISK_LEVERAGE_MISMATCH
R 31 RISK_MARGIN_MODE_MISMATCH
R 32 RISK_MARGIN_MODE_MISMATCH
R 33 RISK_LEVERAGE_MISMATCH
R 34 RISK_MARGIN_MODE_MISMATCH
R 35 RISK_LEVERAGE_MISMATCH
R 36 RISK_LEVERAGE_MISMATCH
R 37 SUCCESS
R 38 RISK_MARGIN_MODE_MISMATCH
R 39 RISK_LEVERAGE_MISMATCH
R 40 RISK_LEVERAGE_MISMATCH
R 41 SUCCESS
R 42 SUCCESS
R 43 RISK_MARGIN_MODE_MISMATCH
R 44 RISK_MARGIN_MODE_MISMATCH
R 45 SUCCESS
R 46 SUCCESS
R 47 RISK_LEVERAGE_MISMATCH
R 48 RISK_MARGIN_MODE_MISMATCH
R 49 RISK_MARGIN_MODE_MISMATCH
R 50 SUCCESS
R 51 RISK_MARGIN_MODE_MISMATCH
STATE
A 1 2 1000000000000
POS 1 10000 SHORT 2 20087 50 0
A 2 2 1000000000000
POS 2 10000 LONG 1 10032 25 0
A 3 2 1000000000000
POS 3 10000 LONG 7 69412 700 0
A 4 2 1000000000000
POS 4 10000 SHORT 6 59357 600 0
EVENTS
FE DEPOSIT uid=1 cur=2 free=1000000000000 locked=0
FE DEPOSIT uid=2 cur=2 free=1000000000000 locked=0
FE DEPOSIT uid=3 cur=2 free=1000000000000 locked=0
FE DEPOSIT uid=4 cur=2 free=1000000000000 locked=0
FE LOCK_PENDING uid=1 cur=2 free=999999999774 locked=226
FE LOCK_PENDING uid=1 cur=2 free=999999999849 locked=151
FE LOCK_PENDING uid=1 cur=2 free=999999999924 locked=76
FE LOCK_PENDING uid=1 cur=2 free=999999999974 locked=26
FE LOCK_PENDING uid=2 cur=2 free=999999999974 locked=26
FE LOCK_PENDING uid=3 cur=2 free=999999999298 locked=702
FE LOCK_PENDING uid=3 cur=2 free=999999999498 locked=502
FE LOCK_PENDING uid=3 cur=2 free=999999999606 locked=394
FE LOCK_PENDING uid=4 cur=2 free=999999999094 locked=906
FE LOCK_PENDING uid=4 cur=2 free=999999999401 locked=599
FE LOCK_PENDING uid=4 cur=2 free=999999999501 locked=499
FE LOCK_PENDING uid=4 cur=2 free=999999999606 locked=394
FE OPEN_POSITION uid=1 cur=2 free=999999999849 locked=151
FE OPEN_POSITION uid=1 cur=2 free=999999999975 locked=25
FE OPEN_POSITION uid=2 cur=2 free=999999999975 locked=25
FE OPEN_POSITION uid=3 cur=2 free=999999999299 locked=701
FE OPEN_POSITION uid=3 cur=2 free=999999999300 locked=700
FE OPEN_POSITION uid=3 cur=2 free=999999999500 locked=500
FE OPEN_POSITION uid=3 cur=2 free=999999999600 locked=400
FE OPEN_POSITION uid=4 cur=2 free=999999999400 locked=600
FE OPEN_POSITION uid=4 cur=2 free=999999999500 locked=500
FE OPEN_POSITION uid=4 cur=2 free=999999999600 locked=400
FE UNLOCK_PENDING uid=1 cur=2 free=1000000000000 locked=0
FE UNLOCK_PENDING uid=1 cur=2 free=999999999874 locked=126
FE UNLOCK_PENDING uid=2 cur=2 free=1000000000000 locked=0
FE UNLOCK_PENDING uid=3 cur=2 free=1000000000000 locked=0
FE UNLOCK_PENDING uid=3 cur=2 free=999999999399 locked=601
FE UNLOCK_PENDING uid=3 cur=2 free=999999999400 locked=600
FE UNLOCK_PENDING uid=3 cur=2 free=999999999600 locked=400
FE UNLOCK_PENDING uid=4 cur=2 free=1000000000000 locked=0
FE UNLOCK_PENDING uid=4 cur=2 free=999999999500 locked=500
FE UNLOCK_PENDING uid=4 cur=2 free=999999999600 locked=400
