R 4 SUCCESS
R 5 SUCCESS
R 6 SUCCESS
R 7 SUCCESS
R 8 SUCCESS
R 9 SUCCESS
R 10 SUCCESS
R 11 SUCCESS
R 12 SUCCESS
R 13 SUCCESS
R 14 SUCCESS
R 15 SUCCESS
R 16 SUCCESS
R 17 SUCCESS
R 18 SUCCESS
R 19 SUCCESS
R 20 SUCCESS
R 21 SUCCESS
R 22 SUCCESS
R 23 SUCCESS
R 24 SUCCESS
R 25 SUCCESS
R 26 SUCCESS
R 27 LOAN_COLLATERAL_EXCEEDS_LOAN
R 28 SUCCESS
R 29 SUCCESS
R 30 SUCCESS
R 31 SUCCESS
R 32 SUCCESS
R 33 SUCCESS
R 34 SUCCESS
R 35 SUCCESS
R 36 SUCCESS
R 37 SUCCESS
R 38 SUCCESS
R 39 SUCCESS
R 40 SUCCESS
R 41 SUCCESS
R 42 SUCCESS
R 43 SUCCESS
R 44 SUCCESS
R 45 SUCCESS
R 46 SUCCESS
R 47 SUCCESS
R 48 SUCCESS
R 49 SUCCESS
R 50 SUCCESS
R 51 SUCCESS
R 52 SUCCESS
R 53 SUCCESS
R 54 SUCCESS
R 55 SUCCESS
R 56 SUCCESS
R 57 SUCCESS
R 58 SUCCESS
R 59 SUCCESS
R 60 SUCCESS
R 61 SUCCESS
R 62 SUCCESS
R 63 SUCCESS
R 64 SUCCESS
R 65 SUCCESS
R 66 SUCCESS
R 67 SUCCESS
R 68 SUCCESS
R 69 SUCCESS
R 70 SUCCESS
R 71 SUCCESS
R 72 SUCCESS
STATE
A 1 1 1000000
A 1 2 2341
A 2 1 1000000
A 2 2 3704
A 3 1 1000000
A 3 2 4544
A 4 1 1000000
A 4 2 1176
EVENTS
FE DEPOSIT uid=1 cur=1 free=1000000 locked=0
FE DEPOSIT uid=2 cur=1 free=1000000 locked=0
FE DEPOSIT uid=3 cur=1 free=1000000 locked=0
FE DEPOSIT uid=4 cur=1 free=1000000 locked=0
FE LOAN_BORROW uid=1 cur=2 free=1131 locked=0
FE LOAN_BORROW uid=1 cur=2 free=1443 locked=0
FE LOAN_BORROW uid=1 cur=2 free=1749 locked=0
FE LOAN_BORROW uid=1 cur=2 free=2177 locked=0
FE LOAN_BORROW uid=1 cur=2 free=2341 locked=0
FE LOAN_BORROW uid=1 cur=2 free=2642 locked=0
FE LOAN_BORROW uid=1 cur=2 free=446 locked=0
FE LOAN_BORROW uid=2 cur=2 free=1076 locked=0
FE LOAN_BORROW uid=2 cur=2 free=1667 locked=0
FE LOAN_BORROW uid=2 cur=2 free=2379 locked=0
FE LOAN_BORROW uid=2 cur=2 free=2920 locked=0
FE LOAN_BORROW uid=2 cur=2 free=3626 locked=0
FE LOAN_BORROW uid=2 cur=2 free=3704 locked=0
FE LOAN_BORROW uid=2 cur=2 free=402 locked=0
FE LOAN_BORROW uid=3 cur=2 free=1373 locked=0
FE LOAN_BORROW uid=3 cur=2 free=2022 locked=0
FE LOAN_BORROW uid=3 cur=2 free=2563 locked=0
FE LOAN_BORROW uid=3 cur=2 free=3311 locked=0
FE LOAN_BORROW uid=3 cur=2 free=3887 locked=0
FE LOAN_BORROW uid=3 cur=2 free=4601 locked=0
FE LOAN_BORROW uid=3 cur=2 free=483 locked=0
FE LOAN_BORROW uid=3 cur=2 free=685 locked=0
FE LOAN_BORROW uid=3 cur=2 free=91 locked=0
FE LOAN_BORROW uid=4 cur=2 free=1145 locked=0
FE LOAN_BORROW uid=4 cur=2 free=1176 locked=0
FE LOAN_BORROW uid=4 cur=2 free=1262 locked=0
FE LOAN_BORROW uid=4 cur=2 free=1598 locked=0
FE LOAN_BORROW uid=4 cur=2 free=496 locked=0
FE LOAN_BORROW uid=4 cur=2 free=892 locked=0
FE LOAN_COLLATERAL_CHANGE uid=1 cur=2 free=1131 locked=0
FE LOAN_COLLATERAL_CHANGE uid=1 cur=2 free=446 locked=0
FE LOAN_COLLATERAL_CHANGE uid=2 cur=2 free=1076 locked=0
FE LOAN_COLLATERAL_CHANGE uid=2 cur=2 free=1667 locked=0
FE LOAN_COLLATERAL_CHANGE uid=2 cur=2 free=3626 locked=0
FE LOAN_COLLATERAL_CHANGE uid=3 cur=2 free=2022 locked=0
FE LOAN_COLLATERAL_CHANGE uid=3 cur=2 free=2527 locked=0
FE LOAN_COLLATERAL_CHANGE uid=3 cur=2 free=2527 locked=0
FE LOAN_COLLATERAL_CHANGE uid=3 cur=2 free=4544 locked=0
FE LOAN_COLLATERAL_CHANGE uid=3 cur=2 free=483 locked=0
FE LOAN_COLLATERAL_CHANGE uid=3 cur=2 free=483 locked=0
FE LOAN_COLLATERAL_CHANGE uid=3 cur=2 free=483 locked=0
FE LOAN_COLLATERAL_CHANGE uid=3 cur=2 free=483 locked=0
FE LOAN_COLLATERAL_CHANGE uid=3 cur=2 free=685 locked=0
FE LOAN_COLLATERAL_CHANGE uid=3 cur=2 free=685 locked=0
FE LOAN_COLLATERAL_CHANGE uid=3 cur=2 free=685 locked=0
FE LOAN_COLLATERAL_CHANGE uid=4 cur=2 free=1145 locked=0
FE LOAN_COLLATERAL_CHANGE uid=4 cur=2 free=1262 locked=0
FE LOAN_COLLATERAL_CHANGE uid=4 cur=2 free=1262 locked=0
FE LOAN_COLLATERAL_CHANGE uid=4 cur=2 free=1262 locked=0
FE LOAN_COLLATERAL_CHANGE uid=4 cur=2 free=496 locked=0
FE LOAN_REPAY uid=1 cur=2 free=2341 locked=0
FE LOAN_REPAY uid=3 cur=2 free=2527 locked=0
FE LOAN_REPAY uid=3 cur=2 free=4544 locked=0
FE LOAN_REPAY uid=4 cur=2 free=1130 locked=0
FE LOAN_REPAY uid=4 cur=2 free=1145 locked=0
FE LOAN_REPAY uid=4 cur=2 free=1428 locked=0
FE LOAN_REPAY uid=4 cur=2 free=781 locked=0
FE LOAN_REPAY uid=4 cur=2 free=819 locked=0
FE LOAN_REPAY uid=4 cur=2 free=944 locked=0
