R 4 SUCCESS
R 5 SUCCESS
R 6 SUCCESS
R 7 SUCCESS
R 8 SUCCESS
R 9 SUCCESS
R 10 SUCCESS
R 11 SUCCESS
R 12 SUCCESS
R 13 SUCCESS
R 14 SUCCESS
R 15 SUCCESS
R 16 SUCCESS
R 17 SUCCESS
R 18 SUCCESS
R 19 SUCCESS
R 20 SUCCESS
R 21 SUCCESS
R 22 SUCCESS
R 23 SUCCESS
R 24 SUCCESS
R 25 SUCCESS
R 26 SUCCESS
R 27 SUCCESS
R 28 SUCCESS
R 29 SUCCESS
R 30 SUCCESS
R 31 SUCCESS
R 32 SUCCESS
R 33 SUCCESS
R 34 SUCCESS
R 35 SUCCESS
R 36 SUCCESS
R 37 SUCCESS
R 38 SUCCESS
R 39 SUCCESS
R 40 SUCCESS
R 41 SUCCESS
R 42 SUCCESS
R 43 SUCCESS
R 44 SUCCESS
R 45 SUCCESS
R 46 SUCCESS
R 47 SUCCESS
R 48 SUCCESS
R 49 SUCCESS
R 50 SUCCESS
R 51 SUCCESS
R 52 SUCCESS
R 53 SUCCESS
R 54 SUCCESS
R 55 SUCCESS
R 56 SUCCESS
R 57 SUCCESS
R 58 SUCCESS
R 59 SUCCESS
R 60 SUCCESS
R 61 SUCCESS
R 62 SUCCESS
R 63 SUCCESS
R 64 SUCCESS
R 65 SUCCESS
R 66 SUCCESS
R 67 SUCCESS
R 68 SUCCESS
R 69 SUCCESS
R 70 SUCCESS
R 71 SUCCESS
R 72 SUCCESS
STATE
A 1 1 1000000
A 1 2 3715
A 2 1 1000000
A 2 2 1005
A 3 1 1000000
A 3 2 1797
A 4 1 1000000
A 4 2 1993
EVENTS
FE DEPOSIT uid=1 cur=1 free=1000000 locked=0
FE DEPOSIT uid=2 cur=1 free=1000000 locked=0
FE DEPOSIT uid=3 cur=1 free=1000000 locked=0
FE DEPOSIT uid=4 cur=1 free=1000000 locked=0
FE LOAN_BORROW uid=1 cur=2 free=1168 locked=0
FE LOAN_BORROW uid=1 cur=2 free=1362 locked=0
FE LOAN_BORROW uid=1 cur=2 free=1552 locked=0
FE LOAN_BORROW uid=1 cur=2 free=1669 locked=0
FE LOAN_BORROW uid=1 cur=2 free=1864 locked=0
FE LOAN_BORROW uid=1 cur=2 free=2309 locked=0
FE LOAN_BORROW uid=1 cur=2 free=2438 locked=0
FE LOAN_BORROW uid=1 cur=2 free=3084 locked=0
FE LOAN_BORROW uid=1 cur=2 free=3562 locked=0
FE LOAN_BORROW uid=1 cur=2 free=3715 locked=0
FE LOAN_BORROW uid=1 cur=2 free=480 locked=0
FE LOAN_BORROW uid=1 cur=2 free=623 locked=0
FE LOAN_BORROW uid=2 cur=2 free=1005 locked=0
FE LOAN_BORROW uid=2 cur=2 free=477 locked=0
FE LOAN_BORROW uid=2 cur=2 free=553 locked=0
FE LOAN_BORROW uid=2 cur=2 free=804 locked=0
FE LOAN_BORROW uid=3 cur=2 free=1162 locked=0
FE LOAN_BORROW uid=3 cur=2 free=1181 locked=0
FE LOAN_BORROW uid=3 cur=2 free=1377 locked=0
FE LOAN_BORROW uid=3 cur=2 free=1609 locked=0
FE LOAN_BORROW uid=3 cur=2 free=1797 locked=0
FE LOAN_BORROW uid=3 cur=2 free=553 locked=0
FE LOAN_BORROW uid=4 cur=2 free=1184 locked=0
FE LOAN_BORROW uid=4 cur=2 free=1480 locked=0
FE LOAN_BORROW uid=4 cur=2 free=1681 locked=0
FE LOAN_BORROW uid=4 cur=2 free=1744 locked=0
FE LOAN_BORROW uid=4 cur=2 free=1978 locked=0
FE LOAN_BORROW uid=4 cur=2 free=1993 locked=0
FE LOAN_BORROW uid=4 cur=2 free=560 locked=0
FE LOAN_COLLATERAL_CHANGE uid=1 cur=2 free=1552 locked=0
FE LOAN_COLLATERAL_CHANGE uid=1 cur=2 free=1669 locked=0
FE LOAN_COLLATERAL_CHANGE uid=1 cur=2 free=1864 locked=0
FE LOAN_COLLATERAL_CHANGE uid=1 cur=2 free=1864 locked=0
FE LOAN_COLLATERAL_CHANGE uid=1 cur=2 free=2438 locked=0
FE LOAN_COLLATERAL_CHANGE uid=1 cur=2 free=2438 locked=0
FE LOAN_COLLATERAL_CHANGE uid=1 cur=2 free=3084 locked=0
FE LOAN_COLLATERAL_CHANGE uid=1 cur=2 free=3715 locked=0
FE LOAN_COLLATERAL_CHANGE uid=3 cur=2 free=1351 locked=0
FE LOAN_COLLATERAL_CHANGE uid=3 cur=2 free=1351 locked=0
FE LOAN_COLLATERAL_CHANGE uid=3 cur=2 free=1609 locked=0
FE LOAN_COLLATERAL_CHANGE uid=3 cur=2 free=1609 locked=0
FE LOAN_COLLATERAL_CHANGE uid=3 cur=2 free=553 locked=0
FE LOAN_COLLATERAL_CHANGE uid=4 cur=2 free=1184 locked=0
FE LOAN_COLLATERAL_CHANGE uid=4 cur=2 free=1184 locked=0
FE LOAN_COLLATERAL_CHANGE uid=4 cur=2 free=1184 locked=0
FE LOAN_COLLATERAL_CHANGE uid=4 cur=2 free=1418 locked=0
FE LOAN_COLLATERAL_CHANGE uid=4 cur=2 free=1480 locked=0
FE LOAN_COLLATERAL_CHANGE uid=4 cur=2 free=1794 locked=0
FE LOAN_REPAY uid=1 cur=2 free=1025 locked=0
FE LOAN_REPAY uid=1 cur=2 free=1133 locked=0
FE LOAN_REPAY uid=1 cur=2 free=1495 locked=0
FE LOAN_REPAY uid=1 cur=2 free=2796 locked=0
FE LOAN_REPAY uid=1 cur=2 free=3084 locked=0
FE LOAN_REPAY uid=1 cur=2 free=908 locked=0
FE LOAN_REPAY uid=2 cur=2 free=477 locked=0
FE LOAN_REPAY uid=3 cur=2 free=1002 locked=0
FE LOAN_REPAY uid=3 cur=2 free=1351 locked=0
FE LOAN_REPAY uid=3 cur=2 free=976 locked=0
FE LOAN_REPAY uid=4 cur=2 free=1418 locked=0
FE LOAN_REPAY uid=4 cur=2 free=1794 locked=0
