R 2 SUCCESS
R 3 SUCCESS
R 4 SUCCESS
R 5 SUCCESS
R 6 SUCCESS
R 7 SUCCESS
R 8 SUCCESS
R 9 SUCCESS
R 10 SUCCESS
R 11 SUCCESS
R 12 SUCCESS
R 13 SUCCESS
R 14 SUCCESS
R 15 SUCCESS
R 16 SUCCESS
R 17 INTERNAL_TRANSFER_INVALID_SELF
R 18 SUCCESS
R 19 INTERNAL_TRANSFER_INVALID_SELF
R 20 INTERNAL_TRANSFER_INVALID_SELF
R 21 INTERNAL_TRANSFER_INVALID_SELF
R 22 SUCCESS
R 23 SUCCESS
R 24 SUCCESS
R 25 INTERNAL_TRANSFER_INVALID_SELF
R 26 INTERNAL_TRANSFER_INVALID_SELF
R 27 INTERNAL_TRANSFER_INVALID_SELF
R 28 SUCCESS
R 29 SUCCESS
R 30 SUCCESS
R 31 SUCCESS
R 32 SUCCESS
R 33 SUCCESS
R 34 INTERNAL_TRANSFER_INVALID_SELF
R 35 SUCCESS
R 36 SUCCESS
R 37 SUCCESS
R 38 SUCCESS
R 39 INTERNAL_TRANSFER_INVALID_SELF
R 40 INTERNAL_TRANSFER_INVALID_SELF
R 41 SUCCESS
R 42 SUCCESS
R 43 SUCCESS
R 44 RISK_NSF
R 45 INTERNAL_TRANSFER_INVALID_SELF
R 46 SUCCESS
R 47 INTERNAL_TRANSFER_INVALID_SELF
R 48 SUCCESS
R 49 INTERNAL_TRANSFER_INVALID_SELF
R 50 SUCCESS
R 51 INTERNAL_TRANSFER_INVALID_SELF
R 52 INTERNAL_TRANSFER_INVALID_SELF
R 53 SUCCESS
R 54 SUCCESS
R 55 RISK_NSF
R 56 SUCCESS
R 57 SUCCESS
R 58 INTERNAL_TRANSFER_INVALID_SELF
R 59 SUCCESS
R 60 SUCCESS
R 61 SUCCESS
R 62 SUCCESS
R 63 INTERNAL_TRANSFER_INVALID_SELF
R 64 INTERNAL_TRANSFER_INVALID_SELF
R 65 SUCCESS
R 66 SUCCESS
R 67 SUCCESS
R 68 SUCCESS
R 69 INTERNAL_TRANSFER_INVALID_SELF
R 70 SUCCESS
R 71 SUCCESS
R 72 SUCCESS
R 73 SUCCESS
STATE
A 1 1 87029
A 1 2 78383
A 2 1 73130
A 2 2 98148
A 3 1 114313
A 3 2 82624
A 4 1 125528
A 4 2 140845
EVENTS
FE DEPOSIT uid=1 cur=1 free=100000 locked=0
FE DEPOSIT uid=1 cur=2 free=100000 locked=0
FE DEPOSIT uid=2 cur=1 free=100000 locked=0
FE DEPOSIT uid=2 cur=2 free=100000 locked=0
FE DEPOSIT uid=3 cur=1 free=100000 locked=0
FE DEPOSIT uid=3 cur=2 free=100000 locked=0
FE DEPOSIT uid=4 cur=1 free=100000 locked=0
FE DEPOSIT uid=4 cur=2 free=100000 locked=0
FE INTERNAL_TRANSFER uid=1 cur=1 free=103027 locked=0
FE INTERNAL_TRANSFER uid=1 cur=1 free=105337 locked=0
FE INTERNAL_TRANSFER uid=1 cur=1 free=111597 locked=0
FE INTERNAL_TRANSFER uid=1 cur=1 free=114008 locked=0
FE INTERNAL_TRANSFER uid=1 cur=1 free=130494 locked=0
FE INTERNAL_TRANSFER uid=1 cur=1 free=133499 locked=0
FE INTERNAL_TRANSFER uid=1 cur=1 free=134530 locked=0
FE INTERNAL_TRANSFER uid=1 cur=1 free=135126 locked=0
FE INTERNAL_TRANSFER uid=1 cur=1 free=138359 locked=0
FE INTERNAL_TRANSFER uid=1 cur=1 free=81483 locked=0
FE INTERNAL_TRANSFER uid=1 cur=1 free=87029 locked=0
FE INTERNAL_TRANSFER uid=1 cur=1 free=93961 locked=0
FE INTERNAL_TRANSFER uid=1 cur=1 free=95938 locked=0
FE INTERNAL_TRANSFER uid=1 cur=2 free=100400 locked=0
FE INTERNAL_TRANSFER uid=1 cur=2 free=103397 locked=0
FE INTERNAL_TRANSFER uid=1 cur=2 free=109352 locked=0
FE INTERNAL_TRANSFER uid=1 cur=2 free=110409 locked=0
FE INTERNAL_TRANSFER uid=1 cur=2 free=113566 locked=0
FE INTERNAL_TRANSFER uid=1 cur=2 free=128034 locked=0
FE INTERNAL_TRANSFER uid=1 cur=2 free=78383 locked=0
FE INTERNAL_TRANSFER uid=1 cur=2 free=87080 locked=0
FE INTERNAL_TRANSFER uid=1 cur=2 free=88721 locked=0
FE INTERNAL_TRANSFER uid=1 cur=2 free=94089 locked=0
FE INTERNAL_TRANSFER uid=2 cur=1 free=103673 locked=0
FE INTERNAL_TRANSFER uid=2 cur=1 free=110280 locked=0
FE INTERNAL_TRANSFER uid=2 cur=1 free=110876 locked=0
FE INTERNAL_TRANSFER uid=2 cur=1 free=114912 locked=0
FE INTERNAL_TRANSFER uid=2 cur=1 free=129064 locked=0
FE INTERNAL_TRANSFER uid=2 cur=1 free=140069 locked=0
FE INTERNAL_TRANSFER uid=2 cur=1 free=73130 locked=0
FE INTERNAL_TRANSFER uid=2 cur=1 free=80084 locked=0
FE INTERNAL_TRANSFER uid=2 cur=1 free=81086 locked=0
FE INTERNAL_TRANSFER uid=2 cur=1 free=81700 locked=0
FE INTERNAL_TRANSFER uid=2 cur=1 free=83063 locked=0
FE INTERNAL_TRANSFER uid=2 cur=2 free=100757 locked=0
FE INTERNAL_TRANSFER uid=2 cur=2 free=101864 locked=0
FE INTERNAL_TRANSFER uid=2 cur=2 free=66512 locked=0
FE INTERNAL_TRANSFER uid=2 cur=2 free=70969 locked=0
FE INTERNAL_TRANSFER uid=2 cur=2 free=73521 locked=0
FE INTERNAL_TRANSFER uid=2 cur=2 free=83132 locked=0
FE INTERNAL_TRANSFER uid=2 cur=2 free=95814 locked=0
FE INTERNAL_TRANSFER uid=2 cur=2 free=98148 locked=0
FE INTERNAL_TRANSFER uid=3 cur=1 free=114313 locked=0
FE INTERNAL_TRANSFER uid=3 cur=1 free=119916 locked=0
FE INTERNAL_TRANSFER uid=3 cur=1 free=127352 locked=0
FE INTERNAL_TRANSFER uid=3 cur=1 free=128715 locked=0
FE INTERNAL_TRANSFER uid=3 cur=1 free=62773 locked=0
FE INTERNAL_TRANSFER uid=3 cur=1 free=81557 locked=0
FE INTERNAL_TRANSFER uid=3 cur=1 free=88164 locked=0
FE INTERNAL_TRANSFER uid=3 cur=2 free=102845 locked=0
FE INTERNAL_TRANSFER uid=3 cur=2 free=112680 locked=0
FE INTERNAL_TRANSFER uid=3 cur=2 free=127943 locked=0
FE INTERNAL_TRANSFER uid=3 cur=2 free=57066 locked=0
FE INTERNAL_TRANSFER uid=3 cur=2 free=62814 locked=0
FE INTERNAL_TRANSFER uid=3 cur=2 free=75496 locked=0
FE INTERNAL_TRANSFER uid=3 cur=2 free=78435 locked=0
FE INTERNAL_TRANSFER uid=3 cur=2 free=82624 locked=0
FE INTERNAL_TRANSFER uid=3 cur=2 free=92249 locked=0
FE INTERNAL_TRANSFER uid=3 cur=2 free=99600 locked=0
FE INTERNAL_TRANSFER uid=4 cur=1 free=108102 locked=0
FE INTERNAL_TRANSFER uid=4 cur=1 free=111126 locked=0
FE INTERNAL_TRANSFER uid=4 cur=1 free=125528 locked=0
FE INTERNAL_TRANSFER uid=4 cur=1 free=65172 locked=0
FE INTERNAL_TRANSFER uid=4 cur=1 free=70032 locked=0
FE INTERNAL_TRANSFER uid=4 cur=1 free=73037 locked=0
FE INTERNAL_TRANSFER uid=4 cur=1 free=84147 locked=0
FE INTERNAL_TRANSFER uid=4 cur=1 free=86558 locked=0
FE INTERNAL_TRANSFER uid=4 cur=1 free=95624 locked=0
FE INTERNAL_TRANSFER uid=4 cur=2 free=111456 locked=0
FE INTERNAL_TRANSFER uid=4 cur=2 free=113338 locked=0
FE INTERNAL_TRANSFER uid=4 cur=2 free=114395 locked=0
FE INTERNAL_TRANSFER uid=4 cur=2 free=120624 locked=0
FE INTERNAL_TRANSFER uid=4 cur=2 free=137975 locked=0
FE INTERNAL_TRANSFER uid=4 cur=2 free=140845 locked=0
FE INTERNAL_TRANSFER uid=4 cur=2 free=147803 locked=0
FE INTERNAL_TRANSFER uid=4 cur=2 free=152651 locked=0
FE INTERNAL_TRANSFER uid=4 cur=2 free=158399 locked=0
FE INTERNAL_TRANSFER uid=4 cur=2 free=98136 locked=0
