R 2 SUCCESS
R 3 SUCCESS
R 4 SUCCESS
R 5 SUCCESS
R 6 SUCCESS
R 7 SUCCESS
R 8 SUCCESS
R 9 SUCCESS
R 10 SUCCESS
R 11 SUCCESS
R 12 SUCCESS
R 13 SUCCESS
R 14 RISK_NSF
R 15 INTERNAL_TRANSFER_INVALID_SELF
R 16 SUCCESS
R 17 SUCCESS
R 18 SUCCESS
R 19 SUCCESS
R 20 RISK_NSF
R 21 INTERNAL_TRANSFER_INVALID_SELF
R 22 SUCCESS
R 23 SUCCESS
R 24 SUCCESS
R 25 RISK_NSF
R 26 SUCCESS
R 27 SUCCESS
R 28 SUCCESS
R 29 RISK_NSF
R 30 SUCCESS
R 31 SUCCESS
R 32 SUCCESS
R 33 SUCCESS
R 34 INTERNAL_TRANSFER_INVALID_SELF
R 35 INTERNAL_TRANSFER_INVALID_SELF
R 36 INTERNAL_TRANSFER_INVALID_SELF
R 37 RISK_NSF
R 38 SUCCESS
R 39 SUCCESS
R 40 INTERNAL_TRANSFER_INVALID_SELF
R 41 SUCCESS
R 42 SUCCESS
R 43 SUCCESS
R 44 INTERNAL_TRANSFER_INVALID_SELF
R 45 SUCCESS
R 46 INTERNAL_TRANSFER_INVALID_SELF
R 47 SUCCESS
R 48 INTERNAL_TRANSFER_INVALID_SELF
R 49 INTERNAL_TRANSFER_INVALID_SELF
R 50 RISK_NSF
R 51 SUCCESS
R 52 SUCCESS
R 53 SUCCESS
R 54 RISK_NSF
R 55 INTERNAL_TRANSFER_INVALID_SELF
R 56 RISK_NSF
R 57 SUCCESS
R 58 SUCCESS
R 59 SUCCESS
R 60 INTERNAL_TRANSFER_INVALID_SELF
R 61 INTERNAL_TRANSFER_INVALID_SELF
R 62 RISK_NSF
R 63 INTERNAL_TRANSFER_INVALID_SELF
R 64 INTERNAL_TRANSFER_INVALID_SELF
R 65 RISK_NSF
R 66 SUCCESS
R 67 SUCCESS
R 68 SUCCESS
R 69 SUCCESS
R 70 SUCCESS
R 71 SUCCESS
R 72 SUCCESS
R 73 SUCCESS
STATE
A 1 1 126251
A 1 2 247255
A 2 1 116740
A 2 2 85225
A 3 1 84897
A 3 2 13510
A 4 1 72112
A 4 2 54010
EVENTS
FE DEPOSIT uid=1 cur=1 free=100000 locked=0
FE DEPOSIT uid=1 cur=2 free=100000 locked=0
FE DEPOSIT uid=2 cur=1 free=100000 locked=0
FE DEPOSIT uid=2 cur=2 free=100000 locked=0
FE DEPOSIT uid=3 cur=1 free=100000 locked=0
FE DEPOSIT uid=3 cur=2 free=100000 locked=0
FE DEPOSIT uid=4 cur=1 free=100000 locked=0
FE DEPOSIT uid=4 cur=2 free=100000 locked=0
FE INTERNAL_TRANSFER uid=1 cur=1 free=107073 locked=0
FE INTERNAL_TRANSFER uid=1 cur=1 free=109812 locked=0
FE INTERNAL_TRANSFER uid=1 cur=1 free=125471 locked=0
FE INTERNAL_TRANSFER uid=1 cur=1 free=126251 locked=0
FE INTERNAL_TRANSFER uid=1 cur=1 free=135534 locked=0
FE INTERNAL_TRANSFER uid=1 cur=1 free=136140 locked=0
FE INTERNAL_TRANSFER uid=1 cur=1 free=155071 locked=0
FE INTERNAL_TRANSFER uid=1 cur=1 free=88742 locked=0
FE INTERNAL_TRANSFER uid=1 cur=2 free=108509 locked=0
FE INTERNAL_TRANSFER uid=1 cur=2 free=139597 locked=0
FE INTERNAL_TRANSFER uid=1 cur=2 free=167661 locked=0
FE INTERNAL_TRANSFER uid=1 cur=2 free=200838 locked=0
FE INTERNAL_TRANSFER uid=1 cur=2 free=220369 locked=0
FE INTERNAL_TRANSFER uid=1 cur=2 free=247255 locked=0
FE INTERNAL_TRANSFER uid=2 cur=1 free=104366 locked=0
FE INTERNAL_TRANSFER uid=2 cur=1 free=104895 locked=0
FE INTERNAL_TRANSFER uid=2 cur=1 free=106851 locked=0
FE INTERNAL_TRANSFER uid=2 cur=1 free=110720 locked=0
FE INTERNAL_TRANSFER uid=2 cur=1 free=116740 locked=0
FE INTERNAL_TRANSFER uid=2 cur=1 free=117893 locked=0
FE INTERNAL_TRANSFER uid=2 cur=1 free=123959 locked=0
FE INTERNAL_TRANSFER uid=2 cur=1 free=124565 locked=0
FE INTERNAL_TRANSFER uid=2 cur=1 free=126401 locked=0
FE INTERNAL_TRANSFER uid=2 cur=1 free=133459 locked=0
FE INTERNAL_TRANSFER uid=2 cur=1 free=136224 locked=0
FE INTERNAL_TRANSFER uid=2 cur=1 free=87920 locked=0
FE INTERNAL_TRANSFER uid=2 cur=1 free=89650 locked=0
FE INTERNAL_TRANSFER uid=2 cur=1 free=99495 locked=0
FE INTERNAL_TRANSFER uid=2 cur=2 free=101372 locked=0
FE INTERNAL_TRANSFER uid=2 cur=2 free=103544 locked=0
FE INTERNAL_TRANSFER uid=2 cur=2 free=108449 locked=0
FE INTERNAL_TRANSFER uid=2 cur=2 free=110147 locked=0
FE INTERNAL_TRANSFER uid=2 cur=2 free=72869 locked=0
FE INTERNAL_TRANSFER uid=2 cur=2 free=77496 locked=0
FE INTERNAL_TRANSFER uid=2 cur=2 free=85225 locked=0
FE INTERNAL_TRANSFER uid=2 cur=2 free=93957 locked=0
FE INTERNAL_TRANSFER uid=3 cur=1 free=100538 locked=0
FE INTERNAL_TRANSFER uid=3 cur=1 free=110350 locked=0
FE INTERNAL_TRANSFER uid=3 cur=1 free=75034 locked=0
FE INTERNAL_TRANSFER uid=3 cur=1 free=77797 locked=0
FE INTERNAL_TRANSFER uid=3 cur=1 free=84897 locked=0
FE INTERNAL_TRANSFER uid=3 cur=2 free=112022 locked=0
FE INTERNAL_TRANSFER uid=3 cur=2 free=113995 locked=0
FE INTERNAL_TRANSFER uid=3 cur=2 free=13510 locked=0
FE INTERNAL_TRANSFER uid=3 cur=2 free=140086 locked=0
FE INTERNAL_TRANSFER uid=3 cur=2 free=15682 locked=0
FE INTERNAL_TRANSFER uid=3 cur=2 free=40445 locked=0
FE INTERNAL_TRANSFER uid=3 cur=2 free=51899 locked=0
FE INTERNAL_TRANSFER uid=3 cur=2 free=67331 locked=0
FE INTERNAL_TRANSFER uid=3 cur=2 free=71430 locked=0
FE INTERNAL_TRANSFER uid=3 cur=2 free=78845 locked=0
FE INTERNAL_TRANSFER uid=3 cur=2 free=91491 locked=0
FE INTERNAL_TRANSFER uid=4 cur=1 free=53210 locked=0
FE INTERNAL_TRANSFER uid=4 cur=1 free=55004 locked=0
FE INTERNAL_TRANSFER uid=4 cur=1 free=60268 locked=0
FE INTERNAL_TRANSFER uid=4 cur=1 free=62104 locked=0
FE INTERNAL_TRANSFER uid=4 cur=1 free=72112 locked=0
FE INTERNAL_TRANSFER uid=4 cur=1 free=81671 locked=0
FE INTERNAL_TRANSFER uid=4 cur=1 free=81774 locked=0
FE INTERNAL_TRANSFER uid=4 cur=1 free=82303 locked=0
FE INTERNAL_TRANSFER uid=4 cur=1 free=84434 locked=0
FE INTERNAL_TRANSFER uid=4 cur=2 free=10928 locked=0
FE INTERNAL_TRANSFER uid=4 cur=2 free=26360 locked=0
FE INTERNAL_TRANSFER uid=4 cur=2 free=29088 locked=0
FE INTERNAL_TRANSFER uid=4 cur=2 free=30786 locked=0
FE INTERNAL_TRANSFER uid=4 cur=2 free=35691 locked=0
FE INTERNAL_TRANSFER uid=4 cur=2 free=42821 locked=0
FE INTERNAL_TRANSFER uid=4 cur=2 free=54010 locked=0
FE INTERNAL_TRANSFER uid=4 cur=2 free=66366 locked=0
FE INTERNAL_TRANSFER uid=4 cur=2 free=73909 locked=0
