R 2 SUCCESS
R 3 SUCCESS
R 4 SUCCESS
R 5 SUCCESS
R 6 SUCCESS
R 7 SUCCESS
R 8 SUCCESS
R 9 SUCCESS
R 10 SUCCESS
R 11 SUCCESS
R 12 SUCCESS
R 13 SUCCESS
R 14 INTERNAL_TRANSFER_INVALID_SELF
R 15 SUCCESS
R 16 SUCCESS
R 17 SUCCESS
R 18 SUCCESS
R 19 INTERNAL_TRANSFER_INVALID_SELF
R 20 SUCCESS
R 21 SUCCESS
R 22 INTERNAL_TRANSFER_INVALID_SELF
R 23 SUCCESS
R 24 RISK_NSF
R 25 INTERNAL_TRANSFER_INVALID_SELF
R 26 SUCCESS
R 27 SUCCESS
R 28 SUCCESS
R 29 SUCCESS
R 30 SUCCESS
R 31 SUCCESS
R 32 SUCCESS
R 33 SUCCESS
R 34 INTERNAL_TRANSFER_INVALID_SELF
R 35 SUCCESS
R 36 SUCCESS
R 37 INTERNAL_TRANSFER_INVALID_SELF
R 38 SUCCESS
R 39 SUCCESS
R 40 SUCCESS
R 41 SUCCESS
R 42 SUCCESS
R 43 SUCCESS
R 44 RISK_NSF
R 45 SUCCESS
R 46 SUCCESS
R 47 SUCCESS
R 48 SUCCESS
R 49 RISK_NSF
R 50 SUCCESS
R 51 RISK_NSF
R 52 SUCCESS
R 53 SUCCESS
R 54 SUCCESS
R 55 SUCCESS
R 56 INTERNAL_TRANSFER_INVALID_SELF
R 57 SUCCESS
R 58 SUCCESS
R 59 RISK_NSF
R 60 SUCCESS
R 61 RISK_NSF
R 62 RISK_NSF
R 63 INTERNAL_TRANSFER_INVALID_SELF
R 64 SUCCESS
R 65 SUCCESS
R 66 SUCCESS
R 67 SUCCESS
R 68 SUCCESS
R 69 SUCCESS
R 70 RISK_NSF
R 71 RISK_NSF
R 72 SUCCESS
R 73 INTERNAL_TRANSFER_INVALID_SELF
STATE
A 1 1 43801
A 1 2 119711
A 2 1 195609
A 2 2 208045
A 3 1 117647
A 3 2 65674
A 4 1 42943
A 4 2 6570
EVENTS
FE DEPOSIT uid=1 cur=1 free=100000 locked=0
FE DEPOSIT uid=1 cur=2 free=100000 locked=0
FE DEPOSIT uid=2 cur=1 free=100000 locked=0
FE DEPOSIT uid=2 cur=2 free=100000 locked=0
FE DEPOSIT uid=3 cur=1 free=100000 locked=0
FE DEPOSIT uid=3 cur=2 free=100000 locked=0
FE DEPOSIT uid=4 cur=1 free=100000 locked=0
FE DEPOSIT uid=4 cur=2 free=100000 locked=0
FE INTERNAL_TRANSFER uid=1 cur=1 free=100869 locked=0
FE INTERNAL_TRANSFER uid=1 cur=1 free=101667 locked=0
FE INTERNAL_TRANSFER uid=1 cur=1 free=102474 locked=0
FE INTERNAL_TRANSFER uid=1 cur=1 free=125505 locked=0
FE INTERNAL_TRANSFER uid=1 cur=1 free=140773 locked=0
FE INTERNAL_TRANSFER uid=1 cur=1 free=142848 locked=0
FE INTERNAL_TRANSFER uid=1 cur=1 free=149616 locked=0
FE INTERNAL_TRANSFER uid=1 cur=1 free=170548 locked=0
FE INTERNAL_TRANSFER uid=1 cur=1 free=24890 locked=0
FE INTERNAL_TRANSFER uid=1 cur=1 free=43801 locked=0
FE INTERNAL_TRANSFER uid=1 cur=1 free=51364 locked=0
FE INTERNAL_TRANSFER uid=1 cur=1 free=62220 locked=0
FE INTERNAL_TRANSFER uid=1 cur=1 free=67819 locked=0
FE INTERNAL_TRANSFER uid=1 cur=2 free=111363 locked=0
FE INTERNAL_TRANSFER uid=1 cur=2 free=116735 locked=0
FE INTERNAL_TRANSFER uid=1 cur=2 free=119711 locked=0
FE INTERNAL_TRANSFER uid=1 cur=2 free=124533 locked=0
FE INTERNAL_TRANSFER uid=1 cur=2 free=142848 locked=0
FE INTERNAL_TRANSFER uid=1 cur=2 free=61352 locked=0
FE INTERNAL_TRANSFER uid=1 cur=2 free=61365 locked=0
FE INTERNAL_TRANSFER uid=1 cur=2 free=85040 locked=0
FE INTERNAL_TRANSFER uid=1 cur=2 free=87018 locked=0
FE INTERNAL_TRANSFER uid=2 cur=1 free=100065 locked=0
FE INTERNAL_TRANSFER uid=2 cur=1 free=102890 locked=0
FE INTERNAL_TRANSFER uid=2 cur=1 free=104557 locked=0
FE INTERNAL_TRANSFER uid=2 cur=1 free=118425 locked=0
FE INTERNAL_TRANSFER uid=2 cur=1 free=120500 locked=0
FE INTERNAL_TRANSFER uid=2 cur=1 free=132292 locked=0
FE INTERNAL_TRANSFER uid=2 cur=1 free=133780 locked=0
FE INTERNAL_TRANSFER uid=2 cur=1 free=140180 locked=0
FE INTERNAL_TRANSFER uid=2 cur=1 free=149583 locked=0
FE INTERNAL_TRANSFER uid=2 cur=1 free=156635 locked=0
FE INTERNAL_TRANSFER uid=2 cur=1 free=157609 locked=0
FE INTERNAL_TRANSFER uid=2 cur=1 free=158799 locked=0
FE INTERNAL_TRANSFER uid=2 cur=1 free=183109 locked=0
FE INTERNAL_TRANSFER uid=2 cur=1 free=195609 locked=0
FE INTERNAL_TRANSFER uid=2 cur=1 free=88483 locked=0
FE INTERNAL_TRANSFER uid=2 cur=2 free=106427 locked=0
FE INTERNAL_TRANSFER uid=2 cur=2 free=109018 locked=0
FE INTERNAL_TRANSFER uid=2 cur=2 free=121240 locked=0
FE INTERNAL_TRANSFER uid=2 cur=2 free=122626 locked=0
FE INTERNAL_TRANSFER uid=2 cur=2 free=132693 locked=0
FE INTERNAL_TRANSFER uid=2 cur=2 free=148739 locked=0
FE INTERNAL_TRANSFER uid=2 cur=2 free=187129 locked=0
FE INTERNAL_TRANSFER uid=2 cur=2 free=208045 locked=0
FE INTERNAL_TRANSFER uid=2 cur=2 free=93445 locked=0
FE INTERNAL_TRANSFER uid=3 cur=1 free=110049 locked=0
FE INTERNAL_TRANSFER uid=3 cur=1 free=113146 locked=0
FE INTERNAL_TRANSFER uid=3 cur=1 free=117647 locked=0
FE INTERNAL_TRANSFER uid=3 cur=1 free=122549 locked=0
FE INTERNAL_TRANSFER uid=3 cur=1 free=25772 locked=0
FE INTERNAL_TRANSFER uid=3 cur=1 free=41307 locked=0
FE INTERNAL_TRANSFER uid=3 cur=1 free=44132 locked=0
FE INTERNAL_TRANSFER uid=3 cur=1 free=47494 locked=0
FE INTERNAL_TRANSFER uid=3 cur=1 free=53472 locked=0
FE INTERNAL_TRANSFER uid=3 cur=1 free=55714 locked=0
FE INTERNAL_TRANSFER uid=3 cur=1 free=71605 locked=0
FE INTERNAL_TRANSFER uid=3 cur=1 free=78491 locked=0
FE INTERNAL_TRANSFER uid=3 cur=1 free=79979 locked=0
FE INTERNAL_TRANSFER uid=3 cur=1 free=80096 locked=0
FE INTERNAL_TRANSFER uid=3 cur=1 free=95443 locked=0
FE INTERNAL_TRANSFER uid=3 cur=1 free=99228 locked=0
FE INTERNAL_TRANSFER uid=3 cur=2 free=114786 locked=0
FE INTERNAL_TRANSFER uid=3 cur=2 free=116784 locked=0
FE INTERNAL_TRANSFER uid=3 cur=2 free=116797 locked=0
FE INTERNAL_TRANSFER uid=3 cur=2 free=117397 locked=0
FE INTERNAL_TRANSFER uid=3 cur=2 free=127956 locked=0
FE INTERNAL_TRANSFER uid=3 cur=2 free=143063 locked=0
FE INTERNAL_TRANSFER uid=3 cur=2 free=65674 locked=0
FE INTERNAL_TRANSFER uid=3 cur=2 free=86590 locked=0
FE INTERNAL_TRANSFER uid=3 cur=2 free=89566 locked=0
FE INTERNAL_TRANSFER uid=4 cur=1 free=106187 locked=0
FE INTERNAL_TRANSFER uid=4 cur=1 free=32122 locked=0
FE INTERNAL_TRANSFER uid=4 cur=1 free=42943 locked=0
FE INTERNAL_TRANSFER uid=4 cur=1 free=61426 locked=0
FE INTERNAL_TRANSFER uid=4 cur=1 free=69452 locked=0
FE INTERNAL_TRANSFER uid=4 cur=1 free=85255 locked=0
FE INTERNAL_TRANSFER uid=4 cur=2 free=38055 locked=0
FE INTERNAL_TRANSFER uid=4 cur=2 free=61363 locked=0
FE INTERNAL_TRANSFER uid=4 cur=2 free=6570 locked=0
FE INTERNAL_TRANSFER uid=4 cur=2 free=77548 locked=0
FE INTERNAL_TRANSFER uid=4 cur=2 free=82603 locked=0
FE INTERNAL_TRANSFER uid=4 cur=2 free=89158 locked=0
FE INTERNAL_TRANSFER uid=4 cur=2 free=91156 locked=0
