R 2 SUCCESS
R 3 SUCCESS
R 4 SUCCESS
R 5 SUCCESS
R 6 SUCCESS
R 7 SUCCESS
R 8 SUCCESS
R 9 SUCCESS
R 10 SUCCESS
R 11 SUCCESS
R 12 SUCCESS
R 13 SUCCESS
R 14 SUCCESS
R 15 SUCCESS
R 16 RISK_NSF
R 17 SUCCESS
R 18 SUCCESS
R 19 SUCCESS
R 20 INTERNAL_TRANSFER_INVALID_SELF
R 21 SUCCESS
R 22 SUCCESS
R 23 SUCCESS
R 24 SUCCESS
R 25 SUCCESS
R 26 SUCCESS
R 27 SUCCESS
R 28 INTERNAL_TRANSFER_INVALID_SELF
R 29 SUCCESS
R 30 INTERNAL_TRANSFER_INVALID_SELF
R 31 SUCCESS
R 32 RISK_NSF
R 33 RISK_NSF
R 34 SUCCESS
R 35 SUCCESS
R 36 SUCCESS
R 37 SUCCESS
R 38 RISK_NSF
R 39 SUCCESS
R 40 INTERNAL_TRANSFER_INVALID_SELF
R 41 SUCCESS
R 42 SUCCESS
R 43 SUCCESS
R 44 SUCCESS
R 45 INTERNAL_TRANSFER_INVALID_SELF
R 46 SUCCESS
R 47 SUCCESS
R 48 SUCCESS
R 49 RISK_NSF
R 50 INTERNAL_TRANSFER_INVALID_SELF
R 51 SUCCESS
R 52 SUCCESS
R 53 INTERNAL_TRANSFER_INVALID_SELF
R 54 INTERNAL_TRANSFER_INVALID_SELF
R 55 SUCCESS
R 56 SUCCESS
R 57 INTERNAL_TRANSFER_INVALID_SELF
R 58 SUCCESS
R 59 INTERNAL_TRANSFER_INVALID_SELF
R 60 INTERNAL_TRANSFER_INVALID_SELF
R 61 INTERNAL_TRANSFER_INVALID_SELF
R 62 SUCCESS
R 63 INTERNAL_TRANSFER_INVALID_SELF
R 64 SUCCESS
R 65 SUCCESS
R 66 RISK_NSF
R 67 SUCCESS
R 68 SUCCESS
R 69 SUCCESS
R 70 INTERNAL_TRANSFER_INVALID_SELF
R 71 INTERNAL_TRANSFER_INVALID_SELF
R 72 SUCCESS
R 73 SUCCESS
STATE
A 1 1 90238
A 1 2 230344
A 2 1 152403
A 2 2 43601
A 3 1 131968
A 3 2 9801
A 4 1 25391
A 4 2 116254
EVENTS
FE DEPOSIT uid=1 cur=1 free=100000 locked=0
FE DEPOSIT uid=1 cur=2 free=100000 locked=0
FE DEPOSIT uid=2 cur=1 free=100000 locked=0
FE DEPOSIT uid=2 cur=2 free=100000 locked=0
FE DEPOSIT uid=3 cur=1 free=100000 locked=0
FE DEPOSIT uid=3 cur=2 free=100000 locked=0
FE DEPOSIT uid=4 cur=1 free=100000 locked=0
FE DEPOSIT uid=4 cur=2 free=100000 locked=0
FE INTERNAL_TRANSFER uid=1 cur=1 free=112729 locked=0
FE INTERNAL_TRANSFER uid=1 cur=1 free=120337 locked=0
FE INTERNAL_TRANSFER uid=1 cur=1 free=145839 locked=0
FE INTERNAL_TRANSFER uid=1 cur=1 free=149773 locked=0
FE INTERNAL_TRANSFER uid=1 cur=1 free=57978 locked=0
FE INTERNAL_TRANSFER uid=1 cur=1 free=64156 locked=0
FE INTERNAL_TRANSFER uid=1 cur=1 free=71308 locked=0
FE INTERNAL_TRANSFER uid=1 cur=1 free=76290 locked=0
FE INTERNAL_TRANSFER uid=1 cur=1 free=80728 locked=0
FE INTERNAL_TRANSFER uid=1 cur=1 free=90238 locked=0
FE INTERNAL_TRANSFER uid=1 cur=1 free=96832 locked=0
FE INTERNAL_TRANSFER uid=1 cur=2 free=130249 locked=0
FE INTERNAL_TRANSFER uid=1 cur=2 free=167642 locked=0
FE INTERNAL_TRANSFER uid=1 cur=2 free=169423 locked=0
FE INTERNAL_TRANSFER uid=1 cur=2 free=182368 locked=0
FE INTERNAL_TRANSFER uid=1 cur=2 free=199731 locked=0
FE INTERNAL_TRANSFER uid=1 cur=2 free=200121 locked=0
FE INTERNAL_TRANSFER uid=1 cur=2 free=211802 locked=0
FE INTERNAL_TRANSFER uid=1 cur=2 free=220803 locked=0
FE INTERNAL_TRANSFER uid=1 cur=2 free=224104 locked=0
FE INTERNAL_TRANSFER uid=1 cur=2 free=230253 locked=0
FE INTERNAL_TRANSFER uid=1 cur=2 free=230344 locked=0
FE INTERNAL_TRANSFER uid=1 cur=2 free=258851 locked=0
FE INTERNAL_TRANSFER uid=2 cur=1 free=109227 locked=0
FE INTERNAL_TRANSFER uid=2 cur=1 free=112625 locked=0
FE INTERNAL_TRANSFER uid=2 cur=1 free=115405 locked=0
FE INTERNAL_TRANSFER uid=2 cur=1 free=122967 locked=0
FE INTERNAL_TRANSFER uid=2 cur=1 free=125291 locked=0
FE INTERNAL_TRANSFER uid=2 cur=1 free=126901 locked=0
FE INTERNAL_TRANSFER uid=2 cur=1 free=132468 locked=0
FE INTERNAL_TRANSFER uid=2 cur=1 free=152403 locked=0
FE INTERNAL_TRANSFER uid=2 cur=1 free=92655 locked=0
FE INTERNAL_TRANSFER uid=2 cur=2 free=106028 locked=0
FE INTERNAL_TRANSFER uid=2 cur=2 free=109329 locked=0
FE INTERNAL_TRANSFER uid=2 cur=2 free=119046 locked=0
FE INTERNAL_TRANSFER uid=2 cur=2 free=136336 locked=0
FE INTERNAL_TRANSFER uid=2 cur=2 free=141850 locked=0
FE INTERNAL_TRANSFER uid=2 cur=2 free=156912 locked=0
FE INTERNAL_TRANSFER uid=2 cur=2 free=43601 locked=0
FE INTERNAL_TRANSFER uid=2 cur=2 free=44544 locked=0
FE INTERNAL_TRANSFER uid=2 cur=2 free=71281 locked=0
FE INTERNAL_TRANSFER uid=2 cur=2 free=74767 locked=0
FE INTERNAL_TRANSFER uid=3 cur=1 free=100285 locked=0
FE INTERNAL_TRANSFER uid=3 cur=1 free=101683 locked=0
FE INTERNAL_TRANSFER uid=3 cur=1 free=101869 locked=0
FE INTERNAL_TRANSFER uid=3 cur=1 free=108835 locked=0
FE INTERNAL_TRANSFER uid=3 cur=1 free=116145 locked=0
FE INTERNAL_TRANSFER uid=3 cur=1 free=131968 locked=0
FE INTERNAL_TRANSFER uid=3 cur=1 free=135722 locked=0
FE INTERNAL_TRANSFER uid=3 cur=1 free=56329 locked=0
FE INTERNAL_TRANSFER uid=3 cur=1 free=76159 locked=0
FE INTERNAL_TRANSFER uid=3 cur=1 free=87619 locked=0
FE INTERNAL_TRANSFER uid=3 cur=1 free=89439 locked=0
FE INTERNAL_TRANSFER uid=3 cur=2 free=13287 locked=0
FE INTERNAL_TRANSFER uid=3 cur=2 free=15068 locked=0
FE INTERNAL_TRANSFER uid=3 cur=2 free=31885 locked=0
FE INTERNAL_TRANSFER uid=3 cur=2 free=46947 locked=0
FE INTERNAL_TRANSFER uid=3 cur=2 free=52461 locked=0
FE INTERNAL_TRANSFER uid=3 cur=2 free=69751 locked=0
FE INTERNAL_TRANSFER uid=3 cur=2 free=9801 locked=0
FE INTERNAL_TRANSFER uid=4 cur=1 free=114483 locked=0
FE INTERNAL_TRANSFER uid=4 cur=1 free=117782 locked=0
FE INTERNAL_TRANSFER uid=4 cur=1 free=119465 locked=0
FE INTERNAL_TRANSFER uid=4 cur=1 free=123710 locked=0
FE INTERNAL_TRANSFER uid=4 cur=1 free=25391 locked=0
FE INTERNAL_TRANSFER uid=4 cur=1 free=41251 locked=0
FE INTERNAL_TRANSFER uid=4 cur=1 free=53145 locked=0
FE INTERNAL_TRANSFER uid=4 cur=1 free=5814 locked=0
FE INTERNAL_TRANSFER uid=4 cur=1 free=72541 locked=0
FE INTERNAL_TRANSFER uid=4 cur=1 free=85781 locked=0
FE INTERNAL_TRANSFER uid=4 cur=1 free=91242 locked=0
FE INTERNAL_TRANSFER uid=4 cur=2 free=103630 locked=0
FE INTERNAL_TRANSFER uid=4 cur=2 free=115311 locked=0
FE INTERNAL_TRANSFER uid=4 cur=2 free=116254 locked=0
FE INTERNAL_TRANSFER uid=4 cur=2 free=133064 locked=0
FE INTERNAL_TRANSFER uid=4 cur=2 free=56581 locked=0
FE INTERNAL_TRANSFER uid=4 cur=2 free=80954 locked=0
FE INTERNAL_TRANSFER uid=4 cur=2 free=85179 locked=0
