R 2 SUCCESS
R 3 SUCCESS
R 4 SUCCESS
R 5 SUCCESS
R 6 SUCCESS
R 7 SUCCESS
R 8 SUCCESS
R 9 SUCCESS
R 10 SUCCESS
R 11 SUCCESS
R 12 SUCCESS
R 13 SUCCESS
R 14 SUCCESS
R 15 SUCCESS
R 16 SUCCESS
R 17 SUCCESS
R 18 INTERNAL_TRANSFER_INVALID_SELF
R 19 SUCCESS
R 20 INTERNAL_TRANSFER_INVALID_SELF
R 21 SUCCESS
R 22 INTERNAL_TRANSFER_INVALID_SELF
R 23 INTERNAL_TRANSFER_INVALID_SELF
R 24 SUCCESS
R 25 SUCCESS
R 26 SUCCESS
R 27 SUCCESS
R 28 RISK_NSF
R 29 SUCCESS
R 30 SUCCESS
R 31 INTERNAL_TRANSFER_INVALID_SELF
R 32 SUCCESS
R 33 SUCCESS
R 34 SUCCESS
R 35 RISK_NSF
R 36 SUCCESS
R 37 SUCCESS
R 38 INTERNAL_TRANSFER_INVALID_SELF
R 39 RISK_NSF
R 40 SUCCESS
R 41 RISK_NSF
R 42 SUCCESS
R 43 SUCCESS
R 44 RISK_NSF
R 45 SUCCESS
R 46 RISK_NSF
R 47 INTERNAL_TRANSFER_INVALID_SELF
R 48 SUCCESS
R 49 INTERNAL_TRANSFER_INVALID_SELF
R 50 SUCCESS
R 51 SUCCESS
R 52 INTERNAL_TRANSFER_INVALID_SELF
R 53 RISK_NSF
R 54 INTERNAL_TRANSFER_INVALID_SELF
R 55 INTERNAL_TRANSFER_INVALID_SELF
R 56 SUCCESS
R 57 SUCCESS
R 58 SUCCESS
R 59 RISK_NSF
R 60 SUCCESS
R 61 SUCCESS
R 62 SUCCESS
R 63 INTERNAL_TRANSFER_INVALID_SELF
R 64 SUCCESS
R 65 SUCCESS
R 66 RISK_NSF
R 67 SUCCESS
R 68 SUCCESS
R 69 SUCCESS
R 70 SUCCESS
R 71 SUCCESS
R 72 SUCCESS
R 73 SUCCESS
STATE
A 1 1 145969
A 1 2 77265
A 2 1 10189
A 2 2 244113
A 3 1 62928
A 3 2 18818
A 4 1 180914
A 4 2 59804
EVENTS
FE DEPOSIT uid=1 cur=1 free=100000 locked=0
FE DEPOSIT uid=1 cur=2 free=100000 locked=0
FE DEPOSIT uid=2 cur=1 free=100000 locked=0
FE DEPOSIT uid=2 cur=2 free=100000 locked=0
FE DEPOSIT uid=3 cur=1 free=100000 locked=0
FE DEPOSIT uid=3 cur=2 free=100000 locked=0
FE DEPOSIT uid=4 cur=1 free=100000 locked=0
FE DEPOSIT uid=4 cur=2 free=100000 locked=0
FE INTERNAL_TRANSFER uid=1 cur=1 free=112204 locked=0
FE INTERNAL_TRANSFER uid=1 cur=1 free=123255 locked=0
FE INTERNAL_TRANSFER uid=1 cur=1 free=127375 locked=0
FE INTERNAL_TRANSFER uid=1 cur=1 free=145969 locked=0
FE INTERNAL_TRANSFER uid=1 cur=1 free=156985 locked=0
FE INTERNAL_TRANSFER uid=1 cur=1 free=180573 locked=0
FE INTERNAL_TRANSFER uid=1 cur=1 free=196901 locked=0
FE INTERNAL_TRANSFER uid=1 cur=2 free=123453 locked=0
FE INTERNAL_TRANSFER uid=1 cur=2 free=125974 locked=0
FE INTERNAL_TRANSFER uid=1 cur=2 free=131303 locked=0
FE INTERNAL_TRANSFER uid=1 cur=2 free=38252 locked=0
FE INTERNAL_TRANSFER uid=1 cur=2 free=73182 locked=0
FE INTERNAL_TRANSFER uid=1 cur=2 free=77265 locked=0
FE INTERNAL_TRANSFER uid=1 cur=2 free=99807 locked=0
FE INTERNAL_TRANSFER uid=2 cur=1 free=10189 locked=0
FE INTERNAL_TRANSFER uid=2 cur=1 free=14010 locked=0
FE INTERNAL_TRANSFER uid=2 cur=1 free=24255 locked=0
FE INTERNAL_TRANSFER uid=2 cur=1 free=45900 locked=0
FE INTERNAL_TRANSFER uid=2 cur=1 free=50020 locked=0
FE INTERNAL_TRANSFER uid=2 cur=1 free=67603 locked=0
FE INTERNAL_TRANSFER uid=2 cur=1 free=72398 locked=0
FE INTERNAL_TRANSFER uid=2 cur=1 free=73577 locked=0
FE INTERNAL_TRANSFER uid=2 cur=1 free=81940 locked=0
FE INTERNAL_TRANSFER uid=2 cur=1 free=82108 locked=0
FE INTERNAL_TRANSFER uid=2 cur=2 free=124373 locked=0
FE INTERNAL_TRANSFER uid=2 cur=2 free=147099 locked=0
FE INTERNAL_TRANSFER uid=2 cur=2 free=173266 locked=0
FE INTERNAL_TRANSFER uid=2 cur=2 free=190655 locked=0
FE INTERNAL_TRANSFER uid=2 cur=2 free=217280 locked=0
FE INTERNAL_TRANSFER uid=2 cur=2 free=221502 locked=0
FE INTERNAL_TRANSFER uid=2 cur=2 free=244113 locked=0
FE INTERNAL_TRANSFER uid=3 cur=1 free=117892 locked=0
FE INTERNAL_TRANSFER uid=3 cur=1 free=118060 locked=0
FE INTERNAL_TRANSFER uid=3 cur=1 free=126423 locked=0
FE INTERNAL_TRANSFER uid=3 cur=1 free=127602 locked=0
FE INTERNAL_TRANSFER uid=3 cur=1 free=132397 locked=0
FE INTERNAL_TRANSFER uid=3 cur=1 free=24503 locked=0
FE INTERNAL_TRANSFER uid=3 cur=1 free=26943 locked=0
FE INTERNAL_TRANSFER uid=3 cur=1 free=37188 locked=0
FE INTERNAL_TRANSFER uid=3 cur=1 free=59107 locked=0
FE INTERNAL_TRANSFER uid=3 cur=1 free=62928 locked=0
FE INTERNAL_TRANSFER uid=3 cur=1 free=66859 locked=0
FE INTERNAL_TRANSFER uid=3 cur=1 free=96846 locked=0
FE INTERNAL_TRANSFER uid=3 cur=2 free=102065 locked=0
FE INTERNAL_TRANSFER uid=3 cur=2 free=108 locked=0
FE INTERNAL_TRANSFER uid=3 cur=2 free=16894 locked=0
FE INTERNAL_TRANSFER uid=3 cur=2 free=17798 locked=0
FE INTERNAL_TRANSFER uid=3 cur=2 free=18818 locked=0
FE INTERNAL_TRANSFER uid=3 cur=2 free=22834 locked=0
FE INTERNAL_TRANSFER uid=3 cur=2 free=34146 locked=0
FE INTERNAL_TRANSFER uid=3 cur=2 free=41429 locked=0
FE INTERNAL_TRANSFER uid=3 cur=2 free=47602 locked=0
FE INTERNAL_TRANSFER uid=3 cur=2 free=51824 locked=0
FE INTERNAL_TRANSFER uid=3 cur=2 free=5504 locked=0
FE INTERNAL_TRANSFER uid=3 cur=2 free=61623 locked=0
FE INTERNAL_TRANSFER uid=3 cur=2 free=76547 locked=0
FE INTERNAL_TRANSFER uid=3 cur=2 free=8589 locked=0
FE INTERNAL_TRANSFER uid=3 cur=2 free=94215 locked=0
FE INTERNAL_TRANSFER uid=4 cur=1 free=100269 locked=0
FE INTERNAL_TRANSFER uid=4 cur=1 free=121914 locked=0
FE INTERNAL_TRANSFER uid=4 cur=1 free=129879 locked=0
FE INTERNAL_TRANSFER uid=4 cur=1 free=151901 locked=0
FE INTERNAL_TRANSFER uid=4 cur=1 free=168229 locked=0
FE INTERNAL_TRANSFER uid=4 cur=1 free=180914 locked=0
FE INTERNAL_TRANSFER uid=4 cur=1 free=76745 locked=0
FE INTERNAL_TRANSFER uid=4 cur=1 free=87796 locked=0
FE INTERNAL_TRANSFER uid=4 cur=1 free=99123 locked=0
FE INTERNAL_TRANSFER uid=4 cur=2 free=121423 locked=0
FE INTERNAL_TRANSFER uid=4 cur=2 free=121490 locked=0
FE INTERNAL_TRANSFER uid=4 cur=2 free=126819 locked=0
FE INTERNAL_TRANSFER uid=4 cur=2 free=50109 locked=0
FE INTERNAL_TRANSFER uid=4 cur=2 free=59804 locked=0
FE INTERNAL_TRANSFER uid=4 cur=2 free=74482 locked=0
FE INTERNAL_TRANSFER uid=4 cur=2 free=75392 locked=0
FE INTERNAL_TRANSFER uid=4 cur=2 free=82701 locked=0
FE INTERNAL_TRANSFER uid=4 cur=2 free=91740 locked=0
FE INTERNAL_TRANSFER uid=4 cur=2 free=92644 locked=0
FE INTERNAL_TRANSFER uid=4 cur=2 free=92781 locked=0
