R 2 SUCCESS
R 3 SUCCESS
R 4 SUCCESS
R 5 SUCCESS
R 6 SUCCESS
R 7 SUCCESS
R 8 SUCCESS
R 9 SUCCESS
R 10 SUCCESS
R 11 SUCCESS
R 12 SUCCESS
R 13 SUCCESS
R 14 SUCCESS
R 15 INTERNAL_TRANSFER_INVALID_SELF
R 16 INTERNAL_TRANSFER_INVALID_SELF
R 17 SUCCESS
R 18 SUCCESS
R 19 INTERNAL_TRANSFER_INVALID_SELF
R 20 INTERNAL_TRANSFER_INVALID_SELF
R 21 SUCCESS
R 22 SUCCESS
R 23 SUCCESS
R 24 SUCCESS
R 25 INTERNAL_TRANSFER_INVALID_SELF
R 26 SUCCESS
R 27 SUCCESS
R 28 INTERNAL_TRANSFER_INVALID_SELF
R 29 SUCCESS
R 30 SUCCESS
R 31 INTERNAL_TRANSFER_INVALID_SELF
R 32 SUCCESS
R 33 SUCCESS
R 34 RISK_NSF
R 35 RISK_NSF
R 36 INTERNAL_TRANSFER_INVALID_SELF
R 37 INTERNAL_TRANSFER_INVALID_SELF
R 38 INTERNAL_TRANSFER_INVALID_SELF
R 39 SUCCESS
R 40 SUCCESS
R 41 INTERNAL_TRANSFER_INVALID_SELF
R 42 RISK_NSF
R 43 SUCCESS
R 44 SUCCESS
R 45 INTERNAL_TRANSFER_INVALID_SELF
R 46 SUCCESS
R 47 INTERNAL_TRANSFER_INVALID_SELF
R 48 RISK_NSF
R 49 SUCCESS
R 50 RISK_NSF
R 51 INTERNAL_TRANSFER_INVALID_SELF
R 52 SUCCESS
R 53 SUCCESS
R 54 SUCCESS
R 55 SUCCESS
R 56 SUCCESS
R 57 SUCCESS
R 58 INTERNAL_TRANSFER_INVALID_SELF
R 59 RISK_NSF
R 60 RISK_NSF
R 61 SUCCESS
R 62 RISK_NSF
R 63 SUCCESS
R 64 SUCCESS
R 65 SUCCESS
R 66 SUCCESS
R 67 RISK_NSF
R 68 INTERNAL_TRANSFER_INVALID_SELF
R 69 INTERNAL_TRANSFER_INVALID_SELF
R 70 SUCCESS
R 71 SUCCESS
R 72 RISK_NSF
R 73 SUCCESS
STATE
A 1 1 127155
A 1 2 227890
A 2 1 57471
A 2 2 34614
A 3 1 126861
A 3 2 49094
A 4 1 88513
A 4 2 88402
EVENTS
FE DEPOSIT uid=1 cur=1 free=100000 locked=0
FE DEPOSIT uid=1 cur=2 free=100000 locked=0
FE DEPOSIT uid=2 cur=1 free=100000 locked=0
FE DEPOSIT uid=2 cur=2 free=100000 locked=0
FE DEPOSIT uid=3 cur=1 free=100000 locked=0
FE DEPOSIT uid=3 cur=2 free=100000 locked=0
FE DEPOSIT uid=4 cur=1 free=100000 locked=0
FE DEPOSIT uid=4 cur=2 free=100000 locked=0
FE INTERNAL_TRANSFER uid=1 cur=1 free=103642 locked=0
FE INTERNAL_TRANSFER uid=1 cur=1 free=106003 locked=0
FE INTERNAL_TRANSFER uid=1 cur=1 free=127155 locked=0
FE INTERNAL_TRANSFER uid=1 cur=1 free=22073 locked=0
FE INTERNAL_TRANSFER uid=1 cur=1 free=60307 locked=0
FE INTERNAL_TRANSFER uid=1 cur=1 free=60948 locked=0
FE INTERNAL_TRANSFER uid=1 cur=1 free=62267 locked=0
FE INTERNAL_TRANSFER uid=1 cur=1 free=71756 locked=0
FE INTERNAL_TRANSFER uid=1 cur=1 free=83486 locked=0
FE INTERNAL_TRANSFER uid=1 cur=1 free=86187 locked=0
FE INTERNAL_TRANSFER uid=1 cur=1 free=92846 locked=0
FE INTERNAL_TRANSFER uid=1 cur=2 free=107474 locked=0
FE INTERNAL_TRANSFER uid=1 cur=2 free=112032 locked=0
FE INTERNAL_TRANSFER uid=1 cur=2 free=133550 locked=0
FE INTERNAL_TRANSFER uid=1 cur=2 free=165135 locked=0
FE INTERNAL_TRANSFER uid=1 cur=2 free=178653 locked=0
FE INTERNAL_TRANSFER uid=1 cur=2 free=182533 locked=0
FE INTERNAL_TRANSFER uid=1 cur=2 free=212589 locked=0
FE INTERNAL_TRANSFER uid=1 cur=2 free=227890 locked=0
FE INTERNAL_TRANSFER uid=1 cur=2 free=80812 locked=0
FE INTERNAL_TRANSFER uid=2 cur=1 free=100017 locked=0
FE INTERNAL_TRANSFER uid=2 cur=1 free=139904 locked=0
FE INTERNAL_TRANSFER uid=2 cur=1 free=57471 locked=0
FE INTERNAL_TRANSFER uid=2 cur=1 free=92547 locked=0
FE INTERNAL_TRANSFER uid=2 cur=2 free=117349 locked=0
FE INTERNAL_TRANSFER uid=2 cur=2 free=23303 locked=0
FE INTERNAL_TRANSFER uid=2 cur=2 free=34614 locked=0
FE INTERNAL_TRANSFER uid=2 cur=2 free=40701 locked=0
FE INTERNAL_TRANSFER uid=2 cur=2 free=51185 locked=0
FE INTERNAL_TRANSFER uid=2 cur=2 free=85764 locked=0
FE INTERNAL_TRANSFER uid=2 cur=2 free=86129 locked=0
FE INTERNAL_TRANSFER uid=3 cur=1 free=117847 locked=0
FE INTERNAL_TRANSFER uid=3 cur=1 free=120654 locked=0
FE INTERNAL_TRANSFER uid=3 cur=1 free=120865 locked=0
FE INTERNAL_TRANSFER uid=3 cur=1 free=126861 locked=0
FE INTERNAL_TRANSFER uid=3 cur=1 free=128643 locked=0
FE INTERNAL_TRANSFER uid=3 cur=1 free=134678 locked=0
FE INTERNAL_TRANSFER uid=3 cur=1 free=138003 locked=0
FE INTERNAL_TRANSFER uid=3 cur=1 free=144500 locked=0
FE INTERNAL_TRANSFER uid=3 cur=1 free=148013 locked=0
FE INTERNAL_TRANSFER uid=3 cur=1 free=158598 locked=0
FE INTERNAL_TRANSFER uid=3 cur=1 free=160541 locked=0
FE INTERNAL_TRANSFER uid=3 cur=1 free=160558 locked=0
FE INTERNAL_TRANSFER uid=3 cur=2 free=113871 locked=0
FE INTERNAL_TRANSFER uid=3 cur=2 free=45214 locked=0
FE INTERNAL_TRANSFER uid=3 cur=2 free=49094 locked=0
FE INTERNAL_TRANSFER uid=3 cur=2 free=71104 locked=0
FE INTERNAL_TRANSFER uid=3 cur=2 free=97180 locked=0
FE INTERNAL_TRANSFER uid=4 cur=1 free=117369 locked=0
FE INTERNAL_TRANSFER uid=4 cur=1 free=122760 locked=0
FE INTERNAL_TRANSFER uid=4 cur=1 free=55798 locked=0
FE INTERNAL_TRANSFER uid=4 cur=1 free=59311 locked=0
FE INTERNAL_TRANSFER uid=4 cur=1 free=78494 locked=0
FE INTERNAL_TRANSFER uid=4 cur=1 free=79135 locked=0
FE INTERNAL_TRANSFER uid=4 cur=1 free=85964 locked=0
FE INTERNAL_TRANSFER uid=4 cur=1 free=88513 locked=0
FE INTERNAL_TRANSFER uid=4 cur=1 free=90874 locked=0
FE INTERNAL_TRANSFER uid=4 cur=2 free=103703 locked=0
FE INTERNAL_TRANSFER uid=4 cur=2 free=104659 locked=0
FE INTERNAL_TRANSFER uid=4 cur=2 free=112576 locked=0
FE INTERNAL_TRANSFER uid=4 cur=2 free=123060 locked=0
FE INTERNAL_TRANSFER uid=4 cur=2 free=137639 locked=0
FE INTERNAL_TRANSFER uid=4 cur=2 free=148950 locked=0
FE INTERNAL_TRANSFER uid=4 cur=2 free=77997 locked=0
FE INTERNAL_TRANSFER uid=4 cur=2 free=87968 locked=0
FE INTERNAL_TRANSFER uid=4 cur=2 free=88402 locked=0
