R 6 SUCCESS
R 7 SUCCESS
R 8 SUCCESS
R 9 SUCCESS
R 10 SUCCESS
R 11 SUCCESS
R 12 SUCCESS
R 13 SUCCESS
R 14 SUCCESS
R 15 SUCCESS
R 16 SUCCESS
R 17 SUCCESS
R 18 SUCCESS
R 19 SUCCESS
R 20 SUCCESS
R 21 LOAN_LTV_TOO_HIGH_AFTER_BORROW
R 22 SUCCESS
R 23 SUCCESS
R 24 SUCCESS
R 25 SUCCESS
R 26 SUCCESS
R 27 SUCCESS
R 28 LOAN_LTV_TOO_HIGH_AFTER_BORROW
R 29 SUCCESS
R 30 SUCCESS
R 31 SUCCESS
R 32 LOAN_COLLATERAL_EXCEEDS_LOAN
R 33 SUCCESS
R 34 SUCCESS
R 35 SUCCESS
R 36 SUCCESS
R 37 SUCCESS
R 38 SUCCESS
R 39 LOAN_LTV_TOO_HIGH_AFTER_BORROW
R 40 LOAN_NOT_FOUND
R 41 LOAN_COLLATERAL_EXCEEDS_LOAN
R 42 LOAN_LTV_TOO_HIGH_AFTER_BORROW
R 43 SUCCESS
R 44 SUCCESS
R 45 SUCCESS
R 46 SUCCESS
R 47 SUCCESS
R 48 SUCCESS
R 49 SUCCESS
R 50 SUCCESS
R 51 LOAN_LTV_TOO_HIGH_AFTER_BORROW
R 52 LOAN_LTV_TOO_HIGH_AFTER_BORROW
R 53 SUCCESS
R 54 LOAN_CROSS_LTV_TOO_HIGH_AFTER_WITHDRAW
R 55 SUCCESS
R 56 LOAN_NOT_FOUND
R 57 LOAN_LTV_TOO_HIGH_AFTER_BORROW
R 58 SUCCESS
R 59 SUCCESS
R 60 SUCCESS
R 61 SUCCESS
R 62 SUCCESS
R 63 SUCCESS
R 64 SUCCESS
R 65 SUCCESS
R 66 SUCCESS
R 67 SUCCESS
R 68 LOAN_CROSS_LTV_TOO_HIGH_AFTER_WITHDRAW
R 69 SUCCESS
R 70 LOAN_COLLATERAL_EXCEEDS_LOAN
R 71 SUCCESS
R 72 SUCCESS
R 73 SUCCESS
R 74 LOAN_NOT_FOUND
R 75 SUCCESS
R 76 SUCCESS
R 77 SUCCESS
R 78 SUCCESS
STATE
A 1 1 1000000
A 1 2 98485
A 2 1 1000000
A 2 2 81030
A 3 1 1000000
A 3 2 173867
A 4 1 1000000
A 4 2 314054
EVENTS
FE DEPOSIT uid=1 cur=1 free=1000000 locked=0
FE DEPOSIT uid=2 cur=1 free=1000000 locked=0
FE DEPOSIT uid=3 cur=1 free=1000000 locked=0
FE DEPOSIT uid=4 cur=1 free=1000000 locked=0
FE LOAN_BORROW uid=1 cur=2 free=153170 locked=0
FE LOAN_BORROW uid=1 cur=2 free=164034 locked=0
FE LOAN_BORROW uid=1 cur=2 free=200414 locked=0
FE LOAN_BORROW uid=1 cur=2 free=61709 locked=0
FE LOAN_BORROW uid=1 cur=2 free=85207 locked=0
FE LOAN_BORROW uid=2 cur=2 free=72018 locked=0
FE LOAN_BORROW uid=2 cur=2 free=81030 locked=0
FE LOAN_BORROW uid=3 cur=2 free=138730 locked=0
FE LOAN_BORROW uid=3 cur=2 free=173867 locked=0
FE LOAN_BORROW uid=3 cur=2 free=24302 locked=0
FE LOAN_BORROW uid=3 cur=2 free=6075 locked=0
FE LOAN_BORROW uid=3 cur=2 free=75232 locked=0
FE LOAN_BORROW uid=4 cur=2 free=120867 locked=0
FE LOAN_BORROW uid=4 cur=2 free=147873 locked=0
FE LOAN_BORROW uid=4 cur=2 free=161911 locked=0
FE LOAN_BORROW uid=4 cur=2 free=244323 locked=0
FE LOAN_BORROW uid=4 cur=2 free=314054 locked=0
FE LOAN_BORROW uid=4 cur=2 free=56120 locked=0
FE LOAN_COLLATERAL_CHANGE uid=1 cur=0 free=0 locked=0
FE LOAN_COLLATERAL_CHANGE uid=2 cur=0 free=0 locked=0
FE LOAN_COLLATERAL_CHANGE uid=2 cur=0 free=0 locked=0
FE LOAN_COLLATERAL_CHANGE uid=2 cur=0 free=0 locked=0
FE LOAN_COLLATERAL_CHANGE uid=2 cur=0 free=0 locked=0
FE LOAN_COLLATERAL_CHANGE uid=2 cur=0 free=0 locked=0
FE LOAN_COLLATERAL_CHANGE uid=2 cur=0 free=0 locked=0
FE LOAN_COLLATERAL_CHANGE uid=2 cur=0 free=0 locked=0
FE LOAN_COLLATERAL_CHANGE uid=3 cur=0 free=0 locked=0
FE LOAN_COLLATERAL_CHANGE uid=3 cur=0 free=0 locked=0
FE LOAN_COLLATERAL_CHANGE uid=3 cur=0 free=0 locked=0
FE LOAN_COLLATERAL_CHANGE uid=3 cur=0 free=0 locked=0
FE LOAN_COLLATERAL_CHANGE uid=4 cur=0 free=0 locked=0
FE LOAN_COLLATERAL_CHANGE uid=4 cur=0 free=0 locked=0
FE LOAN_COLLATERAL_CHANGE uid=4 cur=0 free=0 locked=0
FE LOAN_COLLATERAL_CHANGE uid=4 cur=0 free=0 locked=0
FE LOAN_COLLATERAL_CHANGE uid=4 cur=0 free=0 locked=0
FE LOAN_COLLATERAL_CHANGE uid=4 cur=0 free=0 locked=0
FE LOAN_COLLATERAL_CHANGE uid=4 cur=0 free=0 locked=0
FE LOAN_COLLATERAL_CHANGE uid=4 cur=0 free=0 locked=0
FE LOAN_COLLATERAL_CHANGE uid=4 cur=0 free=0 locked=0
FE LOAN_COLLATERAL_CHANGE uid=4 cur=0 free=0 locked=0
FE LOAN_COLLATERAL_CHANGE uid=4 cur=0 free=0 locked=0
FE LOAN_COLLATERAL_CHANGE uid=4 cur=0 free=0 locked=0
FE LOAN_COLLATERAL_CHANGE uid=4 cur=0 free=0 locked=0
FE LOAN_REPAY uid=1 cur=2 free=153170 locked=0
FE LOAN_REPAY uid=1 cur=2 free=98485 locked=0
FE LOAN_REPAY uid=2 cur=2 free=52045 locked=0
FE LOAN_REPAY uid=3 cur=2 free=0 locked=0
FE LOAN_REPAY uid=4 cur=2 free=123723 locked=0
FE LOAN_REPAY uid=4 cur=2 free=88897 locked=0
