R 6 SUCCESS
R 7 SUCCESS
R 8 SUCCESS
R 9 SUCCESS
R 10 SUCCESS
R 11 SUCCESS
R 12 SUCCESS
R 13 SUCCESS
R 14 SUCCESS
R 15 SUCCESS
R 16 SUCCESS
R 17 SUCCESS
R 18 SUCCESS
R 19 SUCCESS
R 20 LOAN_LTV_TOO_HIGH_AFTER_BORROW
R 21 SUCCESS
R 22 SUCCESS
R 23 SUCCESS
R 24 LOAN_LTV_TOO_HIGH_AFTER_BORROW
R 25 SUCCESS
R 26 SUCCESS
R 27 SUCCESS
R 28 SUCCESS
R 29 SUCCESS
R 30 SUCCESS
R 31 SUCCESS
R 32 SUCCESS
R 33 SUCCESS
R 34 SUCCESS
R 35 SUCCESS
R 36 SUCCESS
R 37 SUCCESS
R 38 SUCCESS
R 39 SUCCESS
R 40 LOAN_LTV_TOO_HIGH_AFTER_BORROW
R 41 LOAN_NOT_FOUND
R 42 SUCCESS
R 43 SUCCESS
R 44 SUCCESS
R 45 SUCCESS
R 46 SUCCESS
R 47 SUCCESS
R 48 LOAN_COLLATERAL_EXCEEDS_LOAN
R 49 SUCCESS
R 50 SUCCESS
R 51 SUCCESS
R 52 SUCCESS
R 53 SUCCESS
R 54 SUCCESS
R 55 SUCCESS
R 56 SUCCESS
R 57 SUCCESS
R 58 SUCCESS
R 59 SUCCESS
R 60 SUCCESS
R 61 SUCCESS
R 62 LOAN_COLLATERAL_EXCEEDS_LOAN
R 63 SUCCESS
R 64 SUCCESS
R 65 SUCCESS
R 66 SUCCESS
R 67 SUCCESS
R 68 SUCCESS
R 69 SUCCESS
R 70 LOAN_LTV_TOO_HIGH_AFTER_BORROW
R 71 SUCCESS
R 72 SUCCESS
R 73 SUCCESS
R 74 SUCCESS
R 75 SUCCESS
R 76 SUCCESS
R 77 SUCCESS
R 78 SUCCESS
STATE
A 1 1 1000000
A 1 2 45260
A 2 1 1000000
A 2 2 49209
A 3 1 1000000
A 3 2 256781
A 4 1 1000000
A 4 2 340041
EVENTS
FE DEPOSIT uid=1 cur=1 free=1000000 locked=0
FE DEPOSIT uid=2 cur=1 free=1000000 locked=0
FE DEPOSIT uid=3 cur=1 free=1000000 locked=0
FE DEPOSIT uid=4 cur=1 free=1000000 locked=0
FE LOAN_BORROW uid=1 cur=2 free=137729 locked=0
FE LOAN_BORROW uid=1 cur=2 free=159715 locked=0
FE LOAN_BORROW uid=1 cur=2 free=29463 locked=0
FE LOAN_BORROW uid=1 cur=2 free=96571 locked=0
FE LOAN_BORROW uid=2 cur=2 free=49209 locked=0
FE LOAN_BORROW uid=2 cur=2 free=64399 locked=0
FE LOAN_BORROW uid=3 cur=2 free=152652 locked=0
FE LOAN_BORROW uid=3 cur=2 free=211010 locked=0
FE LOAN_BORROW uid=3 cur=2 free=256781 locked=0
FE LOAN_BORROW uid=3 cur=2 free=54129 locked=0
FE LOAN_BORROW uid=3 cur=2 free=76490 locked=0
FE LOAN_BORROW uid=4 cur=2 free=173354 locked=0
FE LOAN_BORROW uid=4 cur=2 free=190515 locked=0
FE LOAN_BORROW uid=4 cur=2 free=193929 locked=0
FE LOAN_BORROW uid=4 cur=2 free=241644 locked=0
FE LOAN_BORROW uid=4 cur=2 free=292720 locked=0
FE LOAN_BORROW uid=4 cur=2 free=324210 locked=0
FE LOAN_BORROW uid=4 cur=2 free=340041 locked=0
FE LOAN_BORROW uid=4 cur=2 free=96440 locked=0
FE LOAN_COLLATERAL_CHANGE uid=1 cur=0 free=0 locked=0
FE LOAN_COLLATERAL_CHANGE uid=1 cur=0 free=0 locked=0
FE LOAN_COLLATERAL_CHANGE uid=1 cur=0 free=0 locked=0
FE LOAN_COLLATERAL_CHANGE uid=1 cur=0 free=0 locked=0
FE LOAN_COLLATERAL_CHANGE uid=1 cur=0 free=0 locked=0
FE LOAN_COLLATERAL_CHANGE uid=1 cur=0 free=0 locked=0
FE LOAN_COLLATERAL_CHANGE uid=2 cur=0 free=0 locked=0
FE LOAN_COLLATERAL_CHANGE uid=2 cur=0 free=0 locked=0
FE LOAN_COLLATERAL_CHANGE uid=2 cur=0 free=0 locked=0
FE LOAN_COLLATERAL_CHANGE uid=2 cur=0 free=0 locked=0
FE LOAN_COLLATERAL_CHANGE uid=2 cur=0 free=0 locked=0
FE LOAN_COLLATERAL_CHANGE uid=2 cur=0 free=0 locked=0
FE LOAN_COLLATERAL_CHANGE uid=2 cur=0 free=0 locked=0
FE LOAN_COLLATERAL_CHANGE uid=2 cur=0 free=0 locked=0
FE LOAN_COLLATERAL_CHANGE uid=2 cur=0 free=0 locked=0
FE LOAN_COLLATERAL_CHANGE uid=2 cur=0 free=0 locked=0
FE LOAN_COLLATERAL_CHANGE uid=2 cur=0 free=0 locked=0
FE LOAN_COLLATERAL_CHANGE uid=3 cur=0 free=0 locked=0
FE LOAN_COLLATERAL_CHANGE uid=3 cur=0 free=0 locked=0
FE LOAN_COLLATERAL_CHANGE uid=3 cur=0 free=0 locked=0
FE LOAN_COLLATERAL_CHANGE uid=3 cur=0 free=0 locked=0
FE LOAN_COLLATERAL_CHANGE uid=3 cur=0 free=0 locked=0
FE LOAN_COLLATERAL_CHANGE uid=3 cur=0 free=0 locked=0
FE LOAN_COLLATERAL_CHANGE uid=3 cur=0 free=0 locked=0
FE LOAN_COLLATERAL_CHANGE uid=4 cur=0 free=0 locked=0
FE LOAN_COLLATERAL_CHANGE uid=4 cur=0 free=0 locked=0
FE LOAN_COLLATERAL_CHANGE uid=4 cur=0 free=0 locked=0
FE LOAN_COLLATERAL_CHANGE uid=4 cur=0 free=0 locked=0
FE LOAN_COLLATERAL_CHANGE uid=4 cur=0 free=0 locked=0
FE LOAN_COLLATERAL_CHANGE uid=4 cur=0 free=0 locked=0
FE LOAN_COLLATERAL_CHANGE uid=4 cur=0 free=0 locked=0
FE LOAN_REPAY uid=1 cur=2 free=108404 locked=0
FE LOAN_REPAY uid=1 cur=2 free=122432 locked=0
FE LOAN_REPAY uid=1 cur=2 free=45260 locked=0
FE LOAN_REPAY uid=1 cur=2 free=92607 locked=0
FE LOAN_REPAY uid=2 cur=2 free=49209 locked=0
FE LOAN_REPAY uid=3 cur=2 free=13494 locked=0
FE LOAN_REPAY uid=4 cur=2 free=153596 locked=0
